Archive member included to satisfy reference by file (symbol)

c:/program files (x86)/atollic/truestudio for stm32 9.3.0/armtools/bin/../lib/gcc/arm-atollic-eabi/6.3.1/../../../../arm-atollic-eabi/lib/armv7e-m/fpu/fpv5-d16\libc_nano.a(lib_a-errno.o)
                              Src\syscalls.o (__errno)
c:/program files (x86)/atollic/truestudio for stm32 9.3.0/armtools/bin/../lib/gcc/arm-atollic-eabi/6.3.1/../../../../arm-atollic-eabi/lib/armv7e-m/fpu/fpv5-d16\libc_nano.a(lib_a-impure.o)
                              c:/program files (x86)/atollic/truestudio for stm32 9.3.0/armtools/bin/../lib/gcc/arm-atollic-eabi/6.3.1/../../../../arm-atollic-eabi/lib/armv7e-m/fpu/fpv5-d16\libc_nano.a(lib_a-errno.o) (_impure_ptr)
c:/program files (x86)/atollic/truestudio for stm32 9.3.0/armtools/bin/../lib/gcc/arm-atollic-eabi/6.3.1/../../../../arm-atollic-eabi/lib/armv7e-m/fpu/fpv5-d16\libc_nano.a(lib_a-init.o)
                              startup\startup_stm32f767xx.o (__libc_init_array)
c:/program files (x86)/atollic/truestudio for stm32 9.3.0/armtools/bin/../lib/gcc/arm-atollic-eabi/6.3.1/../../../../arm-atollic-eabi/lib/armv7e-m/fpu/fpv5-d16\libc_nano.a(lib_a-memset.o)
                              Src\eth.o (memset)
c:/program files (x86)/atollic/truestudio for stm32 9.3.0/armtools/bin/../lib/gcc/arm-atollic-eabi/6.3.1/../../../../arm-atollic-eabi/lib/armv7e-m/fpu/fpv5-d16\libc_nano.a(lib_a-printf.o)
                              Src\main.o (printf)
c:/program files (x86)/atollic/truestudio for stm32 9.3.0/armtools/bin/../lib/gcc/arm-atollic-eabi/6.3.1/../../../../arm-atollic-eabi/lib/armv7e-m/fpu/fpv5-d16\libc_nano.a(lib_a-findfp.o)
                              c:/program files (x86)/atollic/truestudio for stm32 9.3.0/armtools/bin/../lib/gcc/arm-atollic-eabi/6.3.1/../../../../arm-atollic-eabi/lib/armv7e-m/fpu/fpv5-d16\libc_nano.a(lib_a-printf.o) (__sinit)
c:/program files (x86)/atollic/truestudio for stm32 9.3.0/armtools/bin/../lib/gcc/arm-atollic-eabi/6.3.1/../../../../arm-atollic-eabi/lib/armv7e-m/fpu/fpv5-d16\libc_nano.a(lib_a-fwalk.o)
                              c:/program files (x86)/atollic/truestudio for stm32 9.3.0/armtools/bin/../lib/gcc/arm-atollic-eabi/6.3.1/../../../../arm-atollic-eabi/lib/armv7e-m/fpu/fpv5-d16\libc_nano.a(lib_a-findfp.o) (_fwalk)
c:/program files (x86)/atollic/truestudio for stm32 9.3.0/armtools/bin/../lib/gcc/arm-atollic-eabi/6.3.1/../../../../arm-atollic-eabi/lib/armv7e-m/fpu/fpv5-d16\libc_nano.a(lib_a-nano-mallocr.o)
                              c:/program files (x86)/atollic/truestudio for stm32 9.3.0/armtools/bin/../lib/gcc/arm-atollic-eabi/6.3.1/../../../../arm-atollic-eabi/lib/armv7e-m/fpu/fpv5-d16\libc_nano.a(lib_a-findfp.o) (_malloc_r)
c:/program files (x86)/atollic/truestudio for stm32 9.3.0/armtools/bin/../lib/gcc/arm-atollic-eabi/6.3.1/../../../../arm-atollic-eabi/lib/armv7e-m/fpu/fpv5-d16\libc_nano.a(lib_a-nano-vfprintf.o)
                              c:/program files (x86)/atollic/truestudio for stm32 9.3.0/armtools/bin/../lib/gcc/arm-atollic-eabi/6.3.1/../../../../arm-atollic-eabi/lib/armv7e-m/fpu/fpv5-d16\libc_nano.a(lib_a-printf.o) (_vfprintf_r)
c:/program files (x86)/atollic/truestudio for stm32 9.3.0/armtools/bin/../lib/gcc/arm-atollic-eabi/6.3.1/../../../../arm-atollic-eabi/lib/armv7e-m/fpu/fpv5-d16\libc_nano.a(lib_a-nano-vfprintf_i.o)
                              c:/program files (x86)/atollic/truestudio for stm32 9.3.0/armtools/bin/../lib/gcc/arm-atollic-eabi/6.3.1/../../../../arm-atollic-eabi/lib/armv7e-m/fpu/fpv5-d16\libc_nano.a(lib_a-nano-vfprintf.o) (_printf_i)
c:/program files (x86)/atollic/truestudio for stm32 9.3.0/armtools/bin/../lib/gcc/arm-atollic-eabi/6.3.1/../../../../arm-atollic-eabi/lib/armv7e-m/fpu/fpv5-d16\libc_nano.a(lib_a-sbrkr.o)
                              c:/program files (x86)/atollic/truestudio for stm32 9.3.0/armtools/bin/../lib/gcc/arm-atollic-eabi/6.3.1/../../../../arm-atollic-eabi/lib/armv7e-m/fpu/fpv5-d16\libc_nano.a(lib_a-nano-mallocr.o) (_sbrk_r)
c:/program files (x86)/atollic/truestudio for stm32 9.3.0/armtools/bin/../lib/gcc/arm-atollic-eabi/6.3.1/../../../../arm-atollic-eabi/lib/armv7e-m/fpu/fpv5-d16\libc_nano.a(lib_a-stdio.o)
                              c:/program files (x86)/atollic/truestudio for stm32 9.3.0/armtools/bin/../lib/gcc/arm-atollic-eabi/6.3.1/../../../../arm-atollic-eabi/lib/armv7e-m/fpu/fpv5-d16\libc_nano.a(lib_a-findfp.o) (__sread)
c:/program files (x86)/atollic/truestudio for stm32 9.3.0/armtools/bin/../lib/gcc/arm-atollic-eabi/6.3.1/../../../../arm-atollic-eabi/lib/armv7e-m/fpu/fpv5-d16\libc_nano.a(lib_a-wbuf.o)
                              c:/program files (x86)/atollic/truestudio for stm32 9.3.0/armtools/bin/../lib/gcc/arm-atollic-eabi/6.3.1/../../../../arm-atollic-eabi/lib/armv7e-m/fpu/fpv5-d16\libc_nano.a(lib_a-nano-vfprintf.o) (__swbuf_r)
[...]
Memory Configuration

Name             Origin             Length             Attributes
RAM              0x20000000         0x00080000         xrw
FLASH            0x08000000         0x00200000         xr
*default*        0x00000000         0xffffffff

Linker script and memory map

LOAD c:/program files (x86)/atollic/truestudio for stm32 9.3.0/armtools/bin/../lib/gcc/arm-atollic-eabi/6.3.1/armv7e-m/fpu/fpv5-d16/crti.o
LOAD c:/program files (x86)/atollic/truestudio for stm32 9.3.0/armtools/bin/../lib/gcc/arm-atollic-eabi/6.3.1/armv7e-m/fpu/fpv5-d16/crtbegin.o
LOAD Drivers\STM32F7xx_HAL_Driver\Src\stm32f7xx_hal.o
LOAD Drivers\STM32F7xx_HAL_Driver\Src\stm32f7xx_hal_cortex.o
LOAD Drivers\STM32F7xx_HAL_Driver\Src\stm32f7xx_hal_dma.o
LOAD Drivers\STM32F7xx_HAL_Driver\Src\stm32f7xx_hal_dma_ex.o
LOAD Drivers\STM32F7xx_HAL_Driver\Src\stm32f7xx_hal_eth.o
LOAD Drivers\STM32F7xx_HAL_Driver\Src\stm32f7xx_hal_exti.o
LOAD Drivers\STM32F7xx_HAL_Driver\Src\stm32f7xx_hal_flash.o
LOAD Drivers\STM32F7xx_HAL_Driver\Src\stm32f7xx_hal_flash_ex.o
LOAD Drivers\STM32F7xx_HAL_Driver\Src\stm32f7xx_hal_gpio.o
LOAD Drivers\STM32F7xx_HAL_Driver\Src\stm32f7xx_hal_i2c.o
LOAD Drivers\STM32F7xx_HAL_Driver\Src\stm32f7xx_hal_i2c_ex.o
LOAD Drivers\STM32F7xx_HAL_Driver\Src\stm32f7xx_hal_pcd.o
LOAD Drivers\STM32F7xx_HAL_Driver\Src\stm32f7xx_hal_pcd_ex.o
LOAD Drivers\STM32F7xx_HAL_Driver\Src\stm32f7xx_hal_pwr.o
LOAD Drivers\STM32F7xx_HAL_Driver\Src\stm32f7xx_hal_pwr_ex.o
LOAD Drivers\STM32F7xx_HAL_Driver\Src\stm32f7xx_hal_rcc.o
LOAD Drivers\STM32F7xx_HAL_Driver\Src\stm32f7xx_hal_rcc_ex.o
LOAD Drivers\STM32F7xx_HAL_Driver\Src\stm32f7xx_hal_tim.o
LOAD Drivers\STM32F7xx_HAL_Driver\Src\stm32f7xx_hal_tim_ex.o
LOAD Drivers\STM32F7xx_HAL_Driver\Src\stm32f7xx_hal_uart.o
LOAD Drivers\STM32F7xx_HAL_Driver\Src\stm32f7xx_hal_uart_ex.o
LOAD Drivers\STM32F7xx_HAL_Driver\Src\stm32f7xx_ll_usb.o
LOAD Src\eth.o
LOAD Src\gpio.o
LOAD Src\main.o
LOAD Src\stm32f7xx_hal_msp.o
LOAD Src\stm32f7xx_it.o
LOAD Src\sys.o
LOAD Src\syscalls.o
LOAD Src\system_stm32f7xx.o
LOAD Src\tim.o
LOAD Src\usart.o
LOAD Src\usb_otg.o
LOAD startup\startup_stm32f767xx.o
                0x00000080                malloc_getpagesize_P = 0x80
START GROUP
LOAD c:/program files (x86)/atollic/truestudio for stm32 9.3.0/armtools/bin/../lib/gcc/arm-atollic-eabi/6.3.1/../../../../arm-atollic-eabi/lib/armv7e-m/fpu/fpv5-d16\libc_nano.a
LOAD c:/program files (x86)/atollic/truestudio for stm32 9.3.0/armtools/bin/../lib/gcc/arm-atollic-eabi/6.3.1/../../../../arm-atollic-eabi/lib/armv7e-m/fpu/fpv5-d16\libm.a
END GROUP
START GROUP
LOAD c:/program files (x86)/atollic/truestudio for stm32 9.3.0/armtools/bin/../lib/gcc/arm-atollic-eabi/6.3.1/armv7e-m/fpu/fpv5-d16\libgcc.a
LOAD c:/program files (x86)/atollic/truestudio for stm32 9.3.0/armtools/bin/../lib/gcc/arm-atollic-eabi/6.3.1/../../../../arm-atollic-eabi/lib/armv7e-m/fpu/fpv5-d16\libc_nano.a
END GROUP
START GROUP
LOAD c:/program files (x86)/atollic/truestudio for stm32 9.3.0/armtools/bin/../lib/gcc/arm-atollic-eabi/6.3.1/armv7e-m/fpu/fpv5-d16\libgcc.a
LOAD c:/program files (x86)/atollic/truestudio for stm32 9.3.0/armtools/bin/../lib/gcc/arm-atollic-eabi/6.3.1/../../../../arm-atollic-eabi/lib/armv7e-m/fpu/fpv5-d16\libc_nano.a
LOAD c:/program files (x86)/atollic/truestudio for stm32 9.3.0/armtools/bin/../lib/gcc/arm-atollic-eabi/6.3.1/../../../../arm-atollic-eabi/lib/armv7e-m/fpu/fpv5-d16\libnosys.a
END GROUP
START GROUP
LOAD c:/program files (x86)/atollic/truestudio for stm32 9.3.0/armtools/bin/../lib/gcc/arm-atollic-eabi/6.3.1/armv7e-m/fpu/fpv5-d16\libgcc.a
LOAD c:/program files (x86)/atollic/truestudio for stm32 9.3.0/armtools/bin/../lib/gcc/arm-atollic-eabi/6.3.1/../../../../arm-atollic-eabi/lib/armv7e-m/fpu/fpv5-d16\libc_nano.a
LOAD c:/program files (x86)/atollic/truestudio for stm32 9.3.0/armtools/bin/../lib/gcc/arm-atollic-eabi/6.3.1/../../../../arm-atollic-eabi/lib/armv7e-m/fpu/fpv5-d16\libnosys.a
END GROUP
LOAD c:/program files (x86)/atollic/truestudio for stm32 9.3.0/armtools/bin/../lib/gcc/arm-atollic-eabi/6.3.1/armv7e-m/fpu/fpv5-d16/crtend.o
LOAD c:/program files (x86)/atollic/truestudio for stm32 9.3.0/armtools/bin/../lib/gcc/arm-atollic-eabi/6.3.1/armv7e-m/fpu/fpv5-d16/crtn.o
                0x20080000                _estack = 0x20080000
                0x00000200                _Min_Heap_Size = 0x200
                0x00000400                _Min_Stack_Size = 0x400

.isr_vector     0x08000000      0x1f8
                0x08000000                . = ALIGN (0x4)
 *(.isr_vector)
 .isr_vector    0x08000000      0x1f8 startup\startup_stm32f767xx.o
                0x08000000                g_pfnVectors
                0x080001f8                . = ALIGN (0x4)

.text           0x08000200     0x37c4
                0x08000200                . = ALIGN (0x4)
 *(.text)
 .text          0x08000200       0x40 c:/program files (x86)/atollic/truestudio for stm32 9.3.0/armtools/bin/../lib/gcc/arm-atollic-eabi/6.3.1/armv7e-m/fpu/fpv5-d16/crtbegin.o
 .text          0x08000240       0xa0 c:/program files (x86)/atollic/truestudio for stm32 9.3.0/armtools/bin/../lib/gcc/arm-atollic-eabi/6.3.1/../../../../arm-atollic-eabi/lib/armv7e-m/fpu/fpv5-d16\libc_nano.a(lib_a-memchr.o)
                0x08000240                memchr
 .text          0x080002e0       0x30 c:/program files (x86)/atollic/truestudio for stm32 9.3.0/armtools/bin/../lib/gcc/arm-atollic-eabi/6.3.1/armv7e-m/fpu/fpv5-d16\libgcc.a(_aeabi_uldivmod.o)
                0x080002e0                __aeabi_uldivmod
 .text          0x08000310      0x2dc c:/program files (x86)/atollic/truestudio for stm32 9.3.0/armtools/bin/../lib/gcc/arm-atollic-eabi/6.3.1/armv7e-m/fpu/fpv5-d16\libgcc.a(_udivmoddi4.o)
                0x08000310                __udivmoddi4
 .text          0x080005ec        0x4 c:/program files (x86)/atollic/truestudio for stm32 9.3.0/armtools/bin/../lib/gcc/arm-atollic-eabi/6.3.1/armv7e-m/fpu/fpv5-d16\libgcc.a(_dvmd_tls.o)
                0x080005ec                __aeabi_idiv0
                0x080005ec                __aeabi_ldiv0
 *(.text*)
 .text.HAL_InitTick
                0x080005f0       0x48 Drivers\STM32F7xx_HAL_Driver\Src\stm32f7xx_hal.o
                0x080005f0                HAL_InitTick
 .text.HAL_Init
                0x08000638       0x16 Drivers\STM32F7xx_HAL_Driver\Src\stm32f7xx_hal.o
                0x08000638                HAL_Init
 *fill*         0x0800064e        0x2 
 .text.HAL_IncTick
                0x08000650       0x18 Drivers\STM32F7xx_HAL_Driver\Src\stm32f7xx_hal.o
                0x08000650                HAL_IncTick
 .text.HAL_GetTick
                0x08000668        0xc Drivers\STM32F7xx_HAL_Driver\Src\stm32f7xx_hal.o
                0x08000668                HAL_GetTick
 .text.HAL_Delay
                0x08000674       0x24 Drivers\STM32F7xx_HAL_Driver\Src\stm32f7xx_hal.o
                0x08000674                HAL_Delay
 .text.HAL_NVIC_SetPriorityGrouping
                0x08000698       0x24 Drivers\STM32F7xx_HAL_Driver\Src\stm32f7xx_hal_cortex.o
                0x08000698                HAL_NVIC_SetPriorityGrouping
 .text.HAL_NVIC_SetPriority
                0x080006bc       0x70 Drivers\STM32F7xx_HAL_Driver\Src\stm32f7xx_hal_cortex.o
                0x080006bc                HAL_NVIC_SetPriority
 .text.HAL_NVIC_EnableIRQ
                0x0800072c       0x1c Drivers\STM32F7xx_HAL_Driver\Src\stm32f7xx_hal_cortex.o
                0x0800072c                HAL_NVIC_EnableIRQ
 .text.HAL_SYSTICK_Config
                0x08000748       0x2c Drivers\STM32F7xx_HAL_Driver\Src\stm32f7xx_hal_cortex.o
                0x08000748                HAL_SYSTICK_Config
 .text.ETH_MACDMAConfig
                0x08000774       0xf8 Drivers\STM32F7xx_HAL_Driver\Src\stm32f7xx_hal_eth.o
 .text.HAL_ETH_ReadPHYRegister
                0x0800086c       0x74 Drivers\STM32F7xx_HAL_Driver\Src\stm32f7xx_hal_eth.o
                0x0800086c                HAL_ETH_ReadPHYRegister
 .text.HAL_ETH_WritePHYRegister
                0x080008e0       0x6e Drivers\STM32F7xx_HAL_Driver\Src\stm32f7xx_hal_eth.o
                0x080008e0                HAL_ETH_WritePHYRegister
 *fill*         0x0800094e        0x2 
 .text.HAL_ETH_Init
                0x08000950      0x1f4 Drivers\STM32F7xx_HAL_Driver\Src\stm32f7xx_hal_eth.o
                0x08000950                HAL_ETH_Init
 .text.HAL_GPIO_Init
                0x08000b44      0x1d4 Drivers\STM32F7xx_HAL_Driver\Src\stm32f7xx_hal_gpio.o
                0x08000b44                HAL_GPIO_Init
 .text.HAL_GPIO_ReadPin
                0x08000d18        0xc Drivers\STM32F7xx_HAL_Driver\Src\stm32f7xx_hal_gpio.o
                0x08000d18                HAL_GPIO_ReadPin
 .text.HAL_GPIO_WritePin
                0x08000d24        0xa Drivers\STM32F7xx_HAL_Driver\Src\stm32f7xx_hal_gpio.o
                0x08000d24                HAL_GPIO_WritePin
 .text.HAL_GPIO_TogglePin
                0x08000d2e        0xe Drivers\STM32F7xx_HAL_Driver\Src\stm32f7xx_hal_gpio.o
                0x08000d2e                HAL_GPIO_TogglePin
 .text.HAL_GPIO_EXTI_IRQHandler
                0x08000d3c       0x18 Drivers\STM32F7xx_HAL_Driver\Src\stm32f7xx_hal_gpio.o
                0x08000d3c                HAL_GPIO_EXTI_IRQHandler
 .text.HAL_PCD_Init
                0x08000d54      0x10a Drivers\STM32F7xx_HAL_Driver\Src\stm32f7xx_hal_pcd.o
                0x08000d54                HAL_PCD_Init
 .text.HAL_PCDEx_ActivateLPM
                0x08000e5e       0x26 Drivers\STM32F7xx_HAL_Driver\Src\stm32f7xx_hal_pcd_ex.o
                0x08000e5e                HAL_PCDEx_ActivateLPM
 .text.HAL_PWR_EnableBkUpAccess
                0x08000e84       0x10 Drivers\STM32F7xx_HAL_Driver\Src\stm32f7xx_hal_pwr.o
                0x08000e84                HAL_PWR_EnableBkUpAccess
 .text.HAL_PWREx_EnableOverDrive
                0x08000e94       0x70 Drivers\STM32F7xx_HAL_Driver\Src\stm32f7xx_hal_pwr_ex.o
                0x08000e94                HAL_PWREx_EnableOverDrive
 .text.HAL_RCC_OscConfig
                0x08000f04      0x328 Drivers\STM32F7xx_HAL_Driver\Src\stm32f7xx_hal_rcc.o
                0x08000f04                HAL_RCC_OscConfig
 .text.HAL_RCC_GetSysClockFreq
                0x0800122c       0x5c Drivers\STM32F7xx_HAL_Driver\Src\stm32f7xx_hal_rcc.o
                0x0800122c                HAL_RCC_GetSysClockFreq
 .text.HAL_RCC_ClockConfig
                0x08001288      0x13c Drivers\STM32F7xx_HAL_Driver\Src\stm32f7xx_hal_rcc.o
                0x08001288                HAL_RCC_ClockConfig
 .text.HAL_RCC_GetHCLKFreq
                0x080013c4        0xc Drivers\STM32F7xx_HAL_Driver\Src\stm32f7xx_hal_rcc.o
                0x080013c4                HAL_RCC_GetHCLKFreq
 .text.HAL_RCC_GetPCLK1Freq
                0x080013d0       0x20 Drivers\STM32F7xx_HAL_Driver\Src\stm32f7xx_hal_rcc.o
                0x080013d0                HAL_RCC_GetPCLK1Freq
 .text.HAL_RCC_GetPCLK2Freq
                0x080013f0       0x20 Drivers\STM32F7xx_HAL_Driver\Src\stm32f7xx_hal_rcc.o
                0x080013f0                HAL_RCC_GetPCLK2Freq
 .text.HAL_RCCEx_PeriphCLKConfig
                0x08001410      0x55c Drivers\STM32F7xx_HAL_Driver\Src\stm32f7xx_hal_rcc_ex.o
                0x08001410                HAL_RCCEx_PeriphCLKConfig
 .text.HAL_TIM_Base_Start_IT
                0x0800196c       0x2c Drivers\STM32F7xx_HAL_Driver\Src\stm32f7xx_hal_tim.o
                0x0800196c                HAL_TIM_Base_Start_IT
 .text.HAL_TIM_OC_DelayElapsedCallback
                0x08001998        0x2 Drivers\STM32F7xx_HAL_Driver\Src\stm32f7xx_hal_tim.o
                0x08001998                HAL_TIM_OC_DelayElapsedCallback
 .text.HAL_TIM_IC_CaptureCallback
                0x0800199a        0x2 Drivers\STM32F7xx_HAL_Driver\Src\stm32f7xx_hal_tim.o
                0x0800199a                HAL_TIM_IC_CaptureCallback
 .text.HAL_TIM_PWM_PulseFinishedCallback
                0x0800199c        0x2 Drivers\STM32F7xx_HAL_Driver\Src\stm32f7xx_hal_tim.o
                0x0800199c                HAL_TIM_PWM_PulseFinishedCallback
 .text.HAL_TIM_TriggerCallback
                0x0800199e        0x2 Drivers\STM32F7xx_HAL_Driver\Src\stm32f7xx_hal_tim.o
                0x0800199e                HAL_TIM_TriggerCallback
 .text.HAL_TIM_IRQHandler
                0x080019a0      0x160 Drivers\STM32F7xx_HAL_Driver\Src\stm32f7xx_hal_tim.o
                0x080019a0                HAL_TIM_IRQHandler
 .text.TIM_Base_SetConfig
                0x08001b00       0xcc Drivers\STM32F7xx_HAL_Driver\Src\stm32f7xx_hal_tim.o
                0x08001b00                TIM_Base_SetConfig
 .text.HAL_TIM_Base_Init
                0x08001bcc       0x34 Drivers\STM32F7xx_HAL_Driver\Src\stm32f7xx_hal_tim.o
                0x08001bcc                HAL_TIM_Base_Init
 .text.HAL_TIMEx_MasterConfigSynchronization
                0x08001c00       0x58 Drivers\STM32F7xx_HAL_Driver\Src\stm32f7xx_hal_tim_ex.o
                0x08001c00                HAL_TIMEx_MasterConfigSynchronization
 .text.HAL_TIMEx_CommutCallback
                0x08001c58        0x2 Drivers\STM32F7xx_HAL_Driver\Src\stm32f7xx_hal_tim_ex.o
                0x08001c58                HAL_TIMEx_CommutCallback
 .text.HAL_TIMEx_BreakCallback
                0x08001c5a        0x2 Drivers\STM32F7xx_HAL_Driver\Src\stm32f7xx_hal_tim_ex.o
                0x08001c5a                HAL_TIMEx_BreakCallback
 .text.HAL_TIMEx_Break2Callback
                0x08001c5c        0x2 Drivers\STM32F7xx_HAL_Driver\Src\stm32f7xx_hal_tim_ex.o
                0x08001c5c                HAL_TIMEx_Break2Callback
 *fill*         0x08001c5e        0x2 
 .text.UART_SetConfig
                0x08001c60      0x288 Drivers\STM32F7xx_HAL_Driver\Src\stm32f7xx_hal_uart.o
                0x08001c60                UART_SetConfig
 .text.UART_AdvFeatureConfig
                0x08001ee8       0xaa Drivers\STM32F7xx_HAL_Driver\Src\stm32f7xx_hal_uart.o
                0x08001ee8                UART_AdvFeatureConfig
 .text.UART_WaitOnFlagUntilTimeout
                0x08001f92       0x5e Drivers\STM32F7xx_HAL_Driver\Src\stm32f7xx_hal_uart.o
                0x08001f92                UART_WaitOnFlagUntilTimeout
 .text.HAL_UART_Transmit
                0x08001ff0       0xae Drivers\STM32F7xx_HAL_Driver\Src\stm32f7xx_hal_uart.o
                0x08001ff0                HAL_UART_Transmit
 .text.UART_CheckIdleState
                0x0800209e       0x40 Drivers\STM32F7xx_HAL_Driver\Src\stm32f7xx_hal_uart.o
                0x0800209e                UART_CheckIdleState
 .text.HAL_UART_Init
                0x080020de       0x5c Drivers\STM32F7xx_HAL_Driver\Src\stm32f7xx_hal_uart.o
                0x080020de                HAL_UART_Init
 *fill*         0x0800213a        0x2 
 .text.USB_CoreReset
                0x0800213c       0x30 Drivers\STM32F7xx_HAL_Driver\Src\stm32f7xx_ll_usb.o
 .text.USB_CoreInit
                0x0800216c       0x76 Drivers\STM32F7xx_HAL_Driver\Src\stm32f7xx_ll_usb.o
                0x0800216c                USB_CoreInit
 .text.USB_DisableGlobalInt
                0x080021e2        0xc Drivers\STM32F7xx_HAL_Driver\Src\stm32f7xx_ll_usb.o
                0x080021e2                USB_DisableGlobalInt
 .text.USB_SetCurrentMode
                0x080021ee       0x2e Drivers\STM32F7xx_HAL_Driver\Src\stm32f7xx_ll_usb.o
                0x080021ee                USB_SetCurrentMode
 .text.USB_FlushTxFifo
                0x0800221c       0x24 Drivers\STM32F7xx_HAL_Driver\Src\stm32f7xx_ll_usb.o
                0x0800221c                USB_FlushTxFifo
 .text.USB_FlushRxFifo
                0x08002240       0x20 Drivers\STM32F7xx_HAL_Driver\Src\stm32f7xx_ll_usb.o
                0x08002240                USB_FlushRxFifo
 .text.USB_SetDevSpeed
                0x08002260        0xe Drivers\STM32F7xx_HAL_Driver\Src\stm32f7xx_ll_usb.o
                0x08002260                USB_SetDevSpeed
 *fill*         0x0800226e        0x2 
 .text.USB_DevInit
                0x08002270      0x188 Drivers\STM32F7xx_HAL_Driver\Src\stm32f7xx_ll_usb.o
                0x08002270                USB_DevInit
 .text.USB_DevDisconnect
                0x080023f8       0x18 Drivers\STM32F7xx_HAL_Driver\Src\stm32f7xx_ll_usb.o
                0x080023f8                USB_DevDisconnect
 .text.MX_ETH_Init
                0x08002410       0x50 Src\eth.o
                0x08002410                MX_ETH_Init
 .text.HAL_ETH_MspInit
                0x08002460      0x10c Src\eth.o
                0x08002460                HAL_ETH_MspInit
 .text.MX_GPIO_Init
                0x0800256c      0x10c Src\gpio.o
                0x0800256c                MX_GPIO_Init
 .text._write   0x08002678       0x18 Src\main.o
                0x08002678                _write
 .text.SystemClock_Config
                0x08002690       0xb8 Src\main.o
                0x08002690                SystemClock_Config
 .text.startup.main
                0x08002748       0x80 Src\main.o
                0x08002748                main
 .text.HAL_GPIO_EXTI_Callback
                0x080027c8        0x2 Src\main.o
                0x080027c8                HAL_GPIO_EXTI_Callback
 *fill*         0x080027ca        0x2 
 .text.HAL_TIM_PeriodElapsedCallback
                0x080027cc       0x3c Src\main.o
                0x080027cc                HAL_TIM_PeriodElapsedCallback
 .text.Error_Handler
                0x08002808        0x2 Src\main.o
                0x08002808                Error_Handler
 *fill*         0x0800280a        0x2 
 .text.HAL_MspInit
                0x0800280c       0x30 Src\stm32f7xx_hal_msp.o
                0x0800280c                HAL_MspInit
 .text.NMI_Handler
                0x0800283c        0x2 Src\stm32f7xx_it.o
                0x0800283c                NMI_Handler
 .text.HardFault_Handler
                0x0800283e        0x2 Src\stm32f7xx_it.o
                0x0800283e                HardFault_Handler
 .text.MemManage_Handler
                0x08002840        0x2 Src\stm32f7xx_it.o
                0x08002840                MemManage_Handler
 .text.BusFault_Handler
                0x08002842        0x2 Src\stm32f7xx_it.o
                0x08002842                BusFault_Handler
 .text.UsageFault_Handler
                0x08002844        0x2 Src\stm32f7xx_it.o
                0x08002844                UsageFault_Handler
 .text.SVC_Handler
                0x08002846        0x2 Src\stm32f7xx_it.o
                0x08002846                SVC_Handler
 .text.DebugMon_Handler
                0x08002848        0x2 Src\stm32f7xx_it.o
                0x08002848                DebugMon_Handler
 .text.PendSV_Handler
                0x0800284a        0x2 Src\stm32f7xx_it.o
                0x0800284a                PendSV_Handler
 .text.SysTick_Handler
                0x0800284c        0x4 Src\stm32f7xx_it.o
                0x0800284c                SysTick_Handler
 .text.EXTI15_10_IRQHandler
                0x08002850        0x8 Src\stm32f7xx_it.o
                0x08002850                EXTI15_10_IRQHandler
 .text.TIM7_IRQHandler
                0x08002858        0xc Src\stm32f7xx_it.o
                0x08002858                TIM7_IRQHandler
 .text._read    0x08002864       0x1c Src\syscalls.o
                0x08002864                _read
 .text._sbrk    0x08002880       0x34 Src\syscalls.o
                0x08002880                _sbrk
 .text._close   0x080028b4        0x6 Src\syscalls.o
                0x080028b4                _close
 .text._fstat   0x080028ba        0xa Src\syscalls.o
                0x080028ba                _fstat
 .text._isatty  0x080028c4        0x4 Src\syscalls.o
                0x080028c4                _isatty
 .text._lseek   0x080028c8        0x4 Src\syscalls.o
                0x080028c8                _lseek
 .text.SystemInit
                0x080028cc       0x4c Src\system_stm32f7xx.o
                0x080028cc                SystemInit
 .text.MX_TIM7_Init
                0x08002918       0x48 Src\tim.o
                0x08002918                MX_TIM7_Init
 .text.HAL_TIM_Base_MspInit
                0x08002960       0x3c Src\tim.o
                0x08002960                HAL_TIM_Base_MspInit
 .text.MX_USART3_UART_Init
                0x0800299c       0x3c Src\usart.o
                0x0800299c                MX_USART3_UART_Init
 .text.HAL_UART_MspInit
                0x080029d8       0x68 Src\usart.o
                0x080029d8                HAL_UART_MspInit
 .text.MX_USB_OTG_FS_PCD_Init
                0x08002a40       0x38 Src\usb_otg.o
                0x08002a40                MX_USB_OTG_FS_PCD_Init
 .text.HAL_PCD_MspInit
                0x08002a78       0x8c Src\usb_otg.o
                0x08002a78                HAL_PCD_MspInit
 .text.Reset_Handler
                0x08002b04       0x50 startup\startup_stm32f767xx.o
                0x08002b04                Reset_Handler
 .text.Default_Handler
                0x08002b54        0x2 startup\startup_stm32f767xx.o
                0x08002b54                RTC_Alarm_IRQHandler
                0x08002b54                EXTI2_IRQHandler
                0x08002b54                TIM8_CC_IRQHandler
                0x08002b54                UART8_IRQHandler
                0x08002b54                SPI4_IRQHandler
                0x08002b54                TIM1_CC_IRQHandler
                0x08002b54                DMA2_Stream5_IRQHandler
                0x08002b54                JPEG_IRQHandler
                0x08002b54                DMA1_Stream5_IRQHandler
                0x08002b54                CAN3_RX1_IRQHandler
                0x08002b54                PVD_IRQHandler
                0x08002b54                TAMP_STAMP_IRQHandler
                0x08002b54                CAN2_RX1_IRQHandler
                0x08002b54                EXTI3_IRQHandler
                0x08002b54                TIM8_TRG_COM_TIM14_IRQHandler
                0x08002b54                DFSDM1_FLT1_IRQHandler
                0x08002b54                TIM1_UP_TIM10_IRQHandler
                0x08002b54                TIM8_UP_TIM13_IRQHandler
                0x08002b54                I2C3_ER_IRQHandler
                0x08002b54                DFSDM1_FLT2_IRQHandler
                0x08002b54                EXTI0_IRQHandler
                0x08002b54                I2C2_EV_IRQHandler
                0x08002b54                DMA1_Stream2_IRQHandler
                0x08002b54                CAN1_RX0_IRQHandler
                0x08002b54                FPU_IRQHandler
                0x08002b54                OTG_HS_WKUP_IRQHandler
                0x08002b54                CAN3_SCE_IRQHandler
                0x08002b54                LTDC_ER_IRQHandler
                0x08002b54                CAN2_SCE_IRQHandler
                0x08002b54                DMA2_Stream2_IRQHandler
                0x08002b54                SPI1_IRQHandler
                0x08002b54                TIM6_DAC_IRQHandler
                0x08002b54                TIM1_BRK_TIM9_IRQHandler
                0x08002b54                DCMI_IRQHandler
                0x08002b54                CAN2_RX0_IRQHandler
                0x08002b54                DMA2_Stream3_IRQHandler
                0x08002b54                SAI2_IRQHandler
                0x08002b54                DFSDM1_FLT3_IRQHandler
                0x08002b54                USART6_IRQHandler
                0x08002b54                CAN3_RX0_IRQHandler
                0x08002b54                USART3_IRQHandler
                0x08002b54                CAN1_RX1_IRQHandler
                0x08002b54                UART5_IRQHandler
                0x08002b54                DMA2_Stream0_IRQHandler
                0x08002b54                TIM4_IRQHandler
                0x08002b54                QUADSPI_IRQHandler
                0x08002b54                I2C1_EV_IRQHandler
                0x08002b54                DMA1_Stream6_IRQHandler
                0x08002b54                DMA1_Stream1_IRQHandler
                0x08002b54                UART4_IRQHandler
                0x08002b54                TIM3_IRQHandler
                0x08002b54                RCC_IRQHandler
                0x08002b54                TIM8_BRK_TIM12_IRQHandler
                0x08002b54                Default_Handler
                0x08002b54                CEC_IRQHandler
                0x08002b54                ADC_IRQHandler
                0x08002b54                DMA1_Stream7_IRQHandler
                0x08002b54                SPI5_IRQHandler
                0x08002b54                SDMMC1_IRQHandler
                0x08002b54                CAN2_TX_IRQHandler
                0x08002b54                TIM5_IRQHandler
                0x08002b54                DMA2_Stream7_IRQHandler
                0x08002b54                I2C3_EV_IRQHandler
                0x08002b54                EXTI9_5_IRQHandler
                0x08002b54                RTC_WKUP_IRQHandler
                0x08002b54                LTDC_IRQHandler
                0x08002b54                ETH_WKUP_IRQHandler
                0x08002b54                SPDIF_RX_IRQHandler
                0x08002b54                SPI2_IRQHandler
                0x08002b54                OTG_HS_EP1_IN_IRQHandler
                0x08002b54                DMA1_Stream0_IRQHandler
                0x08002b54                CAN1_TX_IRQHandler
                0x08002b54                EXTI4_IRQHandler
                0x08002b54                RNG_IRQHandler
                0x08002b54                ETH_IRQHandler
                0x08002b54                OTG_HS_EP1_OUT_IRQHandler
                0x08002b54                WWDG_IRQHandler
                0x08002b54                SPI6_IRQHandler
                0x08002b54                MDIOS_IRQHandler
                0x08002b54                I2C4_EV_IRQHandler
                0x08002b54                CAN3_TX_IRQHandler
                0x08002b54                TIM2_IRQHandler
                0x08002b54                OTG_FS_WKUP_IRQHandler
                0x08002b54                TIM1_TRG_COM_TIM11_IRQHandler
                0x08002b54                OTG_HS_IRQHandler
                0x08002b54                DMA2D_IRQHandler
                0x08002b54                EXTI1_IRQHandler
                0x08002b54                SDMMC2_IRQHandler
                0x08002b54                UART7_IRQHandler
                0x08002b54                USART2_IRQHandler
                0x08002b54                DFSDM1_FLT0_IRQHandler
                0x08002b54                I2C2_ER_IRQHandler
                0x08002b54                DMA2_Stream1_IRQHandler
                0x08002b54                CAN1_SCE_IRQHandler
                0x08002b54                FLASH_IRQHandler
                0x08002b54                DMA2_Stream4_IRQHandler
                0x08002b54                USART1_IRQHandler
                0x08002b54                OTG_FS_IRQHandler
                0x08002b54                SPI3_IRQHandler
                0x08002b54                DMA1_Stream4_IRQHandler
                0x08002b54                I2C1_ER_IRQHandler
                0x08002b54                FMC_IRQHandler
                0x08002b54                LPTIM1_IRQHandler
                0x08002b54                I2C4_ER_IRQHandler
                0x08002b54                DMA2_Stream6_IRQHandler
                0x08002b54                SAI1_IRQHandler
                0x08002b54                DMA1_Stream3_IRQHandler
 *fill*         0x08002b56        0x2 
 .text.__errno  0x08002b58        0xc c:/program files (x86)/atollic/truestudio for stm32 9.3.0/armtools/bin/../lib/gcc/arm-atollic-eabi/6.3.1/../../../../arm-atollic-eabi/lib/armv7e-m/fpu/fpv5-d16\libc_nano.a(lib_a-errno.o)
                0x08002b58                __errno
 .text.__libc_init_array
                0x08002b64       0x48 c:/program files (x86)/atollic/truestudio for stm32 9.3.0/armtools/bin/../lib/gcc/arm-atollic-eabi/6.3.1/../../../../arm-atollic-eabi/lib/armv7e-m/fpu/fpv5-d16\libc_nano.a(lib_a-init.o)
                0x08002b64                __libc_init_array
 .text.memset   0x08002bac       0x10 c:/program files (x86)/atollic/truestudio for stm32 9.3.0/armtools/bin/../lib/gcc/arm-atollic-eabi/6.3.1/../../../../arm-atollic-eabi/lib/armv7e-m/fpu/fpv5-d16\libc_nano.a(lib_a-memset.o)
                0x08002bac                memset
 .text.printf   0x08002bbc       0x30 c:/program files (x86)/atollic/truestudio for stm32 9.3.0/armtools/bin/../lib/gcc/arm-atollic-eabi/6.3.1/../../../../arm-atollic-eabi/lib/armv7e-m/fpu/fpv5-d16\libc_nano.a(lib_a-printf.o)
                0x08002bbc                iprintf
                0x08002bbc                printf
 .text._cleanup_r
                0x08002bec        0xc c:/program files (x86)/atollic/truestudio for stm32 9.3.0/armtools/bin/../lib/gcc/arm-atollic-eabi/6.3.1/../../../../arm-atollic-eabi/lib/armv7e-m/fpu/fpv5-d16\libc_nano.a(lib_a-findfp.o)
                0x08002bec                _cleanup_r
 .text.std.isra.0
                0x08002bf8       0x48 c:/program files (x86)/atollic/truestudio for stm32 9.3.0/armtools/bin/../lib/gcc/arm-atollic-eabi/6.3.1/../../../../arm-atollic-eabi/lib/armv7e-m/fpu/fpv5-d16\libc_nano.a(lib_a-findfp.o)
 .text.__sfmoreglue
                0x08002c40       0x2c c:/program files (x86)/atollic/truestudio for stm32 9.3.0/armtools/bin/../lib/gcc/arm-atollic-eabi/6.3.1/../../../../arm-atollic-eabi/lib/armv7e-m/fpu/fpv5-d16\libc_nano.a(lib_a-findfp.o)
                0x08002c40                __sfmoreglue
 .text.__sinit  0x08002c6c       0x60 c:/program files (x86)/atollic/truestudio for stm32 9.3.0/armtools/bin/../lib/gcc/arm-atollic-eabi/6.3.1/../../../../arm-atollic-eabi/lib/armv7e-m/fpu/fpv5-d16\libc_nano.a(lib_a-findfp.o)
                0x08002c6c                __sinit
 .text.__sfp    0x08002ccc       0x78 c:/program files (x86)/atollic/truestudio for stm32 9.3.0/armtools/bin/../lib/gcc/arm-atollic-eabi/6.3.1/../../../../arm-atollic-eabi/lib/armv7e-m/fpu/fpv5-d16\libc_nano.a(lib_a-findfp.o)
                0x08002ccc                __sfp
 .text._fwalk_reent
                0x08002d44       0x3c c:/program files (x86)/atollic/truestudio for stm32 9.3.0/armtools/bin/../lib/gcc/arm-atollic-eabi/6.3.1/../../../../arm-atollic-eabi/lib/armv7e-m/fpu/fpv5-d16\libc_nano.a(lib_a-fwalk.o)
                0x08002d44                _fwalk_reent
 .text._malloc_r
                0x08002d80       0xbc c:/program files (x86)/atollic/truestudio for stm32 9.3.0/armtools/bin/../lib/gcc/arm-atollic-eabi/6.3.1/../../../../arm-atollic-eabi/lib/armv7e-m/fpu/fpv5-d16\libc_nano.a(lib_a-nano-mallocr.o)
                0x08002d80                _malloc_r
 .text.__sfputc_r
                0x08002e3c       0x30 c:/program files (x86)/atollic/truestudio for stm32 9.3.0/armtools/bin/../lib/gcc/arm-atollic-eabi/6.3.1/../../../../arm-atollic-eabi/lib/armv7e-m/fpu/fpv5-d16\libc_nano.a(lib_a-nano-vfprintf.o)
 .text.__sfputs_r
                0x08002e6c       0x24 c:/program files (x86)/atollic/truestudio for stm32 9.3.0/armtools/bin/../lib/gcc/arm-atollic-eabi/6.3.1/../../../../arm-atollic-eabi/lib/armv7e-m/fpu/fpv5-d16\libc_nano.a(lib_a-nano-vfprintf.o)
                0x08002e6c                __sfputs_r
 .text._vfprintf_r
                0x08002e90      0x22c c:/program files (x86)/atollic/truestudio for stm32 9.3.0/armtools/bin/../lib/gcc/arm-atollic-eabi/6.3.1/../../../../arm-atollic-eabi/lib/armv7e-m/fpu/fpv5-d16\libc_nano.a(lib_a-nano-vfprintf.o)
                0x08002e90                _vfprintf_r
                0x08002e90                _vfiprintf_r
 .text._printf_common
                0x080030bc       0xec c:/program files (x86)/atollic/truestudio for stm32 9.3.0/armtools/bin/../lib/gcc/arm-atollic-eabi/6.3.1/../../../../arm-atollic-eabi/lib/armv7e-m/fpu/fpv5-d16\libc_nano.a(lib_a-nano-vfprintf_i.o)
                0x080030bc                _printf_common
 .text._printf_i
                0x080031a8      0x240 c:/program files (x86)/atollic/truestudio for stm32 9.3.0/armtools/bin/../lib/gcc/arm-atollic-eabi/6.3.1/../../../../arm-atollic-eabi/lib/armv7e-m/fpu/fpv5-d16\libc_nano.a(lib_a-nano-vfprintf_i.o)
                0x080031a8                _printf_i
 .text._sbrk_r  0x080033e8       0x20 c:/program files (x86)/atollic/truestudio for stm32 9.3.0/armtools/bin/../lib/gcc/arm-atollic-eabi/6.3.1/../../../../arm-atollic-eabi/lib/armv7e-m/fpu/fpv5-d16\libc_nano.a(lib_a-sbrkr.o)
                0x080033e8                _sbrk_r
 .text.__sread  0x08003408       0x22 c:/program files (x86)/atollic/truestudio for stm32 9.3.0/armtools/bin/../lib/gcc/arm-atollic-eabi/6.3.1/../../../../arm-atollic-eabi/lib/armv7e-m/fpu/fpv5-d16\libc_nano.a(lib_a-stdio.o)
                0x08003408                __sread
 .text.__swrite
                0x0800342a       0x38 c:/program files (x86)/atollic/truestudio for stm32 9.3.0/armtools/bin/../lib/gcc/arm-atollic-eabi/6.3.1/../../../../arm-atollic-eabi/lib/armv7e-m/fpu/fpv5-d16\libc_nano.a(lib_a-stdio.o)
                0x0800342a                __swrite
 .text.__sseek  0x08003462       0x24 c:/program files (x86)/atollic/truestudio for stm32 9.3.0/armtools/bin/../lib/gcc/arm-atollic-eabi/6.3.1/../../../../arm-atollic-eabi/lib/armv7e-m/fpu/fpv5-d16\libc_nano.a(lib_a-stdio.o)
                0x08003462                __sseek
 .text.__sclose
                0x08003486        0x8 c:/program files (x86)/atollic/truestudio for stm32 9.3.0/armtools/bin/../lib/gcc/arm-atollic-eabi/6.3.1/../../../../arm-atollic-eabi/lib/armv7e-m/fpu/fpv5-d16\libc_nano.a(lib_a-stdio.o)
                0x08003486                __sclose
 *fill*         0x0800348e        0x2 
 .text.__swbuf_r
                0x08003490       0xa4 c:/program files (x86)/atollic/truestudio for stm32 9.3.0/armtools/bin/../lib/gcc/arm-atollic-eabi/6.3.1/../../../../arm-atollic-eabi/lib/armv7e-m/fpu/fpv5-d16\libc_nano.a(lib_a-wbuf.o)
                0x08003490                __swbuf_r
 .text._write_r
                0x08003534       0x24 c:/program files (x86)/atollic/truestudio for stm32 9.3.0/armtools/bin/../lib/gcc/arm-atollic-eabi/6.3.1/../../../../arm-atollic-eabi/lib/armv7e-m/fpu/fpv5-d16\libc_nano.a(lib_a-writer.o)
                0x08003534                _write_r
 .text.__swsetup_r
                0x08003558       0xdc c:/program files (x86)/atollic/truestudio for stm32 9.3.0/armtools/bin/../lib/gcc/arm-atollic-eabi/6.3.1/../../../../arm-atollic-eabi/lib/armv7e-m/fpu/fpv5-d16\libc_nano.a(lib_a-wsetup.o)
                0x08003558                __swsetup_r
 .text._close_r
                0x08003634       0x20 c:/program files (x86)/atollic/truestudio for stm32 9.3.0/armtools/bin/../lib/gcc/arm-atollic-eabi/6.3.1/../../../../arm-atollic-eabi/lib/armv7e-m/fpu/fpv5-d16\libc_nano.a(lib_a-closer.o)
                0x08003634                _close_r
 .text.__sflush_r
                0x08003654      0x110 c:/program files (x86)/atollic/truestudio for stm32 9.3.0/armtools/bin/../lib/gcc/arm-atollic-eabi/6.3.1/../../../../arm-atollic-eabi/lib/armv7e-m/fpu/fpv5-d16\libc_nano.a(lib_a-fflush.o)
                0x08003654                __sflush_r
 .text._fflush_r
                0x08003764       0x54 c:/program files (x86)/atollic/truestudio for stm32 9.3.0/armtools/bin/../lib/gcc/arm-atollic-eabi/6.3.1/../../../../arm-atollic-eabi/lib/armv7e-m/fpu/fpv5-d16\libc_nano.a(lib_a-fflush.o)
                0x08003764                _fflush_r
 .text._lseek_r
                0x080037b8       0x24 c:/program files (x86)/atollic/truestudio for stm32 9.3.0/armtools/bin/../lib/gcc/arm-atollic-eabi/6.3.1/../../../../arm-atollic-eabi/lib/armv7e-m/fpu/fpv5-d16\libc_nano.a(lib_a-lseekr.o)
                0x080037b8                _lseek_r
 .text.__swhatbuf_r
                0x080037dc       0x48 c:/program files (x86)/atollic/truestudio for stm32 9.3.0/armtools/bin/../lib/gcc/arm-atollic-eabi/6.3.1/../../../../arm-atollic-eabi/lib/armv7e-m/fpu/fpv5-d16\libc_nano.a(lib_a-makebuf.o)
                0x080037dc                __swhatbuf_r
 .text.__smakebuf_r
                0x08003824       0x80 c:/program files (x86)/atollic/truestudio for stm32 9.3.0/armtools/bin/../lib/gcc/arm-atollic-eabi/6.3.1/../../../../arm-atollic-eabi/lib/armv7e-m/fpu/fpv5-d16\libc_nano.a(lib_a-makebuf.o)
                0x08003824                __smakebuf_r
 .text.__malloc_lock
                0x080038a4        0x2 c:/program files (x86)/atollic/truestudio for stm32 9.3.0/armtools/bin/../lib/gcc/arm-atollic-eabi/6.3.1/../../../../arm-atollic-eabi/lib/armv7e-m/fpu/fpv5-d16\libc_nano.a(lib_a-mlock.o)
                0x080038a4                __malloc_lock
 .text.__malloc_unlock
                0x080038a6        0x2 c:/program files (x86)/atollic/truestudio for stm32 9.3.0/armtools/bin/../lib/gcc/arm-atollic-eabi/6.3.1/../../../../arm-atollic-eabi/lib/armv7e-m/fpu/fpv5-d16\libc_nano.a(lib_a-mlock.o)
                0x080038a6                __malloc_unlock
 .text._free_r  0x080038a8       0x9c c:/program files (x86)/atollic/truestudio for stm32 9.3.0/armtools/bin/../lib/gcc/arm-atollic-eabi/6.3.1/../../../../arm-atollic-eabi/lib/armv7e-m/fpu/fpv5-d16\libc_nano.a(lib_a-nano-freer.o)
                0x080038a8                _free_r
 .text._read_r  0x08003944       0x24 c:/program files (x86)/atollic/truestudio for stm32 9.3.0/armtools/bin/../lib/gcc/arm-atollic-eabi/6.3.1/../../../../arm-atollic-eabi/lib/armv7e-m/fpu/fpv5-d16\libc_nano.a(lib_a-readr.o)
                0x08003944                _read_r
 .text._fstat_r
                0x08003968       0x24 c:/program files (x86)/atollic/truestudio for stm32 9.3.0/armtools/bin/../lib/gcc/arm-atollic-eabi/6.3.1/../../../../arm-atollic-eabi/lib/armv7e-m/fpu/fpv5-d16\libc_nano.a(lib_a-fstatr.o)
                0x08003968                _fstat_r
 .text._isatty_r
                0x0800398c       0x20 c:/program files (x86)/atollic/truestudio for stm32 9.3.0/armtools/bin/../lib/gcc/arm-atollic-eabi/6.3.1/../../../../arm-atollic-eabi/lib/armv7e-m/fpu/fpv5-d16\libc_nano.a(lib_a-isattyr.o)
                0x0800398c                _isatty_r
 *(.glue_7)
 .glue_7        0x080039ac        0x0 linker stubs
 *(.glue_7t)
 .glue_7t       0x080039ac        0x0 linker stubs
 *(.eh_frame)
 .eh_frame      0x080039ac        0x0 c:/program files (x86)/atollic/truestudio for stm32 9.3.0/armtools/bin/../lib/gcc/arm-atollic-eabi/6.3.1/armv7e-m/fpu/fpv5-d16/crtbegin.o
 *(.init)
 .init          0x080039ac        0x4 c:/program files (x86)/atollic/truestudio for stm32 9.3.0/armtools/bin/../lib/gcc/arm-atollic-eabi/6.3.1/armv7e-m/fpu/fpv5-d16/crti.o
                0x080039ac                _init
 .init          0x080039b0        0x8 c:/program files (x86)/atollic/truestudio for stm32 9.3.0/armtools/bin/../lib/gcc/arm-atollic-eabi/6.3.1/armv7e-m/fpu/fpv5-d16/crtn.o
 *(.fini)
 .fini          0x080039b8        0x4 c:/program files (x86)/atollic/truestudio for stm32 9.3.0/armtools/bin/../lib/gcc/arm-atollic-eabi/6.3.1/armv7e-m/fpu/fpv5-d16/crti.o
                0x080039b8                _fini
 .fini          0x080039bc        0x8 c:/program files (x86)/atollic/truestudio for stm32 9.3.0/armtools/bin/../lib/gcc/arm-atollic-eabi/6.3.1/armv7e-m/fpu/fpv5-d16/crtn.o
                0x080039c4                . = ALIGN (0x4)
                0x080039c4                _etext = .

.vfp11_veneer   0x080039c4        0x0
 .vfp11_veneer  0x080039c4        0x0 linker stubs

.v4_bx          0x080039c4        0x0
 .v4_bx         0x080039c4        0x0 linker stubs

.iplt           0x080039c4        0x0
 .iplt          0x080039c4        0x0 c:/program files (x86)/atollic/truestudio for stm32 9.3.0/armtools/bin/../lib/gcc/arm-atollic-eabi/6.3.1/armv7e-m/fpu/fpv5-d16/crtbegin.o

.rodata         0x080039c4       0xec
                0x080039c4                . = ALIGN (0x4)
 *(.rodata)
 *(.rodata*)
 .rodata.CSWTCH.49
                0x080039c4        0x4 Drivers\STM32F7xx_HAL_Driver\Src\stm32f7xx_hal_uart.o
 .rodata.CSWTCH.50
                0x080039c8        0xd Drivers\STM32F7xx_HAL_Driver\Src\stm32f7xx_hal_uart.o
 .rodata.HAL_TIM_PeriodElapsedCallback.str1.1
                0x080039d5        0xd Src\main.o
 .rodata.main.str1.1
                0x080039e2       0x1b Src\main.o
 .rodata.AHBPrescTable
                0x080039fd       0x10 Src\system_stm32f7xx.o
                0x080039fd                AHBPrescTable
 .rodata.APBPrescTable
                0x08003a0d        0x8 Src\system_stm32f7xx.o
                0x08003a0d                APBPrescTable
 *fill*         0x08003a15        0x3 
 .rodata._global_impure_ptr
                0x08003a18        0x4 c:/program files (x86)/atollic/truestudio for stm32 9.3.0/armtools/bin/../lib/gcc/arm-atollic-eabi/6.3.1/../../../../arm-atollic-eabi/lib/armv7e-m/fpu/fpv5-d16\libc_nano.a(lib_a-impure.o)
                0x08003a18                _global_impure_ptr
 .rodata.__sf_fake_stderr
                0x08003a1c       0x20 c:/program files (x86)/atollic/truestudio for stm32 9.3.0/armtools/bin/../lib/gcc/arm-atollic-eabi/6.3.1/../../../../arm-atollic-eabi/lib/armv7e-m/fpu/fpv5-d16\libc_nano.a(lib_a-findfp.o)
                0x08003a1c                __sf_fake_stderr
 .rodata.__sf_fake_stdin
                0x08003a3c       0x20 c:/program files (x86)/atollic/truestudio for stm32 9.3.0/armtools/bin/../lib/gcc/arm-atollic-eabi/6.3.1/../../../../arm-atollic-eabi/lib/armv7e-m/fpu/fpv5-d16\libc_nano.a(lib_a-findfp.o)
                0x08003a3c                __sf_fake_stdin
 .rodata.__sf_fake_stdout
                0x08003a5c       0x20 c:/program files (x86)/atollic/truestudio for stm32 9.3.0/armtools/bin/../lib/gcc/arm-atollic-eabi/6.3.1/../../../../arm-atollic-eabi/lib/armv7e-m/fpu/fpv5-d16\libc_nano.a(lib_a-findfp.o)
                0x08003a5c                __sf_fake_stdout
 .rodata._vfprintf_r.str1.1
                0x08003a7c       0x11 c:/program files (x86)/atollic/truestudio for stm32 9.3.0/armtools/bin/../lib/gcc/arm-atollic-eabi/6.3.1/../../../../arm-atollic-eabi/lib/armv7e-m/fpu/fpv5-d16\libc_nano.a(lib_a-nano-vfprintf.o)
 .rodata._printf_i.str1.1
                0x08003a8d       0x22 c:/program files (x86)/atollic/truestudio for stm32 9.3.0/armtools/bin/../lib/gcc/arm-atollic-eabi/6.3.1/../../../../arm-atollic-eabi/lib/armv7e-m/fpu/fpv5-d16\libc_nano.a(lib_a-nano-vfprintf_i.o)
                0x08003ab0                . = ALIGN (0x4)
 *fill*         0x08003aaf        0x1 

.ARM.extab
 *(.ARM.extab* .gnu.linkonce.armextab.*)

.ARM            0x08003ab0        0x8
                0x08003ab0                __exidx_start = .
 *(.ARM.exidx*)
 .ARM.exidx     0x08003ab0        0x8 c:/program files (x86)/atollic/truestudio for stm32 9.3.0/armtools/bin/../lib/gcc/arm-atollic-eabi/6.3.1/armv7e-m/fpu/fpv5-d16\libgcc.a(_udivmoddi4.o)
                0x08003ab8                __exidx_end = .

.rel.dyn        0x08003ab8        0x0
 .rel.iplt      0x08003ab8        0x0 c:/program files (x86)/atollic/truestudio for stm32 9.3.0/armtools/bin/../lib/gcc/arm-atollic-eabi/6.3.1/armv7e-m/fpu/fpv5-d16/crtbegin.o

.preinit_array  0x08003ab8        0x0
                0x08003ab8                PROVIDE (__preinit_array_start, .)
 *(.preinit_array*)
                0x08003ab8                PROVIDE (__preinit_array_end, .)

.init_array     0x08003ab8        0x4
                0x08003ab8                PROVIDE (__init_array_start, .)
 *(SORT(.init_array.*))
 *(.init_array*)
 .init_array    0x08003ab8        0x4 c:/program files (x86)/atollic/truestudio for stm32 9.3.0/armtools/bin/../lib/gcc/arm-atollic-eabi/6.3.1/armv7e-m/fpu/fpv5-d16/crtbegin.o
                0x08003abc                PROVIDE (__init_array_end, .)

.fini_array     0x08003abc        0x4
                [!provide]                PROVIDE (__fini_array_start, .)
 *(SORT(.fini_array.*))
 *(.fini_array*)
 .fini_array    0x08003abc        0x4 c:/program files (x86)/atollic/truestudio for stm32 9.3.0/armtools/bin/../lib/gcc/arm-atollic-eabi/6.3.1/armv7e-m/fpu/fpv5-d16/crtbegin.o
                [!provide]                PROVIDE (__fini_array_end, .)
                0x08003ac0                _sidata = LOADADDR (.data)

.data           0x20000000       0x70 load address 0x08003ac0
                0x20000000                . = ALIGN (0x4)
                0x20000000                _sdata = .
 *(.data)
 *(.data*)
 .data.uwTickFreq
                0x20000000        0x1 Drivers\STM32F7xx_HAL_Driver\Src\stm32f7xx_hal.o
                0x20000000                uwTickFreq
 *fill*         0x20000001        0x3 
 .data.uwTickPrio
                0x20000004        0x4 Drivers\STM32F7xx_HAL_Driver\Src\stm32f7xx_hal.o
                0x20000004                uwTickPrio
 .data.SystemCoreClock
                0x20000008        0x4 Src\system_stm32f7xx.o
                0x20000008                SystemCoreClock
 .data._impure_ptr
                0x2000000c        0x4 c:/program files (x86)/atollic/truestudio for stm32 9.3.0/armtools/bin/../lib/gcc/arm-atollic-eabi/6.3.1/../../../../arm-atollic-eabi/lib/armv7e-m/fpu/fpv5-d16\libc_nano.a(lib_a-impure.o)
                0x2000000c                _impure_ptr
 .data.impure_data
                0x20000010       0x60 c:/program files (x86)/atollic/truestudio for stm32 9.3.0/armtools/bin/../lib/gcc/arm-atollic-eabi/6.3.1/../../../../arm-atollic-eabi/lib/armv7e-m/fpu/fpv5-d16\libc_nano.a(lib_a-impure.o)
                0x20000070                . = ALIGN (0x4)
                0x20000070                _edata = .

.igot.plt       0x20000070        0x0 load address 0x08003b30
 .igot.plt      0x20000070        0x0 c:/program files (x86)/atollic/truestudio for stm32 9.3.0/armtools/bin/../lib/gcc/arm-atollic-eabi/6.3.1/armv7e-m/fpu/fpv5-d16/crtbegin.o
                0x20000070                . = ALIGN (0x4)

.bss            0x20000070      0x54c load address 0x08003b30
                0x20000070                _sbss = .
                0x20000070                __bss_start__ = _sbss
 *(.bss)
 .bss           0x20000070       0x1c c:/program files (x86)/atollic/truestudio for stm32 9.3.0/armtools/bin/../lib/gcc/arm-atollic-eabi/6.3.1/armv7e-m/fpu/fpv5-d16/crtbegin.o
 *(.bss*)
 .bss.intime    0x2000008c        0x4 Src\main.o
                0x2000008c                intime
 .bss.itval     0x20000090        0x4 Src\main.o
                0x20000090                itval
 .bss.mytime    0x20000094        0x4 Src\main.o
                0x20000094                mytime
 .bss.pintoggle
                0x20000098        0x1 Src\main.o
                0x20000098                pintoggle
 *fill*         0x20000099        0x3 
 .bss.heap_end.7010
                0x2000009c        0x4 Src\syscalls.o
 .bss.__malloc_free_list
                0x200000a0        0x4 c:/program files (x86)/atollic/truestudio for stm32 9.3.0/armtools/bin/../lib/gcc/arm-atollic-eabi/6.3.1/../../../../arm-atollic-eabi/lib/armv7e-m/fpu/fpv5-d16\libc_nano.a(lib_a-nano-mallocr.o)
                0x200000a0                __malloc_free_list
 .bss.__malloc_sbrk_start
                0x200000a4        0x4 c:/program files (x86)/atollic/truestudio for stm32 9.3.0/armtools/bin/../lib/gcc/arm-atollic-eabi/6.3.1/../../../../arm-atollic-eabi/lib/armv7e-m/fpu/fpv5-d16\libc_nano.a(lib_a-nano-mallocr.o)
                0x200000a4                __malloc_sbrk_start
 *(COMMON)
 COMMON         0x200000a8        0x4 Drivers\STM32F7xx_HAL_Driver\Src\stm32f7xx_hal.o
                0x200000a8                uwTick
 COMMON         0x200000ac       0x48 Src\eth.o
                0x200000ac                heth
 COMMON         0x200000f4       0x40 Src\tim.o
                0x200000f4                htim7
 COMMON         0x20000134       0x80 Src\usart.o
                0x20000134                huart3
 COMMON         0x200001b4      0x404 Src\usb_otg.o
                0x200001b4                hpcd_USB_OTG_FS
 COMMON         0x200005b8        0x4 c:/program files (x86)/atollic/truestudio for stm32 9.3.0/armtools/bin/../lib/gcc/arm-atollic-eabi/6.3.1/../../../../arm-atollic-eabi/lib/armv7e-m/fpu/fpv5-d16\libc_nano.a(lib_a-reent.o)
                0x200005b8                errno
                0x200005bc                . = ALIGN (0x4)
                0x200005bc                _ebss = .
                0x200005bc                __bss_end__ = _ebss

._user_heap_stack
                0x200005bc      0x600 load address 0x08003b30
                0x200005bc                . = ALIGN (0x4)
                0x200005bc                PROVIDE (end, .)
                [!provide]                PROVIDE (_end, .)
                0x200007bc                . = (. + _Min_Heap_Size)
 *fill*         0x200005bc      0x200 
                0x20000bbc                . = (. + _Min_Stack_Size)
 *fill*         0x200007bc      0x400 
                0x20000bbc                . = ALIGN (0x4)

/DISCARD/
 libc.a(*)
 libm.a(*)
 libgcc.a(*)

.ARM.attributes
                0x00000000       0x2e
 *(.ARM.attributes)
 .ARM.attributes
                0x00000000       0x20 c:/program files (x86)/atollic/truestudio for stm32 9.3.0/armtools/bin/../lib/gcc/arm-atollic-eabi/6.3.1/armv7e-m/fpu/fpv5-d16/crti.o
 .ARM.attributes
                0x00000020       0x32 c:/program files (x86)/atollic/truestudio for stm32 9.3.0/armtools/bin/../lib/gcc/arm-atollic-eabi/6.3.1/armv7e-m/fpu/fpv5-d16/crtbegin.o
 .ARM.attributes
                0x00000052       0x37 Drivers\STM32F7xx_HAL_Driver\Src\stm32f7xx_hal.o
 .ARM.attributes
                0x00000089       0x37 Drivers\STM32F7xx_HAL_Driver\Src\stm32f7xx_hal_cortex.o
 .ARM.attributes
                0x000000c0       0x37 Drivers\STM32F7xx_HAL_Driver\Src\stm32f7xx_hal_eth.o
 .ARM.attributes
                0x000000f7       0x37 Drivers\STM32F7xx_HAL_Driver\Src\stm32f7xx_hal_gpio.o
 .ARM.attributes
                0x0000012e       0x37 Drivers\STM32F7xx_HAL_Driver\Src\stm32f7xx_hal_pcd.o
 .ARM.attributes
                0x00000165       0x37 Drivers\STM32F7xx_HAL_Driver\Src\stm32f7xx_hal_pcd_ex.o
 .ARM.attributes
                0x0000019c       0x37 Drivers\STM32F7xx_HAL_Driver\Src\stm32f7xx_hal_pwr.o
 .ARM.attributes
                0x000001d3       0x37 Drivers\STM32F7xx_HAL_Driver\Src\stm32f7xx_hal_pwr_ex.o
 .ARM.attributes
                0x0000020a       0x37 Drivers\STM32F7xx_HAL_Driver\Src\stm32f7xx_hal_rcc.o
 .ARM.attributes
                0x00000241       0x37 Drivers\STM32F7xx_HAL_Driver\Src\stm32f7xx_hal_rcc_ex.o
 .ARM.attributes
                0x00000278       0x37 Drivers\STM32F7xx_HAL_Driver\Src\stm32f7xx_hal_tim.o
 .ARM.attributes
                0x000002af       0x37 Drivers\STM32F7xx_HAL_Driver\Src\stm32f7xx_hal_tim_ex.o
 .ARM.attributes
                0x000002e6       0x37 Drivers\STM32F7xx_HAL_Driver\Src\stm32f7xx_hal_uart.o
 .ARM.attributes
                0x0000031d       0x37 Drivers\STM32F7xx_HAL_Driver\Src\stm32f7xx_ll_usb.o
 .ARM.attributes
                0x00000354       0x37 Src\eth.o
 .ARM.attributes
                0x0000038b       0x37 Src\gpio.o
 .ARM.attributes
                0x000003c2       0x37 Src\main.o
 .ARM.attributes
                0x000003f9       0x37 Src\stm32f7xx_hal_msp.o
 .ARM.attributes
                0x00000430       0x37 Src\stm32f7xx_it.o
 .ARM.attributes
                0x00000467       0x37 Src\syscalls.o
 .ARM.attributes
                0x0000049e       0x37 Src\system_stm32f7xx.o
 .ARM.attributes
                0x000004d5       0x37 Src\tim.o
 .ARM.attributes
                0x0000050c       0x37 Src\usart.o
 .ARM.attributes
                0x00000543       0x37 Src\usb_otg.o
 .ARM.attributes
                0x0000057a       0x21 startup\startup_stm32f767xx.o
 .ARM.attributes
                0x0000059b       0x32 c:/program files (x86)/atollic/truestudio for stm32 9.3.0/armtools/bin/../lib/gcc/arm-atollic-eabi/6.3.1/../../../../arm-atollic-eabi/lib/armv7e-m/fpu/fpv5-d16\libc_nano.a(lib_a-errno.o)
 .ARM.attributes
                0x000005cd       0x32 c:/program files (x86)/atollic/truestudio for stm32 9.3.0/armtools/bin/../lib/gcc/arm-atollic-eabi/6.3.1/../../../../arm-atollic-eabi/lib/armv7e-m/fpu/fpv5-d16\libc_nano.a(lib_a-impure.o)
 .ARM.attributes
                0x000005ff       0x32 c:/program files (x86)/atollic/truestudio for stm32 9.3.0/armtools/bin/../lib/gcc/arm-atollic-eabi/6.3.1/../../../../arm-atollic-eabi/lib/armv7e-m/fpu/fpv5-d16\libc_nano.a(lib_a-init.o)
 .ARM.attributes
                0x00000631       0x32 c:/program files (x86)/atollic/truestudio for stm32 9.3.0/armtools/bin/../lib/gcc/arm-atollic-eabi/6.3.1/../../../../arm-atollic-eabi/lib/armv7e-m/fpu/fpv5-d16\libc_nano.a(lib_a-memset.o)
 .ARM.attributes
                0x00000663       0x32 c:/program files (x86)/atollic/truestudio for stm32 9.3.0/armtools/bin/../lib/gcc/arm-atollic-eabi/6.3.1/../../../../arm-atollic-eabi/lib/armv7e-m/fpu/fpv5-d16\libc_nano.a(lib_a-printf.o)
 .ARM.attributes
                0x00000695       0x32 c:/program files (x86)/atollic/truestudio for stm32 9.3.0/armtools/bin/../lib/gcc/arm-atollic-eabi/6.3.1/../../../../arm-atollic-eabi/lib/armv7e-m/fpu/fpv5-d16\libc_nano.a(lib_a-findfp.o)
 .ARM.attributes
                0x000006c7       0x32 c:/program files (x86)/atollic/truestudio for stm32 9.3.0/armtools/bin/../lib/gcc/arm-atollic-eabi/6.3.1/../../../../arm-atollic-eabi/lib/armv7e-m/fpu/fpv5-d16\libc_nano.a(lib_a-fwalk.o)
 .ARM.attributes
                0x000006f9       0x32 c:/program files (x86)/atollic/truestudio for stm32 9.3.0/armtools/bin/../lib/gcc/arm-atollic-eabi/6.3.1/../../../../arm-atollic-eabi/lib/armv7e-m/fpu/fpv5-d16\libc_nano.a(lib_a-nano-mallocr.o)
 .ARM.attributes
                0x0000072b       0x32 c:/program files (x86)/atollic/truestudio for stm32 9.3.0/armtools/bin/../lib/gcc/arm-atollic-eabi/6.3.1/../../../../arm-atollic-eabi/lib/armv7e-m/fpu/fpv5-d16\libc_nano.a(lib_a-nano-vfprintf.o)
 .ARM.attributes
                0x0000075d       0x32 c:/program files (x86)/atollic/truestudio for stm32 9.3.0/armtools/bin/../lib/gcc/arm-atollic-eabi/6.3.1/../../../../arm-atollic-eabi/lib/armv7e-m/fpu/fpv5-d16\libc_nano.a(lib_a-nano-vfprintf_i.o)
 .ARM.attributes
                0x0000078f       0x32 c:/program files (x86)/atollic/truestudio for stm32 9.3.0/armtools/bin/../lib/gcc/arm-atollic-eabi/6.3.1/../../../../arm-atollic-eabi/lib/armv7e-m/fpu/fpv5-d16\libc_nano.a(lib_a-sbrkr.o)
 .ARM.attributes
                0x000007c1       0x32 c:/program files (x86)/atollic/truestudio for stm32 9.3.0/armtools/bin/../lib/gcc/arm-atollic-eabi/6.3.1/../../../../arm-atollic-eabi/lib/armv7e-m/fpu/fpv5-d16\libc_nano.a(lib_a-stdio.o)
 .ARM.attributes
                0x000007f3       0x32 c:/program files (x86)/atollic/truestudio for stm32 9.3.0/armtools/bin/../lib/gcc/arm-atollic-eabi/6.3.1/../../../../arm-atollic-eabi/lib/armv7e-m/fpu/fpv5-d16\libc_nano.a(lib_a-wbuf.o)
 .ARM.attributes
                0x00000825       0x32 c:/program files (x86)/atollic/truestudio for stm32 9.3.0/armtools/bin/../lib/gcc/arm-atollic-eabi/6.3.1/../../../../arm-atollic-eabi/lib/armv7e-m/fpu/fpv5-d16\libc_nano.a(lib_a-writer.o)
 .ARM.attributes
                0x00000857       0x32 c:/program files (x86)/atollic/truestudio for stm32 9.3.0/armtools/bin/../lib/gcc/arm-atollic-eabi/6.3.1/../../../../arm-atollic-eabi/lib/armv7e-m/fpu/fpv5-d16\libc_nano.a(lib_a-wsetup.o)
 .ARM.attributes
                0x00000889       0x32 c:/program files (x86)/atollic/truestudio for stm32 9.3.0/armtools/bin/../lib/gcc/arm-atollic-eabi/6.3.1/../../../../arm-atollic-eabi/lib/armv7e-m/fpu/fpv5-d16\libc_nano.a(lib_a-closer.o)
 .ARM.attributes
                0x000008bb       0x32 c:/program files (x86)/atollic/truestudio for stm32 9.3.0/armtools/bin/../lib/gcc/arm-atollic-eabi/6.3.1/../../../../arm-atollic-eabi/lib/armv7e-m/fpu/fpv5-d16\libc_nano.a(lib_a-fflush.o)
 .ARM.attributes
                0x000008ed       0x32 c:/program files (x86)/atollic/truestudio for stm32 9.3.0/armtools/bin/../lib/gcc/arm-atollic-eabi/6.3.1/../../../../arm-atollic-eabi/lib/armv7e-m/fpu/fpv5-d16\libc_nano.a(lib_a-lseekr.o)
 .ARM.attributes
                0x0000091f       0x32 c:/program files (x86)/atollic/truestudio for stm32 9.3.0/armtools/bin/../lib/gcc/arm-atollic-eabi/6.3.1/../../../../arm-atollic-eabi/lib/armv7e-m/fpu/fpv5-d16\libc_nano.a(lib_a-makebuf.o)
 .ARM.attributes
                0x00000951       0x1e c:/program files (x86)/atollic/truestudio for stm32 9.3.0/armtools/bin/../lib/gcc/arm-atollic-eabi/6.3.1/../../../../arm-atollic-eabi/lib/armv7e-m/fpu/fpv5-d16\libc_nano.a(lib_a-memchr.o)
 .ARM.attributes
                0x0000096f       0x32 c:/program files (x86)/atollic/truestudio for stm32 9.3.0/armtools/bin/../lib/gcc/arm-atollic-eabi/6.3.1/../../../../arm-atollic-eabi/lib/armv7e-m/fpu/fpv5-d16\libc_nano.a(lib_a-mlock.o)
 .ARM.attributes
                0x000009a1       0x32 c:/program files (x86)/atollic/truestudio for stm32 9.3.0/armtools/bin/../lib/gcc/arm-atollic-eabi/6.3.1/../../../../arm-atollic-eabi/lib/armv7e-m/fpu/fpv5-d16\libc_nano.a(lib_a-nano-freer.o)
 .ARM.attributes
                0x000009d3       0x32 c:/program files (x86)/atollic/truestudio for stm32 9.3.0/armtools/bin/../lib/gcc/arm-atollic-eabi/6.3.1/../../../../arm-atollic-eabi/lib/armv7e-m/fpu/fpv5-d16\libc_nano.a(lib_a-readr.o)
 .ARM.attributes
                0x00000a05       0x32 c:/program files (x86)/atollic/truestudio for stm32 9.3.0/armtools/bin/../lib/gcc/arm-atollic-eabi/6.3.1/../../../../arm-atollic-eabi/lib/armv7e-m/fpu/fpv5-d16\libc_nano.a(lib_a-reent.o)
 .ARM.attributes
                0x00000a37       0x32 c:/program files (x86)/atollic/truestudio for stm32 9.3.0/armtools/bin/../lib/gcc/arm-atollic-eabi/6.3.1/../../../../arm-atollic-eabi/lib/armv7e-m/fpu/fpv5-d16\libc_nano.a(lib_a-fstatr.o)
 .ARM.attributes
                0x00000a69       0x32 c:/program files (x86)/atollic/truestudio for stm32 9.3.0/armtools/bin/../lib/gcc/arm-atollic-eabi/6.3.1/../../../../arm-atollic-eabi/lib/armv7e-m/fpu/fpv5-d16\libc_nano.a(lib_a-isattyr.o)
 .ARM.attributes
                0x00000a9b       0x20 c:/program files (x86)/atollic/truestudio for stm32 9.3.0/armtools/bin/../lib/gcc/arm-atollic-eabi/6.3.1/armv7e-m/fpu/fpv5-d16\libgcc.a(_aeabi_uldivmod.o)
 .ARM.attributes
                0x00000abb       0x32 c:/program files (x86)/atollic/truestudio for stm32 9.3.0/armtools/bin/../lib/gcc/arm-atollic-eabi/6.3.1/armv7e-m/fpu/fpv5-d16\libgcc.a(_udivmoddi4.o)
 .ARM.attributes
                0x00000aed       0x20 c:/program files (x86)/atollic/truestudio for stm32 9.3.0/armtools/bin/../lib/gcc/arm-atollic-eabi/6.3.1/armv7e-m/fpu/fpv5-d16\libgcc.a(_dvmd_tls.o)
 .ARM.attributes
                0x00000b0d       0x20 c:/program files (x86)/atollic/truestudio for stm32 9.3.0/armtools/bin/../lib/gcc/arm-atollic-eabi/6.3.1/armv7e-m/fpu/fpv5-d16/crtn.o
OUTPUT(F767_Test_01.elf elf32-littlearm)

.debug_info     0x00000000    0x18cb5
 .debug_info    0x00000000      0xb06 Drivers\STM32F7xx_HAL_Driver\Src\stm32f7xx_hal.o
 .debug_info    0x00000b06     0x11ee Drivers\STM32F7xx_HAL_Driver\Src\stm32f7xx_hal_cortex.o
 .debug_info    0x00001cf4     0x19db Drivers\STM32F7xx_HAL_Driver\Src\stm32f7xx_hal_eth.o
 .debug_info    0x000036cf      0x7fa Drivers\STM32F7xx_HAL_Driver\Src\stm32f7xx_hal_gpio.o
 .debug_info    0x00003ec9     0x1810 Drivers\STM32F7xx_HAL_Driver\Src\stm32f7xx_hal_pcd.o
 .debug_info    0x000056d9      0x812 Drivers\STM32F7xx_HAL_Driver\Src\stm32f7xx_hal_pcd_ex.o
 .debug_info    0x00005eeb      0x9c5 Drivers\STM32F7xx_HAL_Driver\Src\stm32f7xx_hal_pwr.o
 .debug_info    0x000068b0      0xa38 Drivers\STM32F7xx_HAL_Driver\Src\stm32f7xx_hal_pwr_ex.o
 .debug_info    0x000072e8      0xba6 Drivers\STM32F7xx_HAL_Driver\Src\stm32f7xx_hal_rcc.o
 .debug_info    0x00007e8e      0x8c9 Drivers\STM32F7xx_HAL_Driver\Src\stm32f7xx_hal_rcc_ex.o
 .debug_info    0x00008757     0x36ac Drivers\STM32F7xx_HAL_Driver\Src\stm32f7xx_hal_tim.o
 .debug_info    0x0000be03     0x14fe Drivers\STM32F7xx_HAL_Driver\Src\stm32f7xx_hal_tim_ex.o
 .debug_info    0x0000d301     0x1bf6 Drivers\STM32F7xx_HAL_Driver\Src\stm32f7xx_hal_uart.o
 .debug_info    0x0000eef7     0x1be2 Drivers\STM32F7xx_HAL_Driver\Src\stm32f7xx_ll_usb.o
 .debug_info    0x00010ad9      0xd8d Src\eth.o
 .debug_info    0x00011866      0x91f Src\gpio.o
 .debug_info    0x00012185     0x2611 Src\main.o
 .debug_info    0x00014796      0x387 Src\stm32f7xx_hal_msp.o
 .debug_info    0x00014b1d      0x799 Src\stm32f7xx_it.o
 .debug_info    0x000152b6      0xfe1 Src\syscalls.o
 .debug_info    0x00016297      0x744 Src\system_stm32f7xx.o
 .debug_info    0x000169db      0xce4 Src\tim.o
 .debug_info    0x000176bf      0xaf5 Src\usart.o
 .debug_info    0x000181b4      0xa9b Src\usb_otg.o
 .debug_info    0x00018c4f       0x66 startup\startup_stm32f767xx.o

.debug_abbrev   0x00000000     0x370e
 .debug_abbrev  0x00000000      0x239 Drivers\STM32F7xx_HAL_Driver\Src\stm32f7xx_hal.o
 .debug_abbrev  0x00000239      0x314 Drivers\STM32F7xx_HAL_Driver\Src\stm32f7xx_hal_cortex.o
 .debug_abbrev  0x0000054d      0x34e Drivers\STM32F7xx_HAL_Driver\Src\stm32f7xx_hal_eth.o
 .debug_abbrev  0x0000089b      0x1ef Drivers\STM32F7xx_HAL_Driver\Src\stm32f7xx_hal_gpio.o
 .debug_abbrev  0x00000a8a      0x341 Drivers\STM32F7xx_HAL_Driver\Src\stm32f7xx_hal_pcd.o
 .debug_abbrev  0x00000dcb      0x1ed Drivers\STM32F7xx_HAL_Driver\Src\stm32f7xx_hal_pcd_ex.o
 .debug_abbrev  0x00000fb8      0x1b3 Drivers\STM32F7xx_HAL_Driver\Src\stm32f7xx_hal_pwr.o
 .debug_abbrev  0x0000116b      0x1c4 Drivers\STM32F7xx_HAL_Driver\Src\stm32f7xx_hal_pwr_ex.o
 .debug_abbrev  0x0000132f      0x2d6 Drivers\STM32F7xx_HAL_Driver\Src\stm32f7xx_hal_rcc.o
 .debug_abbrev  0x00001605      0x1c8 Drivers\STM32F7xx_HAL_Driver\Src\stm32f7xx_hal_rcc_ex.o
 .debug_abbrev  0x000017cd      0x324 Drivers\STM32F7xx_HAL_Driver\Src\stm32f7xx_hal_tim.o
 .debug_abbrev  0x00001af1      0x29c Drivers\STM32F7xx_HAL_Driver\Src\stm32f7xx_hal_tim_ex.o
 .debug_abbrev  0x00001d8d      0x31d Drivers\STM32F7xx_HAL_Driver\Src\stm32f7xx_hal_uart.o
 .debug_abbrev  0x000020aa      0x341 Drivers\STM32F7xx_HAL_Driver\Src\stm32f7xx_ll_usb.o
 .debug_abbrev  0x000023eb      0x1f9 Src\eth.o
 .debug_abbrev  0x000025e4      0x18d Src\gpio.o
 .debug_abbrev  0x00002771      0x2df Src\main.o
 .debug_abbrev  0x00002a50      0x102 Src\stm32f7xx_hal_msp.o
 .debug_abbrev  0x00002b52      0x1cf Src\stm32f7xx_it.o
 .debug_abbrev  0x00002d21      0x2d9 Src\syscalls.o
 .debug_abbrev  0x00002ffa      0x142 Src\system_stm32f7xx.o
 .debug_abbrev  0x0000313c      0x1d9 Src\tim.o
 .debug_abbrev  0x00003315      0x1eb Src\usart.o
 .debug_abbrev  0x00003500      0x1fc Src\usb_otg.o
 .debug_abbrev  0x000036fc       0x12 startup\startup_stm32f767xx.o

.debug_loc      0x00000000     0xa7c3
 .debug_loc     0x00000000      0x11b Drivers\STM32F7xx_HAL_Driver\Src\stm32f7xx_hal.o
 .debug_loc     0x0000011b      0x57e Drivers\STM32F7xx_HAL_Driver\Src\stm32f7xx_hal_cortex.o
 .debug_loc     0x00000699      0xca2 Drivers\STM32F7xx_HAL_Driver\Src\stm32f7xx_hal_eth.o
 .debug_loc     0x0000133b      0x36d Drivers\STM32F7xx_HAL_Driver\Src\stm32f7xx_hal_gpio.o
 .debug_loc     0x000016a8      0xb70 Drivers\STM32F7xx_HAL_Driver\Src\stm32f7xx_hal_pcd.o
 .debug_loc     0x00002218      0x14d Drivers\STM32F7xx_HAL_Driver\Src\stm32f7xx_hal_pcd_ex.o
 .debug_loc     0x00002365       0xae Drivers\STM32F7xx_HAL_Driver\Src\stm32f7xx_hal_pwr.o
 .debug_loc     0x00002413      0x1c2 Drivers\STM32F7xx_HAL_Driver\Src\stm32f7xx_hal_pwr_ex.o
 .debug_loc     0x000025d5      0x40a Drivers\STM32F7xx_HAL_Driver\Src\stm32f7xx_hal_rcc.o
 .debug_loc     0x000029df      0x5dc Drivers\STM32F7xx_HAL_Driver\Src\stm32f7xx_hal_rcc_ex.o
 .debug_loc     0x00002fbb     0x32c7 Drivers\STM32F7xx_HAL_Driver\Src\stm32f7xx_hal_tim.o
 .debug_loc     0x00006282      0xe88 Drivers\STM32F7xx_HAL_Driver\Src\stm32f7xx_hal_tim_ex.o
 .debug_loc     0x0000710a     0x13e8 Drivers\STM32F7xx_HAL_Driver\Src\stm32f7xx_hal_uart.o
 .debug_loc     0x000084f2     0x1bda Drivers\STM32F7xx_HAL_Driver\Src\stm32f7xx_ll_usb.o
 .debug_loc     0x0000a0cc       0x58 Src\eth.o
 .debug_loc     0x0000a124       0x97 Src\main.o
 .debug_loc     0x0000a1bb      0x3ef Src\syscalls.o
 .debug_loc     0x0000a5aa      0x11c Src\system_stm32f7xx.o
 .debug_loc     0x0000a6c6       0x4d Src\tim.o
 .debug_loc     0x0000a713       0x58 Src\usart.o
 .debug_loc     0x0000a76b       0x58 Src\usb_otg.o

.debug_aranges  0x00000000      0xf10
 .debug_aranges
                0x00000000      0x108 Drivers\STM32F7xx_HAL_Driver\Src\stm32f7xx_hal.o
 .debug_aranges
                0x00000108       0xa8 Drivers\STM32F7xx_HAL_Driver\Src\stm32f7xx_hal_cortex.o
 .debug_aranges
                0x000001b0       0xa8 Drivers\STM32F7xx_HAL_Driver\Src\stm32f7xx_hal_eth.o
 .debug_aranges
                0x00000258       0x58 Drivers\STM32F7xx_HAL_Driver\Src\stm32f7xx_hal_gpio.o
 .debug_aranges
                0x000002b0       0xc0 Drivers\STM32F7xx_HAL_Driver\Src\stm32f7xx_hal_pcd.o
 .debug_aranges
                0x00000370       0x40 Drivers\STM32F7xx_HAL_Driver\Src\stm32f7xx_hal_pcd_ex.o
 .debug_aranges
                0x000003b0       0xa0 Drivers\STM32F7xx_HAL_Driver\Src\stm32f7xx_hal_pwr.o
 .debug_aranges
                0x00000450       0x80 Drivers\STM32F7xx_HAL_Driver\Src\stm32f7xx_hal_pwr_ex.o
 .debug_aranges
                0x000004d0       0x88 Drivers\STM32F7xx_HAL_Driver\Src\stm32f7xx_hal_rcc.o
 .debug_aranges
                0x00000558       0x50 Drivers\STM32F7xx_HAL_Driver\Src\stm32f7xx_hal_rcc_ex.o
 .debug_aranges
                0x000005a8      0x288 Drivers\STM32F7xx_HAL_Driver\Src\stm32f7xx_hal_tim.o
 .debug_aranges
                0x00000830      0x108 Drivers\STM32F7xx_HAL_Driver\Src\stm32f7xx_hal_tim_ex.o
 .debug_aranges
                0x00000938      0x1a0 Drivers\STM32F7xx_HAL_Driver\Src\stm32f7xx_hal_uart.o
 .debug_aranges
                0x00000ad8      0x198 Drivers\STM32F7xx_HAL_Driver\Src\stm32f7xx_ll_usb.o
 .debug_aranges
                0x00000c70       0x30 Src\eth.o
 .debug_aranges
                0x00000ca0       0x20 Src\gpio.o
 .debug_aranges
                0x00000cc0       0x48 Src\main.o
 .debug_aranges
                0x00000d08       0x20 Src\stm32f7xx_hal_msp.o
 .debug_aranges
                0x00000d28       0x58 Src\stm32f7xx_it.o
 .debug_aranges
                0x00000d80       0xb0 Src\syscalls.o
 .debug_aranges
                0x00000e30       0x28 Src\system_stm32f7xx.o
 .debug_aranges
                0x00000e58       0x30 Src\tim.o
 .debug_aranges
                0x00000e88       0x30 Src\usart.o
 .debug_aranges
                0x00000eb8       0x30 Src\usb_otg.o
 .debug_aranges
                0x00000ee8       0x28 startup\startup_stm32f767xx.o

.debug_ranges   0x00000000     0x1270
 .debug_ranges  0x00000000       0xf8 Drivers\STM32F7xx_HAL_Driver\Src\stm32f7xx_hal.o
 .debug_ranges  0x000000f8      0x138 Drivers\STM32F7xx_HAL_Driver\Src\stm32f7xx_hal_cortex.o
 .debug_ranges  0x00000230      0x158 Drivers\STM32F7xx_HAL_Driver\Src\stm32f7xx_hal_eth.o
 .debug_ranges  0x00000388       0x70 Drivers\STM32F7xx_HAL_Driver\Src\stm32f7xx_hal_gpio.o
 .debug_ranges  0x000003f8       0xe8 Drivers\STM32F7xx_HAL_Driver\Src\stm32f7xx_hal_pcd.o
 .debug_ranges  0x000004e0       0x30 Drivers\STM32F7xx_HAL_Driver\Src\stm32f7xx_hal_pcd_ex.o
 .debug_ranges  0x00000510       0x90 Drivers\STM32F7xx_HAL_Driver\Src\stm32f7xx_hal_pwr.o
 .debug_ranges  0x000005a0       0xe8 Drivers\STM32F7xx_HAL_Driver\Src\stm32f7xx_hal_pwr_ex.o
 .debug_ranges  0x00000688       0xf0 Drivers\STM32F7xx_HAL_Driver\Src\stm32f7xx_hal_rcc.o
 .debug_ranges  0x00000778       0x58 Drivers\STM32F7xx_HAL_Driver\Src\stm32f7xx_hal_rcc_ex.o
 .debug_ranges  0x000007d0      0x358 Drivers\STM32F7xx_HAL_Driver\Src\stm32f7xx_hal_tim.o
 .debug_ranges  0x00000b28       0xf8 Drivers\STM32F7xx_HAL_Driver\Src\stm32f7xx_hal_tim_ex.o
 .debug_ranges  0x00000c20      0x190 Drivers\STM32F7xx_HAL_Driver\Src\stm32f7xx_hal_uart.o
 .debug_ranges  0x00000db0      0x1a8 Drivers\STM32F7xx_HAL_Driver\Src\stm32f7xx_ll_usb.o
 .debug_ranges  0x00000f58       0x60 Src\eth.o
 .debug_ranges  0x00000fb8       0x48 Src\gpio.o
 .debug_ranges  0x00001000       0x70 Src\main.o
 .debug_ranges  0x00001070       0x28 Src\stm32f7xx_hal_msp.o
 .debug_ranges  0x00001098       0x48 Src\stm32f7xx_it.o
 .debug_ranges  0x000010e0       0xa0 Src\syscalls.o
 .debug_ranges  0x00001180       0x18 Src\system_stm32f7xx.o
 .debug_ranges  0x00001198       0x48 Src\tim.o
 .debug_ranges  0x000011e0       0x38 Src\usart.o
 .debug_ranges  0x00001218       0x38 Src\usb_otg.o
 .debug_ranges  0x00001250       0x20 startup\startup_stm32f767xx.o

.debug_line     0x00000000     0x812e
 .debug_line    0x00000000      0x44b Drivers\STM32F7xx_HAL_Driver\Src\stm32f7xx_hal.o
 .debug_line    0x0000044b      0x473 Drivers\STM32F7xx_HAL_Driver\Src\stm32f7xx_hal_cortex.o
 .debug_line    0x000008be      0x9b4 Drivers\STM32F7xx_HAL_Driver\Src\stm32f7xx_hal_eth.o
 .debug_line    0x00001272      0x427 Drivers\STM32F7xx_HAL_Driver\Src\stm32f7xx_hal_gpio.o
 .debug_line    0x00001699      0x74f Drivers\STM32F7xx_HAL_Driver\Src\stm32f7xx_hal_pcd.o
 .debug_line    0x00001de8      0x2b5 Drivers\STM32F7xx_HAL_Driver\Src\stm32f7xx_hal_pcd_ex.o
 .debug_line    0x0000209d      0x387 Drivers\STM32F7xx_HAL_Driver\Src\stm32f7xx_hal_pwr.o
 .debug_line    0x00002424      0x38b Drivers\STM32F7xx_HAL_Driver\Src\stm32f7xx_hal_pwr_ex.o
 .debug_line    0x000027af      0x5bf Drivers\STM32F7xx_HAL_Driver\Src\stm32f7xx_hal_rcc.o
 .debug_line    0x00002d6e      0x47a Drivers\STM32F7xx_HAL_Driver\Src\stm32f7xx_hal_rcc_ex.o
 .debug_line    0x000031e8     0x13b8 Drivers\STM32F7xx_HAL_Driver\Src\stm32f7xx_hal_tim.o
 .debug_line    0x000045a0      0x804 Drivers\STM32F7xx_HAL_Driver\Src\stm32f7xx_hal_tim_ex.o
 .debug_line    0x00004da4      0xd69 Drivers\STM32F7xx_HAL_Driver\Src\stm32f7xx_hal_uart.o
 .debug_line    0x00005b0d      0x96d Drivers\STM32F7xx_HAL_Driver\Src\stm32f7xx_ll_usb.o
 .debug_line    0x0000647a      0x2b9 Src\eth.o
 .debug_line    0x00006733      0x246 Src\gpio.o
 .debug_line    0x00006979      0x4e1 Src\main.o
 .debug_line    0x00006e5a      0x1e7 Src\stm32f7xx_hal_msp.o
 .debug_line    0x00007041      0x2ad Src\stm32f7xx_it.o
 .debug_line    0x000072ee      0x3bf Src\syscalls.o
 .debug_line    0x000076ad      0x214 Src\system_stm32f7xx.o
 .debug_line    0x000078c1      0x2a6 Src\tim.o
 .debug_line    0x00007b67      0x296 Src\usart.o
 .debug_line    0x00007dfd      0x2b2 Src\usb_otg.o
 .debug_line    0x000080af       0x7f startup\startup_stm32f767xx.o

.debug_str      0x00000000     0x64cb
 .debug_str     0x00000000      0xd0e Drivers\STM32F7xx_HAL_Driver\Src\stm32f7xx_hal.o
                                0xd77 (size before relaxing)
 .debug_str     0x00000d0e      0x567 Drivers\STM32F7xx_HAL_Driver\Src\stm32f7xx_hal_cortex.o
                                0xf0b (size before relaxing)
 .debug_str     0x00001275      0xb61 Drivers\STM32F7xx_HAL_Driver\Src\stm32f7xx_hal_eth.o
                                0xfce (size before relaxing)
 .debug_str     0x00001dd6      0x195 Drivers\STM32F7xx_HAL_Driver\Src\stm32f7xx_hal_gpio.o
                                0x5cf (size before relaxing)
 .debug_str     0x00001f6b      0xb0a Drivers\STM32F7xx_HAL_Driver\Src\stm32f7xx_hal_pcd.o
                                0xe39 (size before relaxing)
 .debug_str     0x00002a75      0x168 Drivers\STM32F7xx_HAL_Driver\Src\stm32f7xx_hal_pcd_ex.o
                                0x823 (size before relaxing)
 .debug_str     0x00002bdd      0x22e Drivers\STM32F7xx_HAL_Driver\Src\stm32f7xx_hal_pwr.o
                                0x70f (size before relaxing)
 .debug_str     0x00002e0b      0x1dc Drivers\STM32F7xx_HAL_Driver\Src\stm32f7xx_hal_pwr_ex.o
                                0x71e (size before relaxing)
 .debug_str     0x00002fe7      0x2f8 Drivers\STM32F7xx_HAL_Driver\Src\stm32f7xx_hal_rcc.o
                                0x7b6 (size before relaxing)
 .debug_str     0x000032df      0x3fb Drivers\STM32F7xx_HAL_Driver\Src\stm32f7xx_hal_rcc_ex.o
                                0x80b (size before relaxing)
 .debug_str     0x000036da     0x126a Drivers\STM32F7xx_HAL_Driver\Src\stm32f7xx_hal_tim.o
                               0x160e (size before relaxing)
 .debug_str     0x00004944      0x644 Drivers\STM32F7xx_HAL_Driver\Src\stm32f7xx_hal_tim_ex.o
                                0xf20 (size before relaxing)
 .debug_str     0x00004f88      0x896 Drivers\STM32F7xx_HAL_Driver\Src\stm32f7xx_hal_uart.o
                                0xf9a (size before relaxing)
 .debug_str     0x0000581e      0x40d Drivers\STM32F7xx_HAL_Driver\Src\stm32f7xx_ll_usb.o
                                0xd34 (size before relaxing)
 .debug_str     0x00005c2b       0x38 Src\eth.o
                                0x94b (size before relaxing)
 .debug_str     0x00005c63       0x1b Src\gpio.o
                                0xad6 (size before relaxing)
 .debug_str     0x00005c7e      0x47b Src\main.o
                               0x1bd1 (size before relaxing)
 .debug_str     0x000060f9       0x1b Src\stm32f7xx_hal_msp.o
                                0x3b7 (size before relaxing)
 .debug_str     0x00006114       0xcb Src\stm32f7xx_it.o
                                0x7ee (size before relaxing)
 .debug_str     0x000061df      0x256 Src\syscalls.o
                                0x865 (size before relaxing)
 .debug_str     0x00006435       0x45 Src\system_stm32f7xx.o
                                0x4fc (size before relaxing)
 .debug_str     0x0000647a       0x1c Src\tim.o
                                0xf92 (size before relaxing)
 .debug_str     0x00006496       0x1a Src\usart.o
                                0x8f4 (size before relaxing)
 .debug_str     0x000064b0       0x1b Src\usb_otg.o
                                0x889 (size before relaxing)

.comment        0x00000000       0x7c
 .comment       0x00000000       0x7c Drivers\STM32F7xx_HAL_Driver\Src\stm32f7xx_hal.o
                                 0x7d (size before relaxing)
 .comment       0x0000007c       0x7d Drivers\STM32F7xx_HAL_Driver\Src\stm32f7xx_hal_cortex.o
 .comment       0x0000007c       0x7d Drivers\STM32F7xx_HAL_Driver\Src\stm32f7xx_hal_eth.o
 .comment       0x0000007c       0x7d Drivers\STM32F7xx_HAL_Driver\Src\stm32f7xx_hal_gpio.o
 .comment       0x0000007c       0x7d Drivers\STM32F7xx_HAL_Driver\Src\stm32f7xx_hal_pcd.o
 .comment       0x0000007c       0x7d Drivers\STM32F7xx_HAL_Driver\Src\stm32f7xx_hal_pcd_ex.o
 .comment       0x0000007c       0x7d Drivers\STM32F7xx_HAL_Driver\Src\stm32f7xx_hal_pwr.o
 .comment       0x0000007c       0x7d Drivers\STM32F7xx_HAL_Driver\Src\stm32f7xx_hal_pwr_ex.o
 .comment       0x0000007c       0x7d Drivers\STM32F7xx_HAL_Driver\Src\stm32f7xx_hal_rcc.o
 .comment       0x0000007c       0x7d Drivers\STM32F7xx_HAL_Driver\Src\stm32f7xx_hal_rcc_ex.o
 .comment       0x0000007c       0x7d Drivers\STM32F7xx_HAL_Driver\Src\stm32f7xx_hal_tim.o
 .comment       0x0000007c       0x7d Drivers\STM32F7xx_HAL_Driver\Src\stm32f7xx_hal_tim_ex.o
 .comment       0x0000007c       0x7d Drivers\STM32F7xx_HAL_Driver\Src\stm32f7xx_hal_uart.o
 .comment       0x0000007c       0x7d Drivers\STM32F7xx_HAL_Driver\Src\stm32f7xx_ll_usb.o
 .comment       0x0000007c       0x7d Src\eth.o
 .comment       0x0000007c       0x7d Src\gpio.o
 .comment       0x0000007c       0x7d Src\main.o
 .comment       0x0000007c       0x7d Src\stm32f7xx_hal_msp.o
 .comment       0x0000007c       0x7d Src\stm32f7xx_it.o
 .comment       0x0000007c       0x7d Src\syscalls.o
 .comment       0x0000007c       0x7d Src\system_stm32f7xx.o
 .comment       0x0000007c       0x7d Src\tim.o
 .comment       0x0000007c       0x7d Src\usart.o
 .comment       0x0000007c       0x7d Src\usb_otg.o

.debug_frame    0x00000000     0x31d8
 .debug_frame   0x00000000      0x230 Drivers\STM32F7xx_HAL_Driver\Src\stm32f7xx_hal.o
 .debug_frame   0x00000230      0x158 Drivers\STM32F7xx_HAL_Driver\Src\stm32f7xx_hal_cortex.o
 .debug_frame   0x00000388      0x254 Drivers\STM32F7xx_HAL_Driver\Src\stm32f7xx_hal_eth.o
 .debug_frame   0x000005dc       0xd8 Drivers\STM32F7xx_HAL_Driver\Src\stm32f7xx_hal_gpio.o
 .debug_frame   0x000006b4      0x2c4 Drivers\STM32F7xx_HAL_Driver\Src\stm32f7xx_hal_pcd.o
 .debug_frame   0x00000978       0x7c Drivers\STM32F7xx_HAL_Driver\Src\stm32f7xx_hal_pcd_ex.o
 .debug_frame   0x000009f4      0x130 Drivers\STM32F7xx_HAL_Driver\Src\stm32f7xx_hal_pwr.o
 .debug_frame   0x00000b24      0x13c Drivers\STM32F7xx_HAL_Driver\Src\stm32f7xx_hal_pwr_ex.o
 .debug_frame   0x00000c60      0x148 Drivers\STM32F7xx_HAL_Driver\Src\stm32f7xx_hal_rcc.o
 .debug_frame   0x00000da8       0xcc Drivers\STM32F7xx_HAL_Driver\Src\stm32f7xx_hal_rcc_ex.o
 .debug_frame   0x00000e74      0x95c Drivers\STM32F7xx_HAL_Driver\Src\stm32f7xx_hal_tim.o
 .debug_frame   0x000017d0      0x3a8 Drivers\STM32F7xx_HAL_Driver\Src\stm32f7xx_hal_tim_ex.o
 .debug_frame   0x00001b78      0x54c Drivers\STM32F7xx_HAL_Driver\Src\stm32f7xx_hal_uart.o
 .debug_frame   0x000020c4      0x45c Drivers\STM32F7xx_HAL_Driver\Src\stm32f7xx_ll_usb.o
 .debug_frame   0x00002520       0x74 Src\eth.o
 .debug_frame   0x00002594       0x34 Src\gpio.o
 .debug_frame   0x000025c8       0xa0 Src\main.o
 .debug_frame   0x00002668       0x28 Src\stm32f7xx_hal_msp.o
 .debug_frame   0x00002690       0xc0 Src\stm32f7xx_it.o
 .debug_frame   0x00002750      0x1a8 Src\syscalls.o
 .debug_frame   0x000028f8       0x38 Src\system_stm32f7xx.o
 .debug_frame   0x00002930       0x54 Src\tim.o
 .debug_frame   0x00002984       0x60 Src\usart.o
 .debug_frame   0x000029e4       0x60 Src\usb_otg.o
 .debug_frame   0x00002a44       0x20 c:/program files (x86)/atollic/truestudio for stm32 9.3.0/armtools/bin/../lib/gcc/arm-atollic-eabi/6.3.1/../../../../arm-atollic-eabi/lib/armv7e-m/fpu/fpv5-d16\libc_nano.a(lib_a-errno.o)
 .debug_frame   0x00002a64       0x2c c:/program files (x86)/atollic/truestudio for stm32 9.3.0/armtools/bin/../lib/gcc/arm-atollic-eabi/6.3.1/../../../../arm-atollic-eabi/lib/armv7e-m/fpu/fpv5-d16\libc_nano.a(lib_a-init.o)
 .debug_frame   0x00002a90       0x20 c:/program files (x86)/atollic/truestudio for stm32 9.3.0/armtools/bin/../lib/gcc/arm-atollic-eabi/6.3.1/../../../../arm-atollic-eabi/lib/armv7e-m/fpu/fpv5-d16\libc_nano.a(lib_a-memset.o)
 .debug_frame   0x00002ab0       0x74 c:/program files (x86)/atollic/truestudio for stm32 9.3.0/armtools/bin/../lib/gcc/arm-atollic-eabi/6.3.1/../../../../arm-atollic-eabi/lib/armv7e-m/fpu/fpv5-d16\libc_nano.a(lib_a-printf.o)
 .debug_frame   0x00002b24      0x11c c:/program files (x86)/atollic/truestudio for stm32 9.3.0/armtools/bin/../lib/gcc/arm-atollic-eabi/6.3.1/../../../../arm-atollic-eabi/lib/armv7e-m/fpu/fpv5-d16\libc_nano.a(lib_a-findfp.o)
 .debug_frame   0x00002c40       0x54 c:/program files (x86)/atollic/truestudio for stm32 9.3.0/armtools/bin/../lib/gcc/arm-atollic-eabi/6.3.1/../../../../arm-atollic-eabi/lib/armv7e-m/fpu/fpv5-d16\libc_nano.a(lib_a-fwalk.o)
 .debug_frame   0x00002c94       0x2c c:/program files (x86)/atollic/truestudio for stm32 9.3.0/armtools/bin/../lib/gcc/arm-atollic-eabi/6.3.1/../../../../arm-atollic-eabi/lib/armv7e-m/fpu/fpv5-d16\libc_nano.a(lib_a-nano-mallocr.o)
 .debug_frame   0x00002cc0       0xac c:/program files (x86)/atollic/truestudio for stm32 9.3.0/armtools/bin/../lib/gcc/arm-atollic-eabi/6.3.1/../../../../arm-atollic-eabi/lib/armv7e-m/fpu/fpv5-d16\libc_nano.a(lib_a-nano-vfprintf.o)
 .debug_frame   0x00002d6c       0x60 c:/program files (x86)/atollic/truestudio for stm32 9.3.0/armtools/bin/../lib/gcc/arm-atollic-eabi/6.3.1/../../../../arm-atollic-eabi/lib/armv7e-m/fpu/fpv5-d16\libc_nano.a(lib_a-nano-vfprintf_i.o)
 .debug_frame   0x00002dcc       0x2c c:/program files (x86)/atollic/truestudio for stm32 9.3.0/armtools/bin/../lib/gcc/arm-atollic-eabi/6.3.1/../../../../arm-atollic-eabi/lib/armv7e-m/fpu/fpv5-d16\libc_nano.a(lib_a-sbrkr.o)
 .debug_frame   0x00002df8       0x88 c:/program files (x86)/atollic/truestudio for stm32 9.3.0/armtools/bin/../lib/gcc/arm-atollic-eabi/6.3.1/../../../../arm-atollic-eabi/lib/armv7e-m/fpu/fpv5-d16\libc_nano.a(lib_a-stdio.o)
 .debug_frame   0x00002e80       0x40 c:/program files (x86)/atollic/truestudio for stm32 9.3.0/armtools/bin/../lib/gcc/arm-atollic-eabi/6.3.1/../../../../arm-atollic-eabi/lib/armv7e-m/fpu/fpv5-d16\libc_nano.a(lib_a-wbuf.o)
 .debug_frame   0x00002ec0       0x2c c:/program files (x86)/atollic/truestudio for stm32 9.3.0/armtools/bin/../lib/gcc/arm-atollic-eabi/6.3.1/../../../../arm-atollic-eabi/lib/armv7e-m/fpu/fpv5-d16\libc_nano.a(lib_a-writer.o)
 .debug_frame   0x00002eec       0x2c c:/program files (x86)/atollic/truestudio for stm32 9.3.0/armtools/bin/../lib/gcc/arm-atollic-eabi/6.3.1/../../../../arm-atollic-eabi/lib/armv7e-m/fpu/fpv5-d16\libc_nano.a(lib_a-wsetup.o)
 .debug_frame   0x00002f18       0x2c c:/program files (x86)/atollic/truestudio for stm32 9.3.0/armtools/bin/../lib/gcc/arm-atollic-eabi/6.3.1/../../../../arm-atollic-eabi/lib/armv7e-m/fpu/fpv5-d16\libc_nano.a(lib_a-closer.o)
 .debug_frame   0x00002f44       0x68 c:/program files (x86)/atollic/truestudio for stm32 9.3.0/armtools/bin/../lib/gcc/arm-atollic-eabi/6.3.1/../../../../arm-atollic-eabi/lib/armv7e-m/fpu/fpv5-d16\libc_nano.a(lib_a-fflush.o)
 .debug_frame   0x00002fac       0x2c c:/program files (x86)/atollic/truestudio for stm32 9.3.0/armtools/bin/../lib/gcc/arm-atollic-eabi/6.3.1/../../../../arm-atollic-eabi/lib/armv7e-m/fpu/fpv5-d16\libc_nano.a(lib_a-lseekr.o)
 .debug_frame   0x00002fd8       0x58 c:/program files (x86)/atollic/truestudio for stm32 9.3.0/armtools/bin/../lib/gcc/arm-atollic-eabi/6.3.1/../../../../arm-atollic-eabi/lib/armv7e-m/fpu/fpv5-d16\libc_nano.a(lib_a-makebuf.o)
 .debug_frame   0x00003030       0x30 c:/program files (x86)/atollic/truestudio for stm32 9.3.0/armtools/bin/../lib/gcc/arm-atollic-eabi/6.3.1/../../../../arm-atollic-eabi/lib/armv7e-m/fpu/fpv5-d16\libc_nano.a(lib_a-mlock.o)
 .debug_frame   0x00003060       0x38 c:/program files (x86)/atollic/truestudio for stm32 9.3.0/armtools/bin/../lib/gcc/arm-atollic-eabi/6.3.1/../../../../arm-atollic-eabi/lib/armv7e-m/fpu/fpv5-d16\libc_nano.a(lib_a-nano-freer.o)
 .debug_frame   0x00003098       0x2c c:/program files (x86)/atollic/truestudio for stm32 9.3.0/armtools/bin/../lib/gcc/arm-atollic-eabi/6.3.1/../../../../arm-atollic-eabi/lib/armv7e-m/fpu/fpv5-d16\libc_nano.a(lib_a-readr.o)
 .debug_frame   0x000030c4       0x5c c:/program files (x86)/atollic/truestudio for stm32 9.3.0/armtools/bin/../lib/gcc/arm-atollic-eabi/6.3.1/../../../../arm-atollic-eabi/lib/armv7e-m/fpu/fpv5-d16\libc_nano.a(lib_a-reent.o)
 .debug_frame   0x00003120       0x2c c:/program files (x86)/atollic/truestudio for stm32 9.3.0/armtools/bin/../lib/gcc/arm-atollic-eabi/6.3.1/../../../../arm-atollic-eabi/lib/armv7e-m/fpu/fpv5-d16\libc_nano.a(lib_a-fstatr.o)
 .debug_frame   0x0000314c       0x2c c:/program files (x86)/atollic/truestudio for stm32 9.3.0/armtools/bin/../lib/gcc/arm-atollic-eabi/6.3.1/../../../../arm-atollic-eabi/lib/armv7e-m/fpu/fpv5-d16\libc_nano.a(lib_a-isattyr.o)
 .debug_frame   0x00003178       0x2c c:/program files (x86)/atollic/truestudio for stm32 9.3.0/armtools/bin/../lib/gcc/arm-atollic-eabi/6.3.1/armv7e-m/fpu/fpv5-d16\libgcc.a(_aeabi_uldivmod.o)
 .debug_frame   0x000031a4       0x34 c:/program files (x86)/atollic/truestudio for stm32 9.3.0/armtools/bin/../lib/gcc/arm-atollic-eabi/6.3.1/armv7e-m/fpu/fpv5-d16\libgcc.a(_udivmoddi4.o)
