usbd_cdc.c:739:16:USBD_CDC_EP0_RxReady	8	static
usbd_cdc.c:762:17:USBD_CDC_GetFSCfgDesc	0	static
usbd_cdc.c:776:17:USBD_CDC_GetHSCfgDesc	0	static
usbd_cdc.c:790:17:USBD_CDC_GetOtherSpeedCfgDesc	0	static
usbd_cdc.c:803:10:USBD_CDC_GetDeviceQualifierDescriptor	0	static
usbd_cdc.c:713:16:USBD_CDC_DataOut	16	static
usbd_cdc.c:676:16:USBD_CDC_DataIn	24	static
usbd_cdc.c:579:16:USBD_CDC_Setup	40	static
usbd_cdc.c:543:16:USBD_CDC_DeInit	16	static
usbd_cdc.c:459:16:USBD_CDC_Init	24	static
usbd_cdc.c:816:9:USBD_CDC_RegisterInterface	0	static
usbd_cdc.c:835:9:USBD_CDC_SetTxBuffer	0	static
usbd_cdc.c:853:9:USBD_CDC_SetRxBuffer	0	static
usbd_cdc.c:868:9:USBD_CDC_TransmitPacket	8	static
usbd_cdc.c:902:9:USBD_CDC_ReceivePacket	8	static
