usbd_cdc_if.c:280:15:CDC_DeInit_FS	0	static
usbd_cdc_if.c:450:15:CDC_TransmitCplt_FS	0	static
usbd_cdc_if.c:266:15:CDC_Init_FS	8	static
usbd_cdc_if.c:294:15:CDC_Control_FS	0	static
usbd_cdc_if.c:85:10:cdcAvailable	0	static
usbd_cdc_if.c:94:9:cdcRead	8	static
usbd_cdc_if.c:108:6:cdcDataIn	0	static
usbd_cdc_if.c:388:15:CDC_Receive_FS	16	static
usbd_cdc_if.c:155:10:cdcGetBaud	0	static
usbd_cdc_if.c:161:9:USBD_CDC_SOF	16	static
usbd_cdc_if.c:424:9:CDC_Transmit_FS	8	static
usbd_cdc_if.c:122:10:cdcWrite	24	static
