usbd_cdc_if.c:286:15:CDC_DeInit_FS	0	static
usbd_cdc_if.c:300:15:CDC_Control_FS	0	static
usbd_cdc_if.c:448:15:CDC_TransmitCplt_FS	0	static
usbd_cdc_if.c:272:15:CDC_Init_FS	8	static
usbd_cdc_if.c:91:10:cdcAvailable	0	static
usbd_cdc_if.c:100:9:cdcRead	8	static
usbd_cdc_if.c:114:6:cdcDataIn	0	static
usbd_cdc_if.c:381:15:CDC_Receive_FS	16	static
usbd_cdc_if.c:161:10:cdcGetBaud	0	static
usbd_cdc_if.c:167:9:USBD_CDC_SOF	16	static
usbd_cdc_if.c:422:9:CDC_Transmit_FS	8	static
usbd_cdc_if.c:128:10:cdcWrite	24	static
