Archive member included to satisfy reference by file (symbol)

c:/st/stm32cubeide_1.6.0/stm32cubeide/plugins/com.st.stm32cube.ide.mcu.externaltools.gnu-tools-for-stm32.9-2020-q2-update.win32_1.5.0.202011040924/tools/bin/../lib/gcc/arm-none-eabi/9.3.1/../../../../arm-none-eabi/lib/thumb/v7e-m+dp/hard\libc_nano.a(lib_a-errno.o)
                              Src/syscalls.o (__errno)
c:/st/stm32cubeide_1.6.0/stm32cubeide/plugins/com.st.stm32cube.ide.mcu.externaltools.gnu-tools-for-stm32.9-2020-q2-update.win32_1.5.0.202011040924/tools/bin/../lib/gcc/arm-none-eabi/9.3.1/../../../../arm-none-eabi/lib/thumb/v7e-m+dp/hard\libc_nano.a(lib_a-exit.o)
                              c:/st/stm32cubeide_1.6.0/stm32cubeide/plugins/com.st.stm32cube.ide.mcu.externaltools.gnu-tools-for-stm32.9-2020-q2-update.win32_1.5.0.202011040924/tools/bin/../lib/gcc/arm-none-eabi/9.3.1/../../../../arm-none-eabi/lib/thumb/v7e-m+dp/hard/crt0.o (exit)
c:/st/stm32cubeide_1.6.0/stm32cubeide/plugins/com.st.stm32cube.ide.mcu.externaltools.gnu-tools-for-stm32.9-2020-q2-update.win32_1.5.0.202011040924/tools/bin/../lib/gcc/arm-none-eabi/9.3.1/../../../../arm-none-eabi/lib/thumb/v7e-m+dp/hard\libc_nano.a(lib_a-impure.o)
                              c:/st/stm32cubeide_1.6.0/stm32cubeide/plugins/com.st.stm32cube.ide.mcu.externaltools.gnu-tools-for-stm32.9-2020-q2-update.win32_1.5.0.202011040924/tools/bin/../lib/gcc/arm-none-eabi/9.3.1/../../../../arm-none-eabi/lib/thumb/v7e-m+dp/hard\libc_nano.a(lib_a-exit.o) (_global_impure_ptr)
c:/st/stm32cubeide_1.6.0/stm32cubeide/plugins/com.st.stm32cube.ide.mcu.externaltools.gnu-tools-for-stm32.9-2020-q2-update.win32_1.5.0.202011040924/tools/bin/../lib/gcc/arm-none-eabi/9.3.1/../../../../arm-none-eabi/lib/thumb/v7e-m+dp/hard\libc_nano.a(lib_a-init.o)
                              c:/st/stm32cubeide_1.6.0/stm32cubeide/plugins/com.st.stm32cube.ide.mcu.externaltools.gnu-tools-for-stm32.9-2020-q2-update.win32_1.5.0.202011040924/tools/bin/../lib/gcc/arm-none-eabi/9.3.1/../../../../arm-none-eabi/lib/thumb/v7e-m+dp/hard/crt0.o (__libc_init_array)
c:/st/stm32cubeide_1.6.0/stm32cubeide/plugins/com.st.stm32cube.ide.mcu.externaltools.gnu-tools-for-stm32.9-2020-q2-update.win32_1.5.0.202011040924/tools/bin/../lib/gcc/arm-none-eabi/9.3.1/../../../../arm-none-eabi/lib/thumb/v7e-m+dp/hard\libc_nano.a(lib_a-memset.o)
                              c:/st/stm32cubeide_1.6.0/stm32cubeide/plugins/com.st.stm32cube.ide.mcu.externaltools.gnu-tools-for-stm32.9-2020-q2-update.win32_1.5.0.202011040924/tools/bin/../lib/gcc/arm-none-eabi/9.3.1/../../../../arm-none-eabi/lib/thumb/v7e-m+dp/hard/crt0.o (memset)
c:/st/stm32cubeide_1.6.0/stm32cubeide/plugins/com.st.stm32cube.ide.mcu.externaltools.gnu-tools-for-stm32.9-2020-q2-update.win32_1.5.0.202011040924/tools/bin/../lib/gcc/arm-none-eabi/9.3.1/../../../../arm-none-eabi/lib/thumb/v7e-m+dp/hard\libc_nano.a(lib_a-printf.o)
                              Src/main.o (printf)
c:/st/stm32cubeide_1.6.0/stm32cubeide/plugins/com.st.stm32cube.ide.mcu.externaltools.gnu-tools-for-stm32.9-2020-q2-update.win32_1.5.0.202011040924/tools/bin/../lib/gcc/arm-none-eabi/9.3.1/../../../../arm-none-eabi/lib/thumb/v7e-m+dp/hard\libc_nano.a(lib_a-puts.o)
                              Src/main.o (puts)
c:/st/stm32cubeide_1.6.0/stm32cubeide/plugins/com.st.stm32cube.ide.mcu.externaltools.gnu-tools-for-stm32.9-2020-q2-update.win32_1.5.0.202011040924/tools/bin/../lib/gcc/arm-none-eabi/9.3.1/../../../../arm-none-eabi/lib/thumb/v7e-m+dp/hard\libc_nano.a(lib_a-wbuf.o)
                              c:/st/stm32cubeide_1.6.0/stm32cubeide/plugins/com.st.stm32cube.ide.mcu.externaltools.gnu-tools-for-stm32.9-2020-q2-update.win32_1.5.0.202011040924/tools/bin/../lib/gcc/arm-none-eabi/9.3.1/../../../../arm-none-eabi/lib/thumb/v7e-m+dp/hard\libc_nano.a(lib_a-puts.o) (__swbuf_r)
c:/st/stm32cubeide_1.6.0/stm32cubeide/plugins/com.st.stm32cube.ide.mcu.externaltools.gnu-tools-for-stm32.9-2020-q2-update.win32_1.5.0.202011040924/tools/bin/../lib/gcc/arm-none-eabi/9.3.1/../../../../arm-none-eabi/lib/thumb/v7e-m+dp/hard\libc_nano.a(lib_a-wsetup.o)
                              c:/st/stm32cubeide_1.6.0/stm32cubeide/plugins/com.st.stm32cube.ide.mcu.externaltools.gnu-tools-for-stm32.9-2020-q2-update.win32_1.5.0.202011040924/tools/bin/../lib/gcc/arm-none-eabi/9.3.1/../../../../arm-none-eabi/lib/thumb/v7e-m+dp/hard\libc_nano.a(lib_a-puts.o) (__swsetup_r)
c:/st/stm32cubeide_1.6.0/stm32cubeide/plugins/com.st.stm32cube.ide.mcu.externaltools.gnu-tools-for-stm32.9-2020-q2-update.win32_1.5.0.202011040924/tools/bin/../lib/gcc/arm-none-eabi/9.3.1/../../../../arm-none-eabi/lib/thumb/v7e-m+dp/hard\libc_nano.a(lib_a-fflush.o)
                              c:/st/stm32cubeide_1.6.0/stm32cubeide/plugins/com.st.stm32cube.ide.mcu.externaltools.gnu-tools-for-stm32.9-2020-q2-update.win32_1.5.0.202011040924/tools/bin/../lib/gcc/arm-none-eabi/9.3.1/../../../../arm-none-eabi/lib/thumb/v7e-m+dp/hard\libc_nano.a(lib_a-wbuf.o) (_fflush_r)
[...]
Memory Configuration

Name             Origin             Length             Attributes
RAM              0x0000000020000000 0x0000000000080000 xrw
FLASH            0x0000000008000000 0x0000000000200000 xr
*default*        0x0000000000000000 0xffffffffffffffff

Linker script and memory map

LOAD c:/st/stm32cubeide_1.6.0/stm32cubeide/plugins/com.st.stm32cube.ide.mcu.externaltools.gnu-tools-for-stm32.9-2020-q2-update.win32_1.5.0.202011040924/tools/bin/../lib/gcc/arm-none-eabi/9.3.1/thumb/v7e-m+dp/hard/crti.o
LOAD c:/st/stm32cubeide_1.6.0/stm32cubeide/plugins/com.st.stm32cube.ide.mcu.externaltools.gnu-tools-for-stm32.9-2020-q2-update.win32_1.5.0.202011040924/tools/bin/../lib/gcc/arm-none-eabi/9.3.1/thumb/v7e-m+dp/hard/crtbegin.o
LOAD c:/st/stm32cubeide_1.6.0/stm32cubeide/plugins/com.st.stm32cube.ide.mcu.externaltools.gnu-tools-for-stm32.9-2020-q2-update.win32_1.5.0.202011040924/tools/bin/../lib/gcc/arm-none-eabi/9.3.1/../../../../arm-none-eabi/lib/thumb/v7e-m+dp/hard/crt0.o
LOAD Src/BSP/stm32f7xx_hal_msp.o
LOAD Src/BSP/stm32f7xx_it.o
LOAD Src/BSP/system_stm32f7xx.o
LOAD Src/cli.o
LOAD Src/main.o
LOAD Src/qbuffer.o
LOAD Src/syscalls.o
LOAD Src/sysmem.o
LOAD Src/usart.o
LOAD Src/lib/cube_f767/Drivers/STM32F7xx_HAL_Driver/Src/stm32f7xx_hal.o
LOAD Src/lib/cube_f767/Drivers/STM32F7xx_HAL_Driver/Src/stm32f7xx_hal_cortex.o
LOAD Src/lib/cube_f767/Drivers/STM32F7xx_HAL_Driver/Src/stm32f7xx_hal_dma.o
LOAD Src/lib/cube_f767/Drivers/STM32F7xx_HAL_Driver/Src/stm32f7xx_hal_dma_ex.o
LOAD Src/lib/cube_f767/Drivers/STM32F7xx_HAL_Driver/Src/stm32f7xx_hal_eth.o
LOAD Src/lib/cube_f767/Drivers/STM32F7xx_HAL_Driver/Src/stm32f7xx_hal_exti.o
LOAD Src/lib/cube_f767/Drivers/STM32F7xx_HAL_Driver/Src/stm32f7xx_hal_flash.o
LOAD Src/lib/cube_f767/Drivers/STM32F7xx_HAL_Driver/Src/stm32f7xx_hal_flash_ex.o
LOAD Src/lib/cube_f767/Drivers/STM32F7xx_HAL_Driver/Src/stm32f7xx_hal_gpio.o
LOAD Src/lib/cube_f767/Drivers/STM32F7xx_HAL_Driver/Src/stm32f7xx_hal_i2c.o
LOAD Src/lib/cube_f767/Drivers/STM32F7xx_HAL_Driver/Src/stm32f7xx_hal_i2c_ex.o
LOAD Src/lib/cube_f767/Drivers/STM32F7xx_HAL_Driver/Src/stm32f7xx_hal_pwr.o
LOAD Src/lib/cube_f767/Drivers/STM32F7xx_HAL_Driver/Src/stm32f7xx_hal_pwr_ex.o
LOAD Src/lib/cube_f767/Drivers/STM32F7xx_HAL_Driver/Src/stm32f7xx_hal_rcc.o
LOAD Src/lib/cube_f767/Drivers/STM32F7xx_HAL_Driver/Src/stm32f7xx_hal_rcc_ex.o
LOAD Src/lib/cube_f767/Drivers/STM32F7xx_HAL_Driver/Src/stm32f7xx_hal_tim.o
LOAD Src/lib/cube_f767/Drivers/STM32F7xx_HAL_Driver/Src/stm32f7xx_hal_tim_ex.o
LOAD Src/lib/cube_f767/Drivers/STM32F7xx_HAL_Driver/Src/stm32f7xx_hal_uart.o
LOAD Src/lib/cube_f767/Drivers/STM32F7xx_HAL_Driver/Src/stm32f7xx_hal_uart_ex.o
LOAD Startup/startup_stm32f767zitx.o
START GROUP
LOAD c:/st/stm32cubeide_1.6.0/stm32cubeide/plugins/com.st.stm32cube.ide.mcu.externaltools.gnu-tools-for-stm32.9-2020-q2-update.win32_1.5.0.202011040924/tools/bin/../lib/gcc/arm-none-eabi/9.3.1/../../../../arm-none-eabi/lib/thumb/v7e-m+dp/hard\libc_nano.a
LOAD c:/st/stm32cubeide_1.6.0/stm32cubeide/plugins/com.st.stm32cube.ide.mcu.externaltools.gnu-tools-for-stm32.9-2020-q2-update.win32_1.5.0.202011040924/tools/bin/../lib/gcc/arm-none-eabi/9.3.1/../../../../arm-none-eabi/lib/thumb/v7e-m+dp/hard\libm.a
END GROUP
START GROUP
LOAD c:/st/stm32cubeide_1.6.0/stm32cubeide/plugins/com.st.stm32cube.ide.mcu.externaltools.gnu-tools-for-stm32.9-2020-q2-update.win32_1.5.0.202011040924/tools/bin/../lib/gcc/arm-none-eabi/9.3.1/thumb/v7e-m+dp/hard\libgcc.a
LOAD c:/st/stm32cubeide_1.6.0/stm32cubeide/plugins/com.st.stm32cube.ide.mcu.externaltools.gnu-tools-for-stm32.9-2020-q2-update.win32_1.5.0.202011040924/tools/bin/../lib/gcc/arm-none-eabi/9.3.1/../../../../arm-none-eabi/lib/thumb/v7e-m+dp/hard\libc_nano.a
END GROUP
START GROUP
LOAD c:/st/stm32cubeide_1.6.0/stm32cubeide/plugins/com.st.stm32cube.ide.mcu.externaltools.gnu-tools-for-stm32.9-2020-q2-update.win32_1.5.0.202011040924/tools/bin/../lib/gcc/arm-none-eabi/9.3.1/thumb/v7e-m+dp/hard\libgcc.a
LOAD c:/st/stm32cubeide_1.6.0/stm32cubeide/plugins/com.st.stm32cube.ide.mcu.externaltools.gnu-tools-for-stm32.9-2020-q2-update.win32_1.5.0.202011040924/tools/bin/../lib/gcc/arm-none-eabi/9.3.1/../../../../arm-none-eabi/lib/thumb/v7e-m+dp/hard\libc_nano.a
LOAD c:/st/stm32cubeide_1.6.0/stm32cubeide/plugins/com.st.stm32cube.ide.mcu.externaltools.gnu-tools-for-stm32.9-2020-q2-update.win32_1.5.0.202011040924/tools/bin/../lib/gcc/arm-none-eabi/9.3.1/../../../../arm-none-eabi/lib/thumb/v7e-m+dp/hard\libnosys.a
END GROUP
START GROUP
LOAD c:/st/stm32cubeide_1.6.0/stm32cubeide/plugins/com.st.stm32cube.ide.mcu.externaltools.gnu-tools-for-stm32.9-2020-q2-update.win32_1.5.0.202011040924/tools/bin/../lib/gcc/arm-none-eabi/9.3.1/thumb/v7e-m+dp/hard\libgcc.a
LOAD c:/st/stm32cubeide_1.6.0/stm32cubeide/plugins/com.st.stm32cube.ide.mcu.externaltools.gnu-tools-for-stm32.9-2020-q2-update.win32_1.5.0.202011040924/tools/bin/../lib/gcc/arm-none-eabi/9.3.1/../../../../arm-none-eabi/lib/thumb/v7e-m+dp/hard\libc_nano.a
LOAD c:/st/stm32cubeide_1.6.0/stm32cubeide/plugins/com.st.stm32cube.ide.mcu.externaltools.gnu-tools-for-stm32.9-2020-q2-update.win32_1.5.0.202011040924/tools/bin/../lib/gcc/arm-none-eabi/9.3.1/../../../../arm-none-eabi/lib/thumb/v7e-m+dp/hard\libnosys.a
END GROUP
LOAD c:/st/stm32cubeide_1.6.0/stm32cubeide/plugins/com.st.stm32cube.ide.mcu.externaltools.gnu-tools-for-stm32.9-2020-q2-update.win32_1.5.0.202011040924/tools/bin/../lib/gcc/arm-none-eabi/9.3.1/thumb/v7e-m+dp/hard/crtend.o
LOAD c:/st/stm32cubeide_1.6.0/stm32cubeide/plugins/com.st.stm32cube.ide.mcu.externaltools.gnu-tools-for-stm32.9-2020-q2-update.win32_1.5.0.202011040924/tools/bin/../lib/gcc/arm-none-eabi/9.3.1/thumb/v7e-m+dp/hard/crtn.o
                0x0000000020080000                _estack = (ORIGIN (RAM) + LENGTH (RAM))
                0x0000000000000200                _Min_Heap_Size = 0x200
                0x0000000000000400                _Min_Stack_Size = 0x400

.isr_vector     0x0000000008000000      0x1f8
                0x0000000008000000                . = ALIGN (0x4)
 *(.isr_vector)
 .isr_vector    0x0000000008000000      0x1f8 Startup/startup_stm32f767zitx.o
                0x0000000008000000                g_pfnVectors
                0x00000000080001f8                . = ALIGN (0x4)

.text           0x0000000008000200     0x48f0
                0x0000000008000200                . = ALIGN (0x4)
 *(.text)
 .text          0x0000000008000200       0x40 c:/st/stm32cubeide_1.6.0/stm32cubeide/plugins/com.st.stm32cube.ide.mcu.externaltools.gnu-tools-for-stm32.9-2020-q2-update.win32_1.5.0.202011040924/tools/bin/../lib/gcc/arm-none-eabi/9.3.1/thumb/v7e-m+dp/hard/crtbegin.o
 .text          0x0000000008000240       0xa0 c:/st/stm32cubeide_1.6.0/stm32cubeide/plugins/com.st.stm32cube.ide.mcu.externaltools.gnu-tools-for-stm32.9-2020-q2-update.win32_1.5.0.202011040924/tools/bin/../lib/gcc/arm-none-eabi/9.3.1/../../../../arm-none-eabi/lib/thumb/v7e-m+dp/hard\libc_nano.a(lib_a-memchr.o)
                0x0000000008000240                memchr
 .text          0x00000000080002e0       0x30 c:/st/stm32cubeide_1.6.0/stm32cubeide/plugins/com.st.stm32cube.ide.mcu.externaltools.gnu-tools-for-stm32.9-2020-q2-update.win32_1.5.0.202011040924/tools/bin/../lib/gcc/arm-none-eabi/9.3.1/thumb/v7e-m+dp/hard\libgcc.a(_aeabi_uldivmod.o)
                0x00000000080002e0                __aeabi_uldivmod
 .text          0x0000000008000310      0x2c4 c:/st/stm32cubeide_1.6.0/stm32cubeide/plugins/com.st.stm32cube.ide.mcu.externaltools.gnu-tools-for-stm32.9-2020-q2-update.win32_1.5.0.202011040924/tools/bin/../lib/gcc/arm-none-eabi/9.3.1/thumb/v7e-m+dp/hard\libgcc.a(_udivmoddi4.o)
                0x0000000008000310                __udivmoddi4
 .text          0x00000000080005d4        0x4 c:/st/stm32cubeide_1.6.0/stm32cubeide/plugins/com.st.stm32cube.ide.mcu.externaltools.gnu-tools-for-stm32.9-2020-q2-update.win32_1.5.0.202011040924/tools/bin/../lib/gcc/arm-none-eabi/9.3.1/thumb/v7e-m+dp/hard\libgcc.a(_dvmd_tls.o)
                0x00000000080005d4                __aeabi_idiv0
                0x00000000080005d4                __aeabi_ldiv0
 *(.text*)
 .text.HAL_MspInit
                0x00000000080005d8       0x48 Src/BSP/stm32f7xx_hal_msp.o
                0x00000000080005d8                HAL_MspInit
 .text.NMI_Handler
                0x0000000008000620        0x6 Src/BSP/stm32f7xx_it.o
                0x0000000008000620                NMI_Handler
 .text.HardFault_Handler
                0x0000000008000626        0x6 Src/BSP/stm32f7xx_it.o
                0x0000000008000626                HardFault_Handler
 .text.MemManage_Handler
                0x000000000800062c        0x6 Src/BSP/stm32f7xx_it.o
                0x000000000800062c                MemManage_Handler
 .text.BusFault_Handler
                0x0000000008000632        0x6 Src/BSP/stm32f7xx_it.o
                0x0000000008000632                BusFault_Handler
 .text.UsageFault_Handler
                0x0000000008000638        0x6 Src/BSP/stm32f7xx_it.o
                0x0000000008000638                UsageFault_Handler
 .text.SVC_Handler
                0x000000000800063e        0xe Src/BSP/stm32f7xx_it.o
                0x000000000800063e                SVC_Handler
 .text.DebugMon_Handler
                0x000000000800064c        0xe Src/BSP/stm32f7xx_it.o
                0x000000000800064c                DebugMon_Handler
 .text.PendSV_Handler
                0x000000000800065a        0xe Src/BSP/stm32f7xx_it.o
                0x000000000800065a                PendSV_Handler
 .text.SysTick_Handler
                0x0000000008000668        0xc Src/BSP/stm32f7xx_it.o
                0x0000000008000668                SysTick_Handler
 .text.USART3_IRQHandler
                0x0000000008000674       0x14 Src/BSP/stm32f7xx_it.o
                0x0000000008000674                USART3_IRQHandler
 .text.SystemInit
                0x0000000008000688       0x24 Src/BSP/system_stm32f7xx.o
                0x0000000008000688                SystemInit
 .text._write   0x00000000080006ac       0x28 Src/main.o
                0x00000000080006ac                _write
 .text.MX_GPIO_Init
                0x00000000080006d4      0x144 Src/main.o
                0x00000000080006d4                MX_GPIO_Init
 .text.SystemClock_Config
                0x0000000008000818      0x124 Src/main.o
                0x0000000008000818                SystemClock_Config
 .text.millis   0x000000000800093c        0xe Src/main.o
                0x000000000800093c                millis
 .text.Error_Handler
                0x000000000800094a       0x12 Src/main.o
                0x000000000800094a                Error_Handler
 .text.main     0x000000000800095c       0x70 Src/main.o
                0x000000000800095c                main
 .text.qbufferCreate
                0x00000000080009cc       0x36 Src/qbuffer.o
                0x00000000080009cc                qbufferCreate
 .text.qbufferWrite
                0x0000000008000a02       0x7c Src/qbuffer.o
                0x0000000008000a02                qbufferWrite
 .text.qbufferRead
                0x0000000008000a7e       0x7a Src/qbuffer.o
                0x0000000008000a7e                qbufferRead
 .text.qbufferAvailable
                0x0000000008000af8       0x30 Src/qbuffer.o
                0x0000000008000af8                qbufferAvailable
 .text._read    0x0000000008000b28       0x3a Src/syscalls.o
                0x0000000008000b28                _read
 .text._close   0x0000000008000b62       0x18 Src/syscalls.o
                0x0000000008000b62                _close
 .text._fstat   0x0000000008000b7a       0x20 Src/syscalls.o
                0x0000000008000b7a                _fstat
 .text._isatty  0x0000000008000b9a       0x16 Src/syscalls.o
                0x0000000008000b9a                _isatty
 .text._lseek   0x0000000008000bb0       0x1a Src/syscalls.o
                0x0000000008000bb0                _lseek
 *fill*         0x0000000008000bca        0x2 
 .text._sbrk    0x0000000008000bcc       0x6c Src/sysmem.o
                0x0000000008000bcc                _sbrk
 .text.uartAvailable
                0x0000000008000c38       0x34 Src/usart.o
                0x0000000008000c38                uartAvailable
 .text.uartRead
                0x0000000008000c6c       0x38 Src/usart.o
                0x0000000008000c6c                uartRead
 .text.MX_USART3_UART_Init
                0x0000000008000ca4       0xb0 Src/usart.o
                0x0000000008000ca4                MX_USART3_UART_Init
 .text.HAL_UART_MspInit
                0x0000000008000d54       0x98 Src/usart.o
                0x0000000008000d54                HAL_UART_MspInit
 .text.HAL_UART_ErrorCallback
                0x0000000008000dec       0x2c Src/usart.o
                0x0000000008000dec                HAL_UART_ErrorCallback
 .text.HAL_UART_RxCpltCallback
                0x0000000008000e18       0x4c Src/usart.o
                0x0000000008000e18                HAL_UART_RxCpltCallback
 .text.HAL_Init
                0x0000000008000e64       0x1a Src/lib/cube_f767/Drivers/STM32F7xx_HAL_Driver/Src/stm32f7xx_hal.o
                0x0000000008000e64                HAL_Init
 *fill*         0x0000000008000e7e        0x2 
 .text.HAL_InitTick
                0x0000000008000e80       0x60 Src/lib/cube_f767/Drivers/STM32F7xx_HAL_Driver/Src/stm32f7xx_hal.o
                0x0000000008000e80                HAL_InitTick
 .text.HAL_IncTick
                0x0000000008000ee0       0x28 Src/lib/cube_f767/Drivers/STM32F7xx_HAL_Driver/Src/stm32f7xx_hal.o
                0x0000000008000ee0                HAL_IncTick
 .text.HAL_GetTick
                0x0000000008000f08       0x18 Src/lib/cube_f767/Drivers/STM32F7xx_HAL_Driver/Src/stm32f7xx_hal.o
                0x0000000008000f08                HAL_GetTick
 .text.__NVIC_SetPriorityGrouping
                0x0000000008000f20       0x48 Src/lib/cube_f767/Drivers/STM32F7xx_HAL_Driver/Src/stm32f7xx_hal_cortex.o
 .text.__NVIC_GetPriorityGrouping
                0x0000000008000f68       0x1c Src/lib/cube_f767/Drivers/STM32F7xx_HAL_Driver/Src/stm32f7xx_hal_cortex.o
 .text.__NVIC_EnableIRQ
                0x0000000008000f84       0x3c Src/lib/cube_f767/Drivers/STM32F7xx_HAL_Driver/Src/stm32f7xx_hal_cortex.o
 .text.__NVIC_SetPriority
                0x0000000008000fc0       0x54 Src/lib/cube_f767/Drivers/STM32F7xx_HAL_Driver/Src/stm32f7xx_hal_cortex.o
 .text.NVIC_EncodePriority
                0x0000000008001014       0x66 Src/lib/cube_f767/Drivers/STM32F7xx_HAL_Driver/Src/stm32f7xx_hal_cortex.o
 *fill*         0x000000000800107a        0x2 
 .text.SysTick_Config
                0x000000000800107c       0x44 Src/lib/cube_f767/Drivers/STM32F7xx_HAL_Driver/Src/stm32f7xx_hal_cortex.o
 .text.HAL_NVIC_SetPriorityGrouping
                0x00000000080010c0       0x16 Src/lib/cube_f767/Drivers/STM32F7xx_HAL_Driver/Src/stm32f7xx_hal_cortex.o
                0x00000000080010c0                HAL_NVIC_SetPriorityGrouping
 .text.HAL_NVIC_SetPriority
                0x00000000080010d6       0x38 Src/lib/cube_f767/Drivers/STM32F7xx_HAL_Driver/Src/stm32f7xx_hal_cortex.o
                0x00000000080010d6                HAL_NVIC_SetPriority
 .text.HAL_NVIC_EnableIRQ
                0x000000000800110e       0x1c Src/lib/cube_f767/Drivers/STM32F7xx_HAL_Driver/Src/stm32f7xx_hal_cortex.o
                0x000000000800110e                HAL_NVIC_EnableIRQ
 .text.HAL_SYSTICK_Config
                0x000000000800112a       0x18 Src/lib/cube_f767/Drivers/STM32F7xx_HAL_Driver/Src/stm32f7xx_hal_cortex.o
                0x000000000800112a                HAL_SYSTICK_Config
 .text.HAL_DMA_Abort
                0x0000000008001142       0xe0 Src/lib/cube_f767/Drivers/STM32F7xx_HAL_Driver/Src/stm32f7xx_hal_dma.o
                0x0000000008001142                HAL_DMA_Abort
 .text.HAL_DMA_Abort_IT
                0x0000000008001222       0x44 Src/lib/cube_f767/Drivers/STM32F7xx_HAL_Driver/Src/stm32f7xx_hal_dma.o
                0x0000000008001222                HAL_DMA_Abort_IT
 *fill*         0x0000000008001266        0x2 
 .text.HAL_GPIO_Init
                0x0000000008001268      0x358 Src/lib/cube_f767/Drivers/STM32F7xx_HAL_Driver/Src/stm32f7xx_hal_gpio.o
                0x0000000008001268                HAL_GPIO_Init
 .text.HAL_GPIO_WritePin
                0x00000000080015c0       0x32 Src/lib/cube_f767/Drivers/STM32F7xx_HAL_Driver/Src/stm32f7xx_hal_gpio.o
                0x00000000080015c0                HAL_GPIO_WritePin
 .text.HAL_GPIO_TogglePin
                0x00000000080015f2       0x34 Src/lib/cube_f767/Drivers/STM32F7xx_HAL_Driver/Src/stm32f7xx_hal_gpio.o
                0x00000000080015f2                HAL_GPIO_TogglePin
 *fill*         0x0000000008001626        0x2 
 .text.HAL_PWR_EnableBkUpAccess
                0x0000000008001628       0x20 Src/lib/cube_f767/Drivers/STM32F7xx_HAL_Driver/Src/stm32f7xx_hal_pwr.o
                0x0000000008001628                HAL_PWR_EnableBkUpAccess
 .text.HAL_PWREx_EnableOverDrive
                0x0000000008001648       0xa0 Src/lib/cube_f767/Drivers/STM32F7xx_HAL_Driver/Src/stm32f7xx_hal_pwr_ex.o
                0x0000000008001648                HAL_PWREx_EnableOverDrive
 .text.HAL_RCC_OscConfig
                0x00000000080016e8      0x55c Src/lib/cube_f767/Drivers/STM32F7xx_HAL_Driver/Src/stm32f7xx_hal_rcc.o
                0x00000000080016e8                HAL_RCC_OscConfig
 .text.HAL_RCC_ClockConfig
                0x0000000008001c44      0x1d8 Src/lib/cube_f767/Drivers/STM32F7xx_HAL_Driver/Src/stm32f7xx_hal_rcc.o
                0x0000000008001c44                HAL_RCC_ClockConfig
 .text.HAL_RCC_GetSysClockFreq
                0x0000000008001e1c      0x1c4 Src/lib/cube_f767/Drivers/STM32F7xx_HAL_Driver/Src/stm32f7xx_hal_rcc.o
                0x0000000008001e1c                HAL_RCC_GetSysClockFreq
 .text.HAL_RCC_GetHCLKFreq
                0x0000000008001fe0       0x18 Src/lib/cube_f767/Drivers/STM32F7xx_HAL_Driver/Src/stm32f7xx_hal_rcc.o
                0x0000000008001fe0                HAL_RCC_GetHCLKFreq
 .text.HAL_RCC_GetPCLK1Freq
                0x0000000008001ff8       0x28 Src/lib/cube_f767/Drivers/STM32F7xx_HAL_Driver/Src/stm32f7xx_hal_rcc.o
                0x0000000008001ff8                HAL_RCC_GetPCLK1Freq
 .text.HAL_RCC_GetPCLK2Freq
                0x0000000008002020       0x28 Src/lib/cube_f767/Drivers/STM32F7xx_HAL_Driver/Src/stm32f7xx_hal_rcc.o
                0x0000000008002020                HAL_RCC_GetPCLK2Freq
 .text.HAL_RCCEx_PeriphCLKConfig
                0x0000000008002048      0x850 Src/lib/cube_f767/Drivers/STM32F7xx_HAL_Driver/Src/stm32f7xx_hal_rcc_ex.o
                0x0000000008002048                HAL_RCCEx_PeriphCLKConfig
 .text.HAL_UART_Init
                0x0000000008002898       0x9c Src/lib/cube_f767/Drivers/STM32F7xx_HAL_Driver/Src/stm32f7xx_hal_uart.o
                0x0000000008002898                HAL_UART_Init
 .text.HAL_UART_Transmit_IT
                0x0000000008002934       0xb8 Src/lib/cube_f767/Drivers/STM32F7xx_HAL_Driver/Src/stm32f7xx_hal_uart.o
                0x0000000008002934                HAL_UART_Transmit_IT
 .text.HAL_UART_Receive_IT
                0x00000000080029ec       0x7a Src/lib/cube_f767/Drivers/STM32F7xx_HAL_Driver/Src/stm32f7xx_hal_uart.o
                0x00000000080029ec                HAL_UART_Receive_IT
 *fill*         0x0000000008002a66        0x2 
 .text.HAL_UART_IRQHandler
                0x0000000008002a68      0x3e8 Src/lib/cube_f767/Drivers/STM32F7xx_HAL_Driver/Src/stm32f7xx_hal_uart.o
                0x0000000008002a68                HAL_UART_IRQHandler
 .text.HAL_UART_TxCpltCallback
                0x0000000008002e50       0x14 Src/lib/cube_f767/Drivers/STM32F7xx_HAL_Driver/Src/stm32f7xx_hal_uart.o
                0x0000000008002e50                HAL_UART_TxCpltCallback
 .text.HAL_UARTEx_RxEventCallback
                0x0000000008002e64       0x18 Src/lib/cube_f767/Drivers/STM32F7xx_HAL_Driver/Src/stm32f7xx_hal_uart.o
                0x0000000008002e64                HAL_UARTEx_RxEventCallback
 .text.HAL_UARTEx_WakeupCallback
                0x0000000008002e7c       0x14 Src/lib/cube_f767/Drivers/STM32F7xx_HAL_Driver/Src/stm32f7xx_hal_uart.o
                0x0000000008002e7c                HAL_UARTEx_WakeupCallback
 .text.UART_SetConfig
                0x0000000008002e90      0x4c4 Src/lib/cube_f767/Drivers/STM32F7xx_HAL_Driver/Src/stm32f7xx_hal_uart.o
                0x0000000008002e90                UART_SetConfig
 .text.UART_AdvFeatureConfig
                0x0000000008003354      0x144 Src/lib/cube_f767/Drivers/STM32F7xx_HAL_Driver/Src/stm32f7xx_hal_uart.o
                0x0000000008003354                UART_AdvFeatureConfig
 .text.UART_CheckIdleState
                0x0000000008003498       0x92 Src/lib/cube_f767/Drivers/STM32F7xx_HAL_Driver/Src/stm32f7xx_hal_uart.o
                0x0000000008003498                UART_CheckIdleState
 .text.UART_WaitOnFlagUntilTimeout
                0x000000000800352a       0xf8 Src/lib/cube_f767/Drivers/STM32F7xx_HAL_Driver/Src/stm32f7xx_hal_uart.o
                0x000000000800352a                UART_WaitOnFlagUntilTimeout
 *fill*         0x0000000008003622        0x2 
 .text.UART_Start_Receive_IT
                0x0000000008003624      0x110 Src/lib/cube_f767/Drivers/STM32F7xx_HAL_Driver/Src/stm32f7xx_hal_uart.o
                0x0000000008003624                UART_Start_Receive_IT
 .text.UART_EndRxTransfer
                0x0000000008003734       0x5e Src/lib/cube_f767/Drivers/STM32F7xx_HAL_Driver/Src/stm32f7xx_hal_uart.o
 .text.UART_DMAAbortOnError
                0x0000000008003792       0x2c Src/lib/cube_f767/Drivers/STM32F7xx_HAL_Driver/Src/stm32f7xx_hal_uart.o
 .text.UART_TxISR_8BIT
                0x00000000080037be       0x72 Src/lib/cube_f767/Drivers/STM32F7xx_HAL_Driver/Src/stm32f7xx_hal_uart.o
 .text.UART_TxISR_16BIT
                0x0000000008003830       0x7c Src/lib/cube_f767/Drivers/STM32F7xx_HAL_Driver/Src/stm32f7xx_hal_uart.o
 .text.UART_EndTransmit_IT
                0x00000000080038ac       0x32 Src/lib/cube_f767/Drivers/STM32F7xx_HAL_Driver/Src/stm32f7xx_hal_uart.o
 .text.UART_RxISR_8BIT
                0x00000000080038de       0xd4 Src/lib/cube_f767/Drivers/STM32F7xx_HAL_Driver/Src/stm32f7xx_hal_uart.o
 .text.UART_RxISR_16BIT
                0x00000000080039b2       0xd4 Src/lib/cube_f767/Drivers/STM32F7xx_HAL_Driver/Src/stm32f7xx_hal_uart.o
 *fill*         0x0000000008003a86        0x2 
 .text.Reset_Handler
                0x0000000008003a88       0x50 Startup/startup_stm32f767zitx.o
                0x0000000008003a88                Reset_Handler
 .text.Default_Handler
                0x0000000008003ad8        0x2 Startup/startup_stm32f767zitx.o
                0x0000000008003ad8                RTC_Alarm_IRQHandler
                0x0000000008003ad8                EXTI2_IRQHandler
                0x0000000008003ad8                TIM8_CC_IRQHandler
                0x0000000008003ad8                UART8_IRQHandler
                0x0000000008003ad8                SPI4_IRQHandler
                0x0000000008003ad8                TIM1_CC_IRQHandler
                0x0000000008003ad8                DMA2_Stream5_IRQHandler
                0x0000000008003ad8                JPEG_IRQHandler
                0x0000000008003ad8                DMA1_Stream5_IRQHandler
                0x0000000008003ad8                CAN3_RX1_IRQHandler
                0x0000000008003ad8                PVD_IRQHandler
                0x0000000008003ad8                TAMP_STAMP_IRQHandler
                0x0000000008003ad8                CAN2_RX1_IRQHandler
                0x0000000008003ad8                EXTI3_IRQHandler
                0x0000000008003ad8                TIM8_TRG_COM_TIM14_IRQHandler
                0x0000000008003ad8                DFSDM1_FLT1_IRQHandler
                0x0000000008003ad8                TIM1_UP_TIM10_IRQHandler
                0x0000000008003ad8                TIM8_UP_TIM13_IRQHandler
                0x0000000008003ad8                I2C3_ER_IRQHandler
                0x0000000008003ad8                DFSDM1_FLT2_IRQHandler
                0x0000000008003ad8                EXTI0_IRQHandler
                0x0000000008003ad8                I2C2_EV_IRQHandler
                0x0000000008003ad8                DMA1_Stream2_IRQHandler
                0x0000000008003ad8                CAN1_RX0_IRQHandler
                0x0000000008003ad8                FPU_IRQHandler
                0x0000000008003ad8                OTG_HS_WKUP_IRQHandler
                0x0000000008003ad8                CAN3_SCE_IRQHandler
                0x0000000008003ad8                LTDC_ER_IRQHandler
                0x0000000008003ad8                CAN2_SCE_IRQHandler
                0x0000000008003ad8                DMA2_Stream2_IRQHandler
                0x0000000008003ad8                SPI1_IRQHandler
                0x0000000008003ad8                TIM6_DAC_IRQHandler
                0x0000000008003ad8                TIM1_BRK_TIM9_IRQHandler
                0x0000000008003ad8                DCMI_IRQHandler
                0x0000000008003ad8                CAN2_RX0_IRQHandler
                0x0000000008003ad8                DMA2_Stream3_IRQHandler
                0x0000000008003ad8                SAI2_IRQHandler
                0x0000000008003ad8                DFSDM1_FLT3_IRQHandler
                0x0000000008003ad8                USART6_IRQHandler
                0x0000000008003ad8                CAN3_RX0_IRQHandler
                0x0000000008003ad8                CAN1_RX1_IRQHandler
                0x0000000008003ad8                UART5_IRQHandler
                0x0000000008003ad8                DMA2_Stream0_IRQHandler
                0x0000000008003ad8                TIM4_IRQHandler
                0x0000000008003ad8                QUADSPI_IRQHandler
                0x0000000008003ad8                I2C1_EV_IRQHandler
                0x0000000008003ad8                DMA1_Stream6_IRQHandler
                0x0000000008003ad8                DMA1_Stream1_IRQHandler
                0x0000000008003ad8                UART4_IRQHandler
                0x0000000008003ad8                TIM3_IRQHandler
                0x0000000008003ad8                RCC_IRQHandler
                0x0000000008003ad8                TIM8_BRK_TIM12_IRQHandler
                0x0000000008003ad8                Default_Handler
                0x0000000008003ad8                CEC_IRQHandler
                0x0000000008003ad8                EXTI15_10_IRQHandler
                0x0000000008003ad8                ADC_IRQHandler
                0x0000000008003ad8                DMA1_Stream7_IRQHandler
                0x0000000008003ad8                SPI5_IRQHandler
                0x0000000008003ad8                TIM7_IRQHandler
                0x0000000008003ad8                SDMMC1_IRQHandler
                0x0000000008003ad8                CAN2_TX_IRQHandler
                0x0000000008003ad8                TIM5_IRQHandler
                0x0000000008003ad8                DMA2_Stream7_IRQHandler
                0x0000000008003ad8                I2C3_EV_IRQHandler
                0x0000000008003ad8                EXTI9_5_IRQHandler
                0x0000000008003ad8                RTC_WKUP_IRQHandler
                0x0000000008003ad8                LTDC_IRQHandler
                0x0000000008003ad8                ETH_WKUP_IRQHandler
                0x0000000008003ad8                SPDIF_RX_IRQHandler
                0x0000000008003ad8                SPI2_IRQHandler
                0x0000000008003ad8                OTG_HS_EP1_IN_IRQHandler
                0x0000000008003ad8                DMA1_Stream0_IRQHandler
                0x0000000008003ad8                CAN1_TX_IRQHandler
                0x0000000008003ad8                EXTI4_IRQHandler
                0x0000000008003ad8                RNG_IRQHandler
                0x0000000008003ad8                ETH_IRQHandler
                0x0000000008003ad8                OTG_HS_EP1_OUT_IRQHandler
                0x0000000008003ad8                WWDG_IRQHandler
                0x0000000008003ad8                SPI6_IRQHandler
                0x0000000008003ad8                MDIOS_IRQHandler
                0x0000000008003ad8                I2C4_EV_IRQHandler
                0x0000000008003ad8                CAN3_TX_IRQHandler
                0x0000000008003ad8                TIM2_IRQHandler
                0x0000000008003ad8                OTG_FS_WKUP_IRQHandler
                0x0000000008003ad8                TIM1_TRG_COM_TIM11_IRQHandler
                0x0000000008003ad8                OTG_HS_IRQHandler
                0x0000000008003ad8                DMA2D_IRQHandler
                0x0000000008003ad8                EXTI1_IRQHandler
                0x0000000008003ad8                SDMMC2_IRQHandler
                0x0000000008003ad8                UART7_IRQHandler
                0x0000000008003ad8                USART2_IRQHandler
                0x0000000008003ad8                DFSDM1_FLT0_IRQHandler
                0x0000000008003ad8                I2C2_ER_IRQHandler
                0x0000000008003ad8                DMA2_Stream1_IRQHandler
                0x0000000008003ad8                CAN1_SCE_IRQHandler
                0x0000000008003ad8                FLASH_IRQHandler
                0x0000000008003ad8                DMA2_Stream4_IRQHandler
                0x0000000008003ad8                USART1_IRQHandler
                0x0000000008003ad8                OTG_FS_IRQHandler
                0x0000000008003ad8                SPI3_IRQHandler
                0x0000000008003ad8                DMA1_Stream4_IRQHandler
                0x0000000008003ad8                I2C1_ER_IRQHandler
                0x0000000008003ad8                FMC_IRQHandler
                0x0000000008003ad8                LPTIM1_IRQHandler
                0x0000000008003ad8                I2C4_ER_IRQHandler
                0x0000000008003ad8                DMA2_Stream6_IRQHandler
                0x0000000008003ad8                SAI1_IRQHandler
                0x0000000008003ad8                DMA1_Stream3_IRQHandler
 *fill*         0x0000000008003ada        0x2 
 .text.__errno  0x0000000008003adc        0xc c:/st/stm32cubeide_1.6.0/stm32cubeide/plugins/com.st.stm32cube.ide.mcu.externaltools.gnu-tools-for-stm32.9-2020-q2-update.win32_1.5.0.202011040924/tools/bin/../lib/gcc/arm-none-eabi/9.3.1/../../../../arm-none-eabi/lib/thumb/v7e-m+dp/hard\libc_nano.a(lib_a-errno.o)
                0x0000000008003adc                __errno
 .text.__libc_init_array
                0x0000000008003ae8       0x48 c:/st/stm32cubeide_1.6.0/stm32cubeide/plugins/com.st.stm32cube.ide.mcu.externaltools.gnu-tools-for-stm32.9-2020-q2-update.win32_1.5.0.202011040924/tools/bin/../lib/gcc/arm-none-eabi/9.3.1/../../../../arm-none-eabi/lib/thumb/v7e-m+dp/hard\libc_nano.a(lib_a-init.o)
                0x0000000008003ae8                __libc_init_array
 .text.memset   0x0000000008003b30       0x10 c:/st/stm32cubeide_1.6.0/stm32cubeide/plugins/com.st.stm32cube.ide.mcu.externaltools.gnu-tools-for-stm32.9-2020-q2-update.win32_1.5.0.202011040924/tools/bin/../lib/gcc/arm-none-eabi/9.3.1/../../../../arm-none-eabi/lib/thumb/v7e-m+dp/hard\libc_nano.a(lib_a-memset.o)
                0x0000000008003b30                memset
 .text.printf   0x0000000008003b40       0x30 c:/st/stm32cubeide_1.6.0/stm32cubeide/plugins/com.st.stm32cube.ide.mcu.externaltools.gnu-tools-for-stm32.9-2020-q2-update.win32_1.5.0.202011040924/tools/bin/../lib/gcc/arm-none-eabi/9.3.1/../../../../arm-none-eabi/lib/thumb/v7e-m+dp/hard\libc_nano.a(lib_a-printf.o)
                0x0000000008003b40                iprintf
                0x0000000008003b40                printf
 .text._puts_r  0x0000000008003b70       0xdc c:/st/stm32cubeide_1.6.0/stm32cubeide/plugins/com.st.stm32cube.ide.mcu.externaltools.gnu-tools-for-stm32.9-2020-q2-update.win32_1.5.0.202011040924/tools/bin/../lib/gcc/arm-none-eabi/9.3.1/../../../../arm-none-eabi/lib/thumb/v7e-m+dp/hard\libc_nano.a(lib_a-puts.o)
                0x0000000008003b70                _puts_r
 .text.puts     0x0000000008003c4c       0x10 c:/st/stm32cubeide_1.6.0/stm32cubeide/plugins/com.st.stm32cube.ide.mcu.externaltools.gnu-tools-for-stm32.9-2020-q2-update.win32_1.5.0.202011040924/tools/bin/../lib/gcc/arm-none-eabi/9.3.1/../../../../arm-none-eabi/lib/thumb/v7e-m+dp/hard\libc_nano.a(lib_a-puts.o)
                0x0000000008003c4c                puts
 .text.__swbuf_r
                0x0000000008003c5c       0xa4 c:/st/stm32cubeide_1.6.0/stm32cubeide/plugins/com.st.stm32cube.ide.mcu.externaltools.gnu-tools-for-stm32.9-2020-q2-update.win32_1.5.0.202011040924/tools/bin/../lib/gcc/arm-none-eabi/9.3.1/../../../../arm-none-eabi/lib/thumb/v7e-m+dp/hard\libc_nano.a(lib_a-wbuf.o)
                0x0000000008003c5c                __swbuf_r
 .text.__swsetup_r
                0x0000000008003d00       0xdc c:/st/stm32cubeide_1.6.0/stm32cubeide/plugins/com.st.stm32cube.ide.mcu.externaltools.gnu-tools-for-stm32.9-2020-q2-update.win32_1.5.0.202011040924/tools/bin/../lib/gcc/arm-none-eabi/9.3.1/../../../../arm-none-eabi/lib/thumb/v7e-m+dp/hard\libc_nano.a(lib_a-wsetup.o)
                0x0000000008003d00                __swsetup_r
 .text.__sflush_r
                0x0000000008003ddc      0x10c c:/st/stm32cubeide_1.6.0/stm32cubeide/plugins/com.st.stm32cube.ide.mcu.externaltools.gnu-tools-for-stm32.9-2020-q2-update.win32_1.5.0.202011040924/tools/bin/../lib/gcc/arm-none-eabi/9.3.1/../../../../arm-none-eabi/lib/thumb/v7e-m+dp/hard\libc_nano.a(lib_a-fflush.o)
                0x0000000008003ddc                __sflush_r
 .text._fflush_r
                0x0000000008003ee8       0x78 c:/st/stm32cubeide_1.6.0/stm32cubeide/plugins/com.st.stm32cube.ide.mcu.externaltools.gnu-tools-for-stm32.9-2020-q2-update.win32_1.5.0.202011040924/tools/bin/../lib/gcc/arm-none-eabi/9.3.1/../../../../arm-none-eabi/lib/thumb/v7e-m+dp/hard\libc_nano.a(lib_a-fflush.o)
                0x0000000008003ee8                _fflush_r
 .text.std      0x0000000008003f60       0x48 c:/st/stm32cubeide_1.6.0/stm32cubeide/plugins/com.st.stm32cube.ide.mcu.externaltools.gnu-tools-for-stm32.9-2020-q2-update.win32_1.5.0.202011040924/tools/bin/../lib/gcc/arm-none-eabi/9.3.1/../../../../arm-none-eabi/lib/thumb/v7e-m+dp/hard\libc_nano.a(lib_a-findfp.o)
 .text._cleanup_r
                0x0000000008003fa8        0xc c:/st/stm32cubeide_1.6.0/stm32cubeide/plugins/com.st.stm32cube.ide.mcu.externaltools.gnu-tools-for-stm32.9-2020-q2-update.win32_1.5.0.202011040924/tools/bin/../lib/gcc/arm-none-eabi/9.3.1/../../../../arm-none-eabi/lib/thumb/v7e-m+dp/hard\libc_nano.a(lib_a-findfp.o)
                0x0000000008003fa8                _cleanup_r
 .text.__sfmoreglue
                0x0000000008003fb4       0x2c c:/st/stm32cubeide_1.6.0/stm32cubeide/plugins/com.st.stm32cube.ide.mcu.externaltools.gnu-tools-for-stm32.9-2020-q2-update.win32_1.5.0.202011040924/tools/bin/../lib/gcc/arm-none-eabi/9.3.1/../../../../arm-none-eabi/lib/thumb/v7e-m+dp/hard\libc_nano.a(lib_a-findfp.o)
                0x0000000008003fb4                __sfmoreglue
 .text.__sfp_lock_acquire
                0x0000000008003fe0        0xc c:/st/stm32cubeide_1.6.0/stm32cubeide/plugins/com.st.stm32cube.ide.mcu.externaltools.gnu-tools-for-stm32.9-2020-q2-update.win32_1.5.0.202011040924/tools/bin/../lib/gcc/arm-none-eabi/9.3.1/../../../../arm-none-eabi/lib/thumb/v7e-m+dp/hard\libc_nano.a(lib_a-findfp.o)
                0x0000000008003fe0                __sfp_lock_acquire
 .text.__sfp_lock_release
                0x0000000008003fec        0xc c:/st/stm32cubeide_1.6.0/stm32cubeide/plugins/com.st.stm32cube.ide.mcu.externaltools.gnu-tools-for-stm32.9-2020-q2-update.win32_1.5.0.202011040924/tools/bin/../lib/gcc/arm-none-eabi/9.3.1/../../../../arm-none-eabi/lib/thumb/v7e-m+dp/hard\libc_nano.a(lib_a-findfp.o)
                0x0000000008003fec                __sfp_lock_release
 .text.__sinit_lock_acquire
                0x0000000008003ff8        0xc c:/st/stm32cubeide_1.6.0/stm32cubeide/plugins/com.st.stm32cube.ide.mcu.externaltools.gnu-tools-for-stm32.9-2020-q2-update.win32_1.5.0.202011040924/tools/bin/../lib/gcc/arm-none-eabi/9.3.1/../../../../arm-none-eabi/lib/thumb/v7e-m+dp/hard\libc_nano.a(lib_a-findfp.o)
                0x0000000008003ff8                __sinit_lock_acquire
 .text.__sinit_lock_release
                0x0000000008004004        0xc c:/st/stm32cubeide_1.6.0/stm32cubeide/plugins/com.st.stm32cube.ide.mcu.externaltools.gnu-tools-for-stm32.9-2020-q2-update.win32_1.5.0.202011040924/tools/bin/../lib/gcc/arm-none-eabi/9.3.1/../../../../arm-none-eabi/lib/thumb/v7e-m+dp/hard\libc_nano.a(lib_a-findfp.o)
                0x0000000008004004                __sinit_lock_release
 .text.__sinit  0x0000000008004010       0x70 c:/st/stm32cubeide_1.6.0/stm32cubeide/plugins/com.st.stm32cube.ide.mcu.externaltools.gnu-tools-for-stm32.9-2020-q2-update.win32_1.5.0.202011040924/tools/bin/../lib/gcc/arm-none-eabi/9.3.1/../../../../arm-none-eabi/lib/thumb/v7e-m+dp/hard\libc_nano.a(lib_a-findfp.o)
                0x0000000008004010                __sinit
 .text.__sfp    0x0000000008004080       0x8c c:/st/stm32cubeide_1.6.0/stm32cubeide/plugins/com.st.stm32cube.ide.mcu.externaltools.gnu-tools-for-stm32.9-2020-q2-update.win32_1.5.0.202011040924/tools/bin/../lib/gcc/arm-none-eabi/9.3.1/../../../../arm-none-eabi/lib/thumb/v7e-m+dp/hard\libc_nano.a(lib_a-findfp.o)
                0x0000000008004080                __sfp
 .text._fwalk_reent
                0x000000000800410c       0x3e c:/st/stm32cubeide_1.6.0/stm32cubeide/plugins/com.st.stm32cube.ide.mcu.externaltools.gnu-tools-for-stm32.9-2020-q2-update.win32_1.5.0.202011040924/tools/bin/../lib/gcc/arm-none-eabi/9.3.1/../../../../arm-none-eabi/lib/thumb/v7e-m+dp/hard\libc_nano.a(lib_a-fwalk.o)
                0x000000000800410c                _fwalk_reent
 .text.__retarget_lock_init_recursive
                0x000000000800414a        0x2 c:/st/stm32cubeide_1.6.0/stm32cubeide/plugins/com.st.stm32cube.ide.mcu.externaltools.gnu-tools-for-stm32.9-2020-q2-update.win32_1.5.0.202011040924/tools/bin/../lib/gcc/arm-none-eabi/9.3.1/../../../../arm-none-eabi/lib/thumb/v7e-m+dp/hard\libc_nano.a(lib_a-lock.o)
                0x000000000800414a                __retarget_lock_init_recursive
 .text.__retarget_lock_acquire_recursive
                0x000000000800414c        0x2 c:/st/stm32cubeide_1.6.0/stm32cubeide/plugins/com.st.stm32cube.ide.mcu.externaltools.gnu-tools-for-stm32.9-2020-q2-update.win32_1.5.0.202011040924/tools/bin/../lib/gcc/arm-none-eabi/9.3.1/../../../../arm-none-eabi/lib/thumb/v7e-m+dp/hard\libc_nano.a(lib_a-lock.o)
                0x000000000800414c                __retarget_lock_acquire_recursive
 .text.__retarget_lock_release_recursive
                0x000000000800414e        0x2 c:/st/stm32cubeide_1.6.0/stm32cubeide/plugins/com.st.stm32cube.ide.mcu.externaltools.gnu-tools-for-stm32.9-2020-q2-update.win32_1.5.0.202011040924/tools/bin/../lib/gcc/arm-none-eabi/9.3.1/../../../../arm-none-eabi/lib/thumb/v7e-m+dp/hard\libc_nano.a(lib_a-lock.o)
                0x000000000800414e                __retarget_lock_release_recursive
 .text.__swhatbuf_r
                0x0000000008004150       0x48 c:/st/stm32cubeide_1.6.0/stm32cubeide/plugins/com.st.stm32cube.ide.mcu.externaltools.gnu-tools-for-stm32.9-2020-q2-update.win32_1.5.0.202011040924/tools/bin/../lib/gcc/arm-none-eabi/9.3.1/../../../../arm-none-eabi/lib/thumb/v7e-m+dp/hard\libc_nano.a(lib_a-makebuf.o)
                0x0000000008004150                __swhatbuf_r
 .text.__smakebuf_r
                0x0000000008004198       0x80 c:/st/stm32cubeide_1.6.0/stm32cubeide/plugins/com.st.stm32cube.ide.mcu.externaltools.gnu-tools-for-stm32.9-2020-q2-update.win32_1.5.0.202011040924/tools/bin/../lib/gcc/arm-none-eabi/9.3.1/../../../../arm-none-eabi/lib/thumb/v7e-m+dp/hard\libc_nano.a(lib_a-makebuf.o)
                0x0000000008004198                __smakebuf_r
 .text._free_r  0x0000000008004218       0xa0 c:/st/stm32cubeide_1.6.0/stm32cubeide/plugins/com.st.stm32cube.ide.mcu.externaltools.gnu-tools-for-stm32.9-2020-q2-update.win32_1.5.0.202011040924/tools/bin/../lib/gcc/arm-none-eabi/9.3.1/../../../../arm-none-eabi/lib/thumb/v7e-m+dp/hard\libc_nano.a(lib_a-nano-freer.o)
                0x0000000008004218                _free_r
 .text._malloc_r
                0x00000000080042b8       0xb4 c:/st/stm32cubeide_1.6.0/stm32cubeide/plugins/com.st.stm32cube.ide.mcu.externaltools.gnu-tools-for-stm32.9-2020-q2-update.win32_1.5.0.202011040924/tools/bin/../lib/gcc/arm-none-eabi/9.3.1/../../../../arm-none-eabi/lib/thumb/v7e-m+dp/hard\libc_nano.a(lib_a-nano-mallocr.o)
                0x00000000080042b8                _malloc_r
 .text.__sfputc_r
                0x000000000800436c       0x2e c:/st/stm32cubeide_1.6.0/stm32cubeide/plugins/com.st.stm32cube.ide.mcu.externaltools.gnu-tools-for-stm32.9-2020-q2-update.win32_1.5.0.202011040924/tools/bin/../lib/gcc/arm-none-eabi/9.3.1/../../../../arm-none-eabi/lib/thumb/v7e-m+dp/hard\libc_nano.a(lib_a-nano-vfprintf.o)
 .text.__sfputs_r
                0x000000000800439a       0x24 c:/st/stm32cubeide_1.6.0/stm32cubeide/plugins/com.st.stm32cube.ide.mcu.externaltools.gnu-tools-for-stm32.9-2020-q2-update.win32_1.5.0.202011040924/tools/bin/../lib/gcc/arm-none-eabi/9.3.1/../../../../arm-none-eabi/lib/thumb/v7e-m+dp/hard\libc_nano.a(lib_a-nano-vfprintf.o)
                0x000000000800439a                __sfputs_r
 *fill*         0x00000000080043be        0x2 
 .text._vfprintf_r
                0x00000000080043c0      0x260 c:/st/stm32cubeide_1.6.0/stm32cubeide/plugins/com.st.stm32cube.ide.mcu.externaltools.gnu-tools-for-stm32.9-2020-q2-update.win32_1.5.0.202011040924/tools/bin/../lib/gcc/arm-none-eabi/9.3.1/../../../../arm-none-eabi/lib/thumb/v7e-m+dp/hard\libc_nano.a(lib_a-nano-vfprintf.o)
                0x00000000080043c0                _vfprintf_r
                0x00000000080043c0                _vfiprintf_r
 .text._printf_common
                0x0000000008004620       0xda c:/st/stm32cubeide_1.6.0/stm32cubeide/plugins/com.st.stm32cube.ide.mcu.externaltools.gnu-tools-for-stm32.9-2020-q2-update.win32_1.5.0.202011040924/tools/bin/../lib/gcc/arm-none-eabi/9.3.1/../../../../arm-none-eabi/lib/thumb/v7e-m+dp/hard\libc_nano.a(lib_a-nano-vfprintf_i.o)
                0x0000000008004620                _printf_common
 *fill*         0x00000000080046fa        0x2 
 .text._printf_i
                0x00000000080046fc      0x24c c:/st/stm32cubeide_1.6.0/stm32cubeide/plugins/com.st.stm32cube.ide.mcu.externaltools.gnu-tools-for-stm32.9-2020-q2-update.win32_1.5.0.202011040924/tools/bin/../lib/gcc/arm-none-eabi/9.3.1/../../../../arm-none-eabi/lib/thumb/v7e-m+dp/hard\libc_nano.a(lib_a-nano-vfprintf_i.o)
                0x00000000080046fc                _printf_i
 .text._sbrk_r  0x0000000008004948       0x20 c:/st/stm32cubeide_1.6.0/stm32cubeide/plugins/com.st.stm32cube.ide.mcu.externaltools.gnu-tools-for-stm32.9-2020-q2-update.win32_1.5.0.202011040924/tools/bin/../lib/gcc/arm-none-eabi/9.3.1/../../../../arm-none-eabi/lib/thumb/v7e-m+dp/hard\libc_nano.a(lib_a-sbrkr.o)
                0x0000000008004948                _sbrk_r
 .text.__sread  0x0000000008004968       0x22 c:/st/stm32cubeide_1.6.0/stm32cubeide/plugins/com.st.stm32cube.ide.mcu.externaltools.gnu-tools-for-stm32.9-2020-q2-update.win32_1.5.0.202011040924/tools/bin/../lib/gcc/arm-none-eabi/9.3.1/../../../../arm-none-eabi/lib/thumb/v7e-m+dp/hard\libc_nano.a(lib_a-stdio.o)
                0x0000000008004968                __sread
 .text.__swrite
                0x000000000800498a       0x38 c:/st/stm32cubeide_1.6.0/stm32cubeide/plugins/com.st.stm32cube.ide.mcu.externaltools.gnu-tools-for-stm32.9-2020-q2-update.win32_1.5.0.202011040924/tools/bin/../lib/gcc/arm-none-eabi/9.3.1/../../../../arm-none-eabi/lib/thumb/v7e-m+dp/hard\libc_nano.a(lib_a-stdio.o)
                0x000000000800498a                __swrite
 .text.__sseek  0x00000000080049c2       0x24 c:/st/stm32cubeide_1.6.0/stm32cubeide/plugins/com.st.stm32cube.ide.mcu.externaltools.gnu-tools-for-stm32.9-2020-q2-update.win32_1.5.0.202011040924/tools/bin/../lib/gcc/arm-none-eabi/9.3.1/../../../../arm-none-eabi/lib/thumb/v7e-m+dp/hard\libc_nano.a(lib_a-stdio.o)
                0x00000000080049c2                __sseek
 .text.__sclose
                0x00000000080049e6        0x8 c:/st/stm32cubeide_1.6.0/stm32cubeide/plugins/com.st.stm32cube.ide.mcu.externaltools.gnu-tools-for-stm32.9-2020-q2-update.win32_1.5.0.202011040924/tools/bin/../lib/gcc/arm-none-eabi/9.3.1/../../../../arm-none-eabi/lib/thumb/v7e-m+dp/hard\libc_nano.a(lib_a-stdio.o)
                0x00000000080049e6                __sclose
 *fill*         0x00000000080049ee        0x2 
 .text._write_r
                0x00000000080049f0       0x24 c:/st/stm32cubeide_1.6.0/stm32cubeide/plugins/com.st.stm32cube.ide.mcu.externaltools.gnu-tools-for-stm32.9-2020-q2-update.win32_1.5.0.202011040924/tools/bin/../lib/gcc/arm-none-eabi/9.3.1/../../../../arm-none-eabi/lib/thumb/v7e-m+dp/hard\libc_nano.a(lib_a-writer.o)
                0x00000000080049f0                _write_r
 .text._close_r
                0x0000000008004a14       0x20 c:/st/stm32cubeide_1.6.0/stm32cubeide/plugins/com.st.stm32cube.ide.mcu.externaltools.gnu-tools-for-stm32.9-2020-q2-update.win32_1.5.0.202011040924/tools/bin/../lib/gcc/arm-none-eabi/9.3.1/../../../../arm-none-eabi/lib/thumb/v7e-m+dp/hard\libc_nano.a(lib_a-closer.o)
                0x0000000008004a14                _close_r
 .text._fstat_r
                0x0000000008004a34       0x24 c:/st/stm32cubeide_1.6.0/stm32cubeide/plugins/com.st.stm32cube.ide.mcu.externaltools.gnu-tools-for-stm32.9-2020-q2-update.win32_1.5.0.202011040924/tools/bin/../lib/gcc/arm-none-eabi/9.3.1/../../../../arm-none-eabi/lib/thumb/v7e-m+dp/hard\libc_nano.a(lib_a-fstatr.o)
                0x0000000008004a34                _fstat_r
 .text._isatty_r
                0x0000000008004a58       0x20 c:/st/stm32cubeide_1.6.0/stm32cubeide/plugins/com.st.stm32cube.ide.mcu.externaltools.gnu-tools-for-stm32.9-2020-q2-update.win32_1.5.0.202011040924/tools/bin/../lib/gcc/arm-none-eabi/9.3.1/../../../../arm-none-eabi/lib/thumb/v7e-m+dp/hard\libc_nano.a(lib_a-isattyr.o)
                0x0000000008004a58                _isatty_r
 .text._lseek_r
                0x0000000008004a78       0x24 c:/st/stm32cubeide_1.6.0/stm32cubeide/plugins/com.st.stm32cube.ide.mcu.externaltools.gnu-tools-for-stm32.9-2020-q2-update.win32_1.5.0.202011040924/tools/bin/../lib/gcc/arm-none-eabi/9.3.1/../../../../arm-none-eabi/lib/thumb/v7e-m+dp/hard\libc_nano.a(lib_a-lseekr.o)
                0x0000000008004a78                _lseek_r
 .text.__malloc_lock
                0x0000000008004a9c        0xc c:/st/stm32cubeide_1.6.0/stm32cubeide/plugins/com.st.stm32cube.ide.mcu.externaltools.gnu-tools-for-stm32.9-2020-q2-update.win32_1.5.0.202011040924/tools/bin/../lib/gcc/arm-none-eabi/9.3.1/../../../../arm-none-eabi/lib/thumb/v7e-m+dp/hard\libc_nano.a(lib_a-mlock.o)
                0x0000000008004a9c                __malloc_lock
 .text.__malloc_unlock
                0x0000000008004aa8        0xc c:/st/stm32cubeide_1.6.0/stm32cubeide/plugins/com.st.stm32cube.ide.mcu.externaltools.gnu-tools-for-stm32.9-2020-q2-update.win32_1.5.0.202011040924/tools/bin/../lib/gcc/arm-none-eabi/9.3.1/../../../../arm-none-eabi/lib/thumb/v7e-m+dp/hard\libc_nano.a(lib_a-mlock.o)
                0x0000000008004aa8                __malloc_unlock
 .text._read_r  0x0000000008004ab4       0x24 c:/st/stm32cubeide_1.6.0/stm32cubeide/plugins/com.st.stm32cube.ide.mcu.externaltools.gnu-tools-for-stm32.9-2020-q2-update.win32_1.5.0.202011040924/tools/bin/../lib/gcc/arm-none-eabi/9.3.1/../../../../arm-none-eabi/lib/thumb/v7e-m+dp/hard\libc_nano.a(lib_a-readr.o)
                0x0000000008004ab4                _read_r
 *(.glue_7)
 .glue_7        0x0000000008004ad8        0x0 linker stubs
 *(.glue_7t)
 .glue_7t       0x0000000008004ad8        0x0 linker stubs
 *(.eh_frame)
 .eh_frame      0x0000000008004ad8        0x0 c:/st/stm32cubeide_1.6.0/stm32cubeide/plugins/com.st.stm32cube.ide.mcu.externaltools.gnu-tools-for-stm32.9-2020-q2-update.win32_1.5.0.202011040924/tools/bin/../lib/gcc/arm-none-eabi/9.3.1/thumb/v7e-m+dp/hard/crtbegin.o
 *(.init)
 .init          0x0000000008004ad8        0x4 c:/st/stm32cubeide_1.6.0/stm32cubeide/plugins/com.st.stm32cube.ide.mcu.externaltools.gnu-tools-for-stm32.9-2020-q2-update.win32_1.5.0.202011040924/tools/bin/../lib/gcc/arm-none-eabi/9.3.1/thumb/v7e-m+dp/hard/crti.o
                0x0000000008004ad8                _init
 .init          0x0000000008004adc        0x8 c:/st/stm32cubeide_1.6.0/stm32cubeide/plugins/com.st.stm32cube.ide.mcu.externaltools.gnu-tools-for-stm32.9-2020-q2-update.win32_1.5.0.202011040924/tools/bin/../lib/gcc/arm-none-eabi/9.3.1/thumb/v7e-m+dp/hard/crtn.o
 *(.fini)
 .fini          0x0000000008004ae4        0x4 c:/st/stm32cubeide_1.6.0/stm32cubeide/plugins/com.st.stm32cube.ide.mcu.externaltools.gnu-tools-for-stm32.9-2020-q2-update.win32_1.5.0.202011040924/tools/bin/../lib/gcc/arm-none-eabi/9.3.1/thumb/v7e-m+dp/hard/crti.o
                0x0000000008004ae4                _fini
 .fini          0x0000000008004ae8        0x8 c:/st/stm32cubeide_1.6.0/stm32cubeide/plugins/com.st.stm32cube.ide.mcu.externaltools.gnu-tools-for-stm32.9-2020-q2-update.win32_1.5.0.202011040924/tools/bin/../lib/gcc/arm-none-eabi/9.3.1/thumb/v7e-m+dp/hard/crtn.o
                0x0000000008004af0                . = ALIGN (0x4)
                0x0000000008004af0                _etext = .

.vfp11_veneer   0x0000000008004af0        0x0
 .vfp11_veneer  0x0000000008004af0        0x0 linker stubs

.v4_bx          0x0000000008004af0        0x0
 .v4_bx         0x0000000008004af0        0x0 linker stubs

.iplt           0x0000000008004af0        0x0
 .iplt          0x0000000008004af0        0x0 c:/st/stm32cubeide_1.6.0/stm32cubeide/plugins/com.st.stm32cube.ide.mcu.externaltools.gnu-tools-for-stm32.9-2020-q2-update.win32_1.5.0.202011040924/tools/bin/../lib/gcc/arm-none-eabi/9.3.1/thumb/v7e-m+dp/hard/crtbegin.o

.rodata         0x0000000008004af0       0xdc
                0x0000000008004af0                . = ALIGN (0x4)
 *(.rodata)
 .rodata        0x0000000008004af0       0x1f Src/main.o
 *fill*         0x0000000008004b0f        0x1 
 .rodata        0x0000000008004b10        0xb Src/usart.o
 *(.rodata*)
 *fill*         0x0000000008004b1b        0x1 
 .rodata.AHBPrescTable
                0x0000000008004b1c       0x10 Src/BSP/system_stm32f7xx.o
                0x0000000008004b1c                AHBPrescTable
 .rodata.APBPrescTable
                0x0000000008004b2c        0x8 Src/BSP/system_stm32f7xx.o
                0x0000000008004b2c                APBPrescTable
 .rodata._global_impure_ptr
                0x0000000008004b34        0x4 c:/st/stm32cubeide_1.6.0/stm32cubeide/plugins/com.st.stm32cube.ide.mcu.externaltools.gnu-tools-for-stm32.9-2020-q2-update.win32_1.5.0.202011040924/tools/bin/../lib/gcc/arm-none-eabi/9.3.1/../../../../arm-none-eabi/lib/thumb/v7e-m+dp/hard\libc_nano.a(lib_a-impure.o)
                0x0000000008004b34                _global_impure_ptr
 .rodata.__sf_fake_stderr
                0x0000000008004b38       0x20 c:/st/stm32cubeide_1.6.0/stm32cubeide/plugins/com.st.stm32cube.ide.mcu.externaltools.gnu-tools-for-stm32.9-2020-q2-update.win32_1.5.0.202011040924/tools/bin/../lib/gcc/arm-none-eabi/9.3.1/../../../../arm-none-eabi/lib/thumb/v7e-m+dp/hard\libc_nano.a(lib_a-findfp.o)
                0x0000000008004b38                __sf_fake_stderr
 .rodata.__sf_fake_stdin
                0x0000000008004b58       0x20 c:/st/stm32cubeide_1.6.0/stm32cubeide/plugins/com.st.stm32cube.ide.mcu.externaltools.gnu-tools-for-stm32.9-2020-q2-update.win32_1.5.0.202011040924/tools/bin/../lib/gcc/arm-none-eabi/9.3.1/../../../../arm-none-eabi/lib/thumb/v7e-m+dp/hard\libc_nano.a(lib_a-findfp.o)
                0x0000000008004b58                __sf_fake_stdin
 .rodata.__sf_fake_stdout
                0x0000000008004b78       0x20 c:/st/stm32cubeide_1.6.0/stm32cubeide/plugins/com.st.stm32cube.ide.mcu.externaltools.gnu-tools-for-stm32.9-2020-q2-update.win32_1.5.0.202011040924/tools/bin/../lib/gcc/arm-none-eabi/9.3.1/../../../../arm-none-eabi/lib/thumb/v7e-m+dp/hard\libc_nano.a(lib_a-findfp.o)
                0x0000000008004b78                __sf_fake_stdout
 .rodata._vfprintf_r.str1.1
                0x0000000008004b98       0x11 c:/st/stm32cubeide_1.6.0/stm32cubeide/plugins/com.st.stm32cube.ide.mcu.externaltools.gnu-tools-for-stm32.9-2020-q2-update.win32_1.5.0.202011040924/tools/bin/../lib/gcc/arm-none-eabi/9.3.1/../../../../arm-none-eabi/lib/thumb/v7e-m+dp/hard\libc_nano.a(lib_a-nano-vfprintf.o)
 .rodata._printf_i.str1.1
                0x0000000008004ba9       0x22 c:/st/stm32cubeide_1.6.0/stm32cubeide/plugins/com.st.stm32cube.ide.mcu.externaltools.gnu-tools-for-stm32.9-2020-q2-update.win32_1.5.0.202011040924/tools/bin/../lib/gcc/arm-none-eabi/9.3.1/../../../../arm-none-eabi/lib/thumb/v7e-m+dp/hard\libc_nano.a(lib_a-nano-vfprintf_i.o)
                0x0000000008004bcc                . = ALIGN (0x4)
 *fill*         0x0000000008004bcb        0x1 

.ARM.extab      0x0000000008004bcc        0x0
                0x0000000008004bcc                . = ALIGN (0x4)
 *(.ARM.extab* .gnu.linkonce.armextab.*)
                0x0000000008004bcc                . = ALIGN (0x4)

.ARM            0x0000000008004bcc        0x8
                0x0000000008004bcc                . = ALIGN (0x4)
                0x0000000008004bcc                __exidx_start = .
 *(.ARM.exidx*)
 .ARM.exidx     0x0000000008004bcc        0x8 c:/st/stm32cubeide_1.6.0/stm32cubeide/plugins/com.st.stm32cube.ide.mcu.externaltools.gnu-tools-for-stm32.9-2020-q2-update.win32_1.5.0.202011040924/tools/bin/../lib/gcc/arm-none-eabi/9.3.1/thumb/v7e-m+dp/hard\libgcc.a(_udivmoddi4.o)
                0x0000000008004bd4                __exidx_end = .
                0x0000000008004bd4                . = ALIGN (0x4)

.rel.dyn        0x0000000008004bd4        0x0
 .rel.iplt      0x0000000008004bd4        0x0 c:/st/stm32cubeide_1.6.0/stm32cubeide/plugins/com.st.stm32cube.ide.mcu.externaltools.gnu-tools-for-stm32.9-2020-q2-update.win32_1.5.0.202011040924/tools/bin/../lib/gcc/arm-none-eabi/9.3.1/thumb/v7e-m+dp/hard/crtbegin.o

.preinit_array  0x0000000008004bd4        0x0
                0x0000000008004bd4                . = ALIGN (0x4)
                0x0000000008004bd4                PROVIDE (__preinit_array_start = .)
 *(.preinit_array*)
                0x0000000008004bd4                PROVIDE (__preinit_array_end = .)
                0x0000000008004bd4                . = ALIGN (0x4)

.init_array     0x0000000008004bd4        0x4
                0x0000000008004bd4                . = ALIGN (0x4)
                0x0000000008004bd4                PROVIDE (__init_array_start = .)
 *(SORT_BY_NAME(.init_array.*))
 *(.init_array*)
 .init_array    0x0000000008004bd4        0x4 c:/st/stm32cubeide_1.6.0/stm32cubeide/plugins/com.st.stm32cube.ide.mcu.externaltools.gnu-tools-for-stm32.9-2020-q2-update.win32_1.5.0.202011040924/tools/bin/../lib/gcc/arm-none-eabi/9.3.1/thumb/v7e-m+dp/hard/crtbegin.o
                0x0000000008004bd8                PROVIDE (__init_array_end = .)
                0x0000000008004bd8                . = ALIGN (0x4)

.fini_array     0x0000000008004bd8        0x4
                0x0000000008004bd8                . = ALIGN (0x4)
                [!provide]                        PROVIDE (__fini_array_start = .)
 *(SORT_BY_NAME(.fini_array.*))
 *(.fini_array*)
 .fini_array    0x0000000008004bd8        0x4 c:/st/stm32cubeide_1.6.0/stm32cubeide/plugins/com.st.stm32cube.ide.mcu.externaltools.gnu-tools-for-stm32.9-2020-q2-update.win32_1.5.0.202011040924/tools/bin/../lib/gcc/arm-none-eabi/9.3.1/thumb/v7e-m+dp/hard/crtbegin.o
                [!provide]                        PROVIDE (__fini_array_end = .)
                0x0000000008004bdc                . = ALIGN (0x4)
                0x0000000008004bdc                _sidata = LOADADDR (.data)

.data           0x0000000020000000       0x70 load address 0x0000000008004bdc
                0x0000000020000000                . = ALIGN (0x4)
                0x0000000020000000                _sdata = .
 *(.data)
 *(.data*)
 .data.SystemCoreClock
                0x0000000020000000        0x4 Src/BSP/system_stm32f7xx.o
                0x0000000020000000                SystemCoreClock
 .data.uwTickPrio
                0x0000000020000004        0x4 Src/lib/cube_f767/Drivers/STM32F7xx_HAL_Driver/Src/stm32f7xx_hal.o
                0x0000000020000004                uwTickPrio
 .data.uwTickFreq
                0x0000000020000008        0x1 Src/lib/cube_f767/Drivers/STM32F7xx_HAL_Driver/Src/stm32f7xx_hal.o
                0x0000000020000008                uwTickFreq
 *fill*         0x0000000020000009        0x3 
 .data._impure_ptr
                0x000000002000000c        0x4 c:/st/stm32cubeide_1.6.0/stm32cubeide/plugins/com.st.stm32cube.ide.mcu.externaltools.gnu-tools-for-stm32.9-2020-q2-update.win32_1.5.0.202011040924/tools/bin/../lib/gcc/arm-none-eabi/9.3.1/../../../../arm-none-eabi/lib/thumb/v7e-m+dp/hard\libc_nano.a(lib_a-impure.o)
                0x000000002000000c                _impure_ptr
 .data.impure_data
                0x0000000020000010       0x60 c:/st/stm32cubeide_1.6.0/stm32cubeide/plugins/com.st.stm32cube.ide.mcu.externaltools.gnu-tools-for-stm32.9-2020-q2-update.win32_1.5.0.202011040924/tools/bin/../lib/gcc/arm-none-eabi/9.3.1/../../../../arm-none-eabi/lib/thumb/v7e-m+dp/hard\libc_nano.a(lib_a-impure.o)
 *(.RamFunc)
 *(.RamFunc*)
                0x0000000020000070                . = ALIGN (0x4)
                0x0000000020000070                _edata = .

.igot.plt       0x0000000020000070        0x0 load address 0x0000000008004c4c
 .igot.plt      0x0000000020000070        0x0 c:/st/stm32cubeide_1.6.0/stm32cubeide/plugins/com.st.stm32cube.ide.mcu.externaltools.gnu-tools-for-stm32.9-2020-q2-update.win32_1.5.0.202011040924/tools/bin/../lib/gcc/arm-none-eabi/9.3.1/thumb/v7e-m+dp/hard/crtbegin.o
                0x0000000020000070                . = ALIGN (0x4)

.bss            0x0000000020000070      0x1d8 load address 0x0000000008004c4c
                0x0000000020000070                _sbss = .
                0x0000000020000070                __bss_start__ = _sbss
 *(.bss)
 .bss           0x0000000020000070       0x1c c:/st/stm32cubeide_1.6.0/stm32cubeide/plugins/com.st.stm32cube.ide.mcu.externaltools.gnu-tools-for-stm32.9-2020-q2-update.win32_1.5.0.202011040924/tools/bin/../lib/gcc/arm-none-eabi/9.3.1/thumb/v7e-m+dp/hard/crtbegin.o
 *(.bss*)
 .bss.__sbrk_heap_end
                0x000000002000008c        0x4 Src/sysmem.o
 .bss.is_open   0x0000000020000090        0x4 Src/usart.o
 .bss.qbuffer   0x0000000020000094       0x10 Src/usart.o
 .bss.rx_buf    0x00000000200000a4      0x100 Src/usart.o
 .bss.rx_data   0x00000000200001a4        0x1 Src/usart.o
 *fill*         0x00000000200001a5        0x3 
 .bss.__malloc_free_list
                0x00000000200001a8        0x4 c:/st/stm32cubeide_1.6.0/stm32cubeide/plugins/com.st.stm32cube.ide.mcu.externaltools.gnu-tools-for-stm32.9-2020-q2-update.win32_1.5.0.202011040924/tools/bin/../lib/gcc/arm-none-eabi/9.3.1/../../../../arm-none-eabi/lib/thumb/v7e-m+dp/hard\libc_nano.a(lib_a-nano-mallocr.o)
                0x00000000200001a8                __malloc_free_list
 .bss.__malloc_sbrk_start
                0x00000000200001ac        0x4 c:/st/stm32cubeide_1.6.0/stm32cubeide/plugins/com.st.stm32cube.ide.mcu.externaltools.gnu-tools-for-stm32.9-2020-q2-update.win32_1.5.0.202011040924/tools/bin/../lib/gcc/arm-none-eabi/9.3.1/../../../../arm-none-eabi/lib/thumb/v7e-m+dp/hard\libc_nano.a(lib_a-nano-mallocr.o)
                0x00000000200001ac                __malloc_sbrk_start
 *(COMMON)
 COMMON         0x00000000200001b0       0x84 Src/main.o
                0x00000000200001b0                huart3
 COMMON         0x0000000020000234        0x4 Src/lib/cube_f767/Drivers/STM32F7xx_HAL_Driver/Src/stm32f7xx_hal.o
                0x0000000020000234                uwTick
 COMMON         0x0000000020000238        0x9 c:/st/stm32cubeide_1.6.0/stm32cubeide/plugins/com.st.stm32cube.ide.mcu.externaltools.gnu-tools-for-stm32.9-2020-q2-update.win32_1.5.0.202011040924/tools/bin/../lib/gcc/arm-none-eabi/9.3.1/../../../../arm-none-eabi/lib/thumb/v7e-m+dp/hard\libc_nano.a(lib_a-lock.o)
                0x0000000020000238                __lock___atexit_recursive_mutex
                0x0000000020000239                __lock___arc4random_mutex
                0x000000002000023a                __lock___env_recursive_mutex
                0x000000002000023b                __lock___sinit_recursive_mutex
                0x000000002000023c                __lock___malloc_recursive_mutex
                0x000000002000023d                __lock___at_quick_exit_mutex
                0x000000002000023e                __lock___dd_hash_mutex
                0x000000002000023f                __lock___tz_mutex
                0x0000000020000240                __lock___sfp_recursive_mutex
 *fill*         0x0000000020000241        0x3 
 COMMON         0x0000000020000244        0x4 c:/st/stm32cubeide_1.6.0/stm32cubeide/plugins/com.st.stm32cube.ide.mcu.externaltools.gnu-tools-for-stm32.9-2020-q2-update.win32_1.5.0.202011040924/tools/bin/../lib/gcc/arm-none-eabi/9.3.1/../../../../arm-none-eabi/lib/thumb/v7e-m+dp/hard\libc_nano.a(lib_a-reent.o)
                0x0000000020000244                errno
                0x0000000020000248                . = ALIGN (0x4)
                0x0000000020000248                _ebss = .
                0x0000000020000248                __bss_end__ = _ebss

._user_heap_stack
                0x0000000020000248      0x600 load address 0x0000000008004c4c
                0x0000000020000248                . = ALIGN (0x8)
                [!provide]                        PROVIDE (end = .)
                0x0000000020000248                PROVIDE (_end = .)
                0x0000000020000448                . = (. + _Min_Heap_Size)
 *fill*         0x0000000020000248      0x200 
                0x0000000020000848                . = (. + _Min_Stack_Size)
 *fill*         0x0000000020000448      0x400 
                0x0000000020000848                . = ALIGN (0x8)

/DISCARD/
 libc.a(*)
 libm.a(*)
 libgcc.a(*)

.ARM.attributes
                0x0000000000000000       0x2e
 *(.ARM.attributes)
 .ARM.attributes
                0x0000000000000000       0x1e c:/st/stm32cubeide_1.6.0/stm32cubeide/plugins/com.st.stm32cube.ide.mcu.externaltools.gnu-tools-for-stm32.9-2020-q2-update.win32_1.5.0.202011040924/tools/bin/../lib/gcc/arm-none-eabi/9.3.1/thumb/v7e-m+dp/hard/crti.o
 .ARM.attributes
                0x000000000000001e       0x32 c:/st/stm32cubeide_1.6.0/stm32cubeide/plugins/com.st.stm32cube.ide.mcu.externaltools.gnu-tools-for-stm32.9-2020-q2-update.win32_1.5.0.202011040924/tools/bin/../lib/gcc/arm-none-eabi/9.3.1/thumb/v7e-m+dp/hard/crtbegin.o
 .ARM.attributes
                0x0000000000000050       0x32 Src/BSP/stm32f7xx_hal_msp.o
 .ARM.attributes
                0x0000000000000082       0x32 Src/BSP/stm32f7xx_it.o
 .ARM.attributes
                0x00000000000000b4       0x32 Src/BSP/system_stm32f7xx.o
 .ARM.attributes
                0x00000000000000e6       0x32 Src/main.o
 .ARM.attributes
                0x0000000000000118       0x32 Src/qbuffer.o
 .ARM.attributes
                0x000000000000014a       0x32 Src/syscalls.o
 .ARM.attributes
                0x000000000000017c       0x32 Src/sysmem.o
 .ARM.attributes
                0x00000000000001ae       0x32 Src/usart.o
 .ARM.attributes
                0x00000000000001e0       0x32 Src/lib/cube_f767/Drivers/STM32F7xx_HAL_Driver/Src/stm32f7xx_hal.o
 .ARM.attributes
                0x0000000000000212       0x32 Src/lib/cube_f767/Drivers/STM32F7xx_HAL_Driver/Src/stm32f7xx_hal_cortex.o
 .ARM.attributes
                0x0000000000000244       0x32 Src/lib/cube_f767/Drivers/STM32F7xx_HAL_Driver/Src/stm32f7xx_hal_dma.o
 .ARM.attributes
                0x0000000000000276       0x32 Src/lib/cube_f767/Drivers/STM32F7xx_HAL_Driver/Src/stm32f7xx_hal_gpio.o
 .ARM.attributes
                0x00000000000002a8       0x32 Src/lib/cube_f767/Drivers/STM32F7xx_HAL_Driver/Src/stm32f7xx_hal_pwr.o
 .ARM.attributes
                0x00000000000002da       0x32 Src/lib/cube_f767/Drivers/STM32F7xx_HAL_Driver/Src/stm32f7xx_hal_pwr_ex.o
 .ARM.attributes
                0x000000000000030c       0x32 Src/lib/cube_f767/Drivers/STM32F7xx_HAL_Driver/Src/stm32f7xx_hal_rcc.o
 .ARM.attributes
                0x000000000000033e       0x32 Src/lib/cube_f767/Drivers/STM32F7xx_HAL_Driver/Src/stm32f7xx_hal_rcc_ex.o
 .ARM.attributes
                0x0000000000000370       0x32 Src/lib/cube_f767/Drivers/STM32F7xx_HAL_Driver/Src/stm32f7xx_hal_uart.o
 .ARM.attributes
                0x00000000000003a2       0x21 Startup/startup_stm32f767zitx.o
 .ARM.attributes
                0x00000000000003c3       0x32 c:/st/stm32cubeide_1.6.0/stm32cubeide/plugins/com.st.stm32cube.ide.mcu.externaltools.gnu-tools-for-stm32.9-2020-q2-update.win32_1.5.0.202011040924/tools/bin/../lib/gcc/arm-none-eabi/9.3.1/../../../../arm-none-eabi/lib/thumb/v7e-m+dp/hard\libc_nano.a(lib_a-errno.o)
 .ARM.attributes
                0x00000000000003f5       0x30 c:/st/stm32cubeide_1.6.0/stm32cubeide/plugins/com.st.stm32cube.ide.mcu.externaltools.gnu-tools-for-stm32.9-2020-q2-update.win32_1.5.0.202011040924/tools/bin/../lib/gcc/arm-none-eabi/9.3.1/../../../../arm-none-eabi/lib/thumb/v7e-m+dp/hard\libc_nano.a(lib_a-impure.o)
 .ARM.attributes
                0x0000000000000425       0x32 c:/st/stm32cubeide_1.6.0/stm32cubeide/plugins/com.st.stm32cube.ide.mcu.externaltools.gnu-tools-for-stm32.9-2020-q2-update.win32_1.5.0.202011040924/tools/bin/../lib/gcc/arm-none-eabi/9.3.1/../../../../arm-none-eabi/lib/thumb/v7e-m+dp/hard\libc_nano.a(lib_a-init.o)
 .ARM.attributes
                0x0000000000000457       0x32 c:/st/stm32cubeide_1.6.0/stm32cubeide/plugins/com.st.stm32cube.ide.mcu.externaltools.gnu-tools-for-stm32.9-2020-q2-update.win32_1.5.0.202011040924/tools/bin/../lib/gcc/arm-none-eabi/9.3.1/../../../../arm-none-eabi/lib/thumb/v7e-m+dp/hard\libc_nano.a(lib_a-memset.o)
 .ARM.attributes
                0x0000000000000489       0x32 c:/st/stm32cubeide_1.6.0/stm32cubeide/plugins/com.st.stm32cube.ide.mcu.externaltools.gnu-tools-for-stm32.9-2020-q2-update.win32_1.5.0.202011040924/tools/bin/../lib/gcc/arm-none-eabi/9.3.1/../../../../arm-none-eabi/lib/thumb/v7e-m+dp/hard\libc_nano.a(lib_a-printf.o)
 .ARM.attributes
                0x00000000000004bb       0x32 c:/st/stm32cubeide_1.6.0/stm32cubeide/plugins/com.st.stm32cube.ide.mcu.externaltools.gnu-tools-for-stm32.9-2020-q2-update.win32_1.5.0.202011040924/tools/bin/../lib/gcc/arm-none-eabi/9.3.1/../../../../arm-none-eabi/lib/thumb/v7e-m+dp/hard\libc_nano.a(lib_a-puts.o)
 .ARM.attributes
                0x00000000000004ed       0x32 c:/st/stm32cubeide_1.6.0/stm32cubeide/plugins/com.st.stm32cube.ide.mcu.externaltools.gnu-tools-for-stm32.9-2020-q2-update.win32_1.5.0.202011040924/tools/bin/../lib/gcc/arm-none-eabi/9.3.1/../../../../arm-none-eabi/lib/thumb/v7e-m+dp/hard\libc_nano.a(lib_a-wbuf.o)
 .ARM.attributes
                0x000000000000051f       0x32 c:/st/stm32cubeide_1.6.0/stm32cubeide/plugins/com.st.stm32cube.ide.mcu.externaltools.gnu-tools-for-stm32.9-2020-q2-update.win32_1.5.0.202011040924/tools/bin/../lib/gcc/arm-none-eabi/9.3.1/../../../../arm-none-eabi/lib/thumb/v7e-m+dp/hard\libc_nano.a(lib_a-wsetup.o)
 .ARM.attributes
                0x0000000000000551       0x32 c:/st/stm32cubeide_1.6.0/stm32cubeide/plugins/com.st.stm32cube.ide.mcu.externaltools.gnu-tools-for-stm32.9-2020-q2-update.win32_1.5.0.202011040924/tools/bin/../lib/gcc/arm-none-eabi/9.3.1/../../../../arm-none-eabi/lib/thumb/v7e-m+dp/hard\libc_nano.a(lib_a-fflush.o)
 .ARM.attributes
                0x0000000000000583       0x32 c:/st/stm32cubeide_1.6.0/stm32cubeide/plugins/com.st.stm32cube.ide.mcu.externaltools.gnu-tools-for-stm32.9-2020-q2-update.win32_1.5.0.202011040924/tools/bin/../lib/gcc/arm-none-eabi/9.3.1/../../../../arm-none-eabi/lib/thumb/v7e-m+dp/hard\libc_nano.a(lib_a-findfp.o)
 .ARM.attributes
                0x00000000000005b5       0x32 c:/st/stm32cubeide_1.6.0/stm32cubeide/plugins/com.st.stm32cube.ide.mcu.externaltools.gnu-tools-for-stm32.9-2020-q2-update.win32_1.5.0.202011040924/tools/bin/../lib/gcc/arm-none-eabi/9.3.1/../../../../arm-none-eabi/lib/thumb/v7e-m+dp/hard\libc_nano.a(lib_a-fwalk.o)
 .ARM.attributes
                0x00000000000005e7       0x32 c:/st/stm32cubeide_1.6.0/stm32cubeide/plugins/com.st.stm32cube.ide.mcu.externaltools.gnu-tools-for-stm32.9-2020-q2-update.win32_1.5.0.202011040924/tools/bin/../lib/gcc/arm-none-eabi/9.3.1/../../../../arm-none-eabi/lib/thumb/v7e-m+dp/hard\libc_nano.a(lib_a-lock.o)
 .ARM.attributes
                0x0000000000000619       0x32 c:/st/stm32cubeide_1.6.0/stm32cubeide/plugins/com.st.stm32cube.ide.mcu.externaltools.gnu-tools-for-stm32.9-2020-q2-update.win32_1.5.0.202011040924/tools/bin/../lib/gcc/arm-none-eabi/9.3.1/../../../../arm-none-eabi/lib/thumb/v7e-m+dp/hard\libc_nano.a(lib_a-makebuf.o)
 .ARM.attributes
                0x000000000000064b       0x32 c:/st/stm32cubeide_1.6.0/stm32cubeide/plugins/com.st.stm32cube.ide.mcu.externaltools.gnu-tools-for-stm32.9-2020-q2-update.win32_1.5.0.202011040924/tools/bin/../lib/gcc/arm-none-eabi/9.3.1/../../../../arm-none-eabi/lib/thumb/v7e-m+dp/hard\libc_nano.a(lib_a-nano-freer.o)
 .ARM.attributes
                0x000000000000067d       0x32 c:/st/stm32cubeide_1.6.0/stm32cubeide/plugins/com.st.stm32cube.ide.mcu.externaltools.gnu-tools-for-stm32.9-2020-q2-update.win32_1.5.0.202011040924/tools/bin/../lib/gcc/arm-none-eabi/9.3.1/../../../../arm-none-eabi/lib/thumb/v7e-m+dp/hard\libc_nano.a(lib_a-nano-mallocr.o)
 .ARM.attributes
                0x00000000000006af       0x32 c:/st/stm32cubeide_1.6.0/stm32cubeide/plugins/com.st.stm32cube.ide.mcu.externaltools.gnu-tools-for-stm32.9-2020-q2-update.win32_1.5.0.202011040924/tools/bin/../lib/gcc/arm-none-eabi/9.3.1/../../../../arm-none-eabi/lib/thumb/v7e-m+dp/hard\libc_nano.a(lib_a-nano-vfprintf.o)
 .ARM.attributes
                0x00000000000006e1       0x32 c:/st/stm32cubeide_1.6.0/stm32cubeide/plugins/com.st.stm32cube.ide.mcu.externaltools.gnu-tools-for-stm32.9-2020-q2-update.win32_1.5.0.202011040924/tools/bin/../lib/gcc/arm-none-eabi/9.3.1/../../../../arm-none-eabi/lib/thumb/v7e-m+dp/hard\libc_nano.a(lib_a-nano-vfprintf_i.o)
 .ARM.attributes
                0x0000000000000713       0x32 c:/st/stm32cubeide_1.6.0/stm32cubeide/plugins/com.st.stm32cube.ide.mcu.externaltools.gnu-tools-for-stm32.9-2020-q2-update.win32_1.5.0.202011040924/tools/bin/../lib/gcc/arm-none-eabi/9.3.1/../../../../arm-none-eabi/lib/thumb/v7e-m+dp/hard\libc_nano.a(lib_a-sbrkr.o)
 .ARM.attributes
                0x0000000000000745       0x32 c:/st/stm32cubeide_1.6.0/stm32cubeide/plugins/com.st.stm32cube.ide.mcu.externaltools.gnu-tools-for-stm32.9-2020-q2-update.win32_1.5.0.202011040924/tools/bin/../lib/gcc/arm-none-eabi/9.3.1/../../../../arm-none-eabi/lib/thumb/v7e-m+dp/hard\libc_nano.a(lib_a-stdio.o)
 .ARM.attributes
                0x0000000000000777       0x32 c:/st/stm32cubeide_1.6.0/stm32cubeide/plugins/com.st.stm32cube.ide.mcu.externaltools.gnu-tools-for-stm32.9-2020-q2-update.win32_1.5.0.202011040924/tools/bin/../lib/gcc/arm-none-eabi/9.3.1/../../../../arm-none-eabi/lib/thumb/v7e-m+dp/hard\libc_nano.a(lib_a-writer.o)
 .ARM.attributes
                0x00000000000007a9       0x32 c:/st/stm32cubeide_1.6.0/stm32cubeide/plugins/com.st.stm32cube.ide.mcu.externaltools.gnu-tools-for-stm32.9-2020-q2-update.win32_1.5.0.202011040924/tools/bin/../lib/gcc/arm-none-eabi/9.3.1/../../../../arm-none-eabi/lib/thumb/v7e-m+dp/hard\libc_nano.a(lib_a-closer.o)
 .ARM.attributes
                0x00000000000007db       0x32 c:/st/stm32cubeide_1.6.0/stm32cubeide/plugins/com.st.stm32cube.ide.mcu.externaltools.gnu-tools-for-stm32.9-2020-q2-update.win32_1.5.0.202011040924/tools/bin/../lib/gcc/arm-none-eabi/9.3.1/../../../../arm-none-eabi/lib/thumb/v7e-m+dp/hard\libc_nano.a(lib_a-fstatr.o)
 .ARM.attributes
                0x000000000000080d       0x32 c:/st/stm32cubeide_1.6.0/stm32cubeide/plugins/com.st.stm32cube.ide.mcu.externaltools.gnu-tools-for-stm32.9-2020-q2-update.win32_1.5.0.202011040924/tools/bin/../lib/gcc/arm-none-eabi/9.3.1/../../../../arm-none-eabi/lib/thumb/v7e-m+dp/hard\libc_nano.a(lib_a-isattyr.o)
 .ARM.attributes
                0x000000000000083f       0x32 c:/st/stm32cubeide_1.6.0/stm32cubeide/plugins/com.st.stm32cube.ide.mcu.externaltools.gnu-tools-for-stm32.9-2020-q2-update.win32_1.5.0.202011040924/tools/bin/../lib/gcc/arm-none-eabi/9.3.1/../../../../arm-none-eabi/lib/thumb/v7e-m+dp/hard\libc_nano.a(lib_a-lseekr.o)
 .ARM.attributes
                0x0000000000000871       0x1c c:/st/stm32cubeide_1.6.0/stm32cubeide/plugins/com.st.stm32cube.ide.mcu.externaltools.gnu-tools-for-stm32.9-2020-q2-update.win32_1.5.0.202011040924/tools/bin/../lib/gcc/arm-none-eabi/9.3.1/../../../../arm-none-eabi/lib/thumb/v7e-m+dp/hard\libc_nano.a(lib_a-memchr.o)
 .ARM.attributes
                0x000000000000088d       0x32 c:/st/stm32cubeide_1.6.0/stm32cubeide/plugins/com.st.stm32cube.ide.mcu.externaltools.gnu-tools-for-stm32.9-2020-q2-update.win32_1.5.0.202011040924/tools/bin/../lib/gcc/arm-none-eabi/9.3.1/../../../../arm-none-eabi/lib/thumb/v7e-m+dp/hard\libc_nano.a(lib_a-mlock.o)
 .ARM.attributes
                0x00000000000008bf       0x32 c:/st/stm32cubeide_1.6.0/stm32cubeide/plugins/com.st.stm32cube.ide.mcu.externaltools.gnu-tools-for-stm32.9-2020-q2-update.win32_1.5.0.202011040924/tools/bin/../lib/gcc/arm-none-eabi/9.3.1/../../../../arm-none-eabi/lib/thumb/v7e-m+dp/hard\libc_nano.a(lib_a-readr.o)
 .ARM.attributes
                0x00000000000008f1       0x32 c:/st/stm32cubeide_1.6.0/stm32cubeide/plugins/com.st.stm32cube.ide.mcu.externaltools.gnu-tools-for-stm32.9-2020-q2-update.win32_1.5.0.202011040924/tools/bin/../lib/gcc/arm-none-eabi/9.3.1/../../../../arm-none-eabi/lib/thumb/v7e-m+dp/hard\libc_nano.a(lib_a-reent.o)
 .ARM.attributes
                0x0000000000000923       0x1e c:/st/stm32cubeide_1.6.0/stm32cubeide/plugins/com.st.stm32cube.ide.mcu.externaltools.gnu-tools-for-stm32.9-2020-q2-update.win32_1.5.0.202011040924/tools/bin/../lib/gcc/arm-none-eabi/9.3.1/thumb/v7e-m+dp/hard\libgcc.a(_aeabi_uldivmod.o)
 .ARM.attributes
                0x0000000000000941       0x32 c:/st/stm32cubeide_1.6.0/stm32cubeide/plugins/com.st.stm32cube.ide.mcu.externaltools.gnu-tools-for-stm32.9-2020-q2-update.win32_1.5.0.202011040924/tools/bin/../lib/gcc/arm-none-eabi/9.3.1/thumb/v7e-m+dp/hard\libgcc.a(_udivmoddi4.o)
 .ARM.attributes
                0x0000000000000973       0x1e c:/st/stm32cubeide_1.6.0/stm32cubeide/plugins/com.st.stm32cube.ide.mcu.externaltools.gnu-tools-for-stm32.9-2020-q2-update.win32_1.5.0.202011040924/tools/bin/../lib/gcc/arm-none-eabi/9.3.1/thumb/v7e-m+dp/hard\libgcc.a(_dvmd_tls.o)
 .ARM.attributes
                0x0000000000000991       0x1e c:/st/stm32cubeide_1.6.0/stm32cubeide/plugins/com.st.stm32cube.ide.mcu.externaltools.gnu-tools-for-stm32.9-2020-q2-update.win32_1.5.0.202011040924/tools/bin/../lib/gcc/arm-none-eabi/9.3.1/thumb/v7e-m+dp/hard/crtn.o
OUTPUT(stm32f767zi_boot.elf elf32-littlearm)
LOAD linker stubs
LOAD c:/st/stm32cubeide_1.6.0/stm32cubeide/plugins/com.st.stm32cube.ide.mcu.externaltools.gnu-tools-for-stm32.9-2020-q2-update.win32_1.5.0.202011040924/tools/bin/../lib/gcc/arm-none-eabi/9.3.1/../../../../arm-none-eabi/lib/thumb/v7e-m+dp/hard\libc.a
LOAD c:/st/stm32cubeide_1.6.0/stm32cubeide/plugins/com.st.stm32cube.ide.mcu.externaltools.gnu-tools-for-stm32.9-2020-q2-update.win32_1.5.0.202011040924/tools/bin/../lib/gcc/arm-none-eabi/9.3.1/../../../../arm-none-eabi/lib/thumb/v7e-m+dp/hard\libm.a
LOAD c:/st/stm32cubeide_1.6.0/stm32cubeide/plugins/com.st.stm32cube.ide.mcu.externaltools.gnu-tools-for-stm32.9-2020-q2-update.win32_1.5.0.202011040924/tools/bin/../lib/gcc/arm-none-eabi/9.3.1/thumb/v7e-m+dp/hard\libgcc.a

.debug_info     0x0000000000000000     0xd855
 .debug_info    0x0000000000000000      0x3be Src/BSP/stm32f7xx_hal_msp.o
 .debug_info    0x00000000000003be      0x7f9 Src/BSP/stm32f7xx_it.o
 .debug_info    0x0000000000000bb7      0x74f Src/BSP/system_stm32f7xx.o
 .debug_info    0x0000000000001306     0x195f Src/main.o
 .debug_info    0x0000000000002c65      0xb64 Src/qbuffer.o
 .debug_info    0x00000000000037c9      0xfa8 Src/syscalls.o
 .debug_info    0x0000000000004771      0xa25 Src/sysmem.o
 .debug_info    0x0000000000005196     0x1811 Src/usart.o
 .debug_info    0x00000000000069a7      0xab8 Src/lib/cube_f767/Drivers/STM32F7xx_HAL_Driver/Src/stm32f7xx_hal.o
 .debug_info    0x000000000000745f     0x1158 Src/lib/cube_f767/Drivers/STM32F7xx_HAL_Driver/Src/stm32f7xx_hal_cortex.o
 .debug_info    0x00000000000085b7      0x9f1 Src/lib/cube_f767/Drivers/STM32F7xx_HAL_Driver/Src/stm32f7xx_hal_dma.o
 .debug_info    0x0000000000008fa8      0x876 Src/lib/cube_f767/Drivers/STM32F7xx_HAL_Driver/Src/stm32f7xx_hal_gpio.o
 .debug_info    0x000000000000981e      0xa4c Src/lib/cube_f767/Drivers/STM32F7xx_HAL_Driver/Src/stm32f7xx_hal_pwr.o
 .debug_info    0x000000000000a26a      0x9f6 Src/lib/cube_f767/Drivers/STM32F7xx_HAL_Driver/Src/stm32f7xx_hal_pwr_ex.o
 .debug_info    0x000000000000ac60      0xa28 Src/lib/cube_f767/Drivers/STM32F7xx_HAL_Driver/Src/stm32f7xx_hal_rcc.o
 .debug_info    0x000000000000b688      0x853 Src/lib/cube_f767/Drivers/STM32F7xx_HAL_Driver/Src/stm32f7xx_hal_rcc_ex.o
 .debug_info    0x000000000000bedb     0x1958 Src/lib/cube_f767/Drivers/STM32F7xx_HAL_Driver/Src/stm32f7xx_hal_uart.o
 .debug_info    0x000000000000d833       0x22 Startup/startup_stm32f767zitx.o

.debug_abbrev   0x0000000000000000     0x2347
 .debug_abbrev  0x0000000000000000      0x11d Src/BSP/stm32f7xx_hal_msp.o
 .debug_abbrev  0x000000000000011d      0x163 Src/BSP/stm32f7xx_it.o
 .debug_abbrev  0x0000000000000280      0x149 Src/BSP/system_stm32f7xx.o
 .debug_abbrev  0x00000000000003c9      0x2d2 Src/main.o
 .debug_abbrev  0x000000000000069b      0x20a Src/qbuffer.o
 .debug_abbrev  0x00000000000008a5      0x286 Src/syscalls.o
 .debug_abbrev  0x0000000000000b2b      0x1bf Src/sysmem.o
 .debug_abbrev  0x0000000000000cea      0x272 Src/usart.o
 .debug_abbrev  0x0000000000000f5c      0x1ed Src/lib/cube_f767/Drivers/STM32F7xx_HAL_Driver/Src/stm32f7xx_hal.o
 .debug_abbrev  0x0000000000001149      0x33c Src/lib/cube_f767/Drivers/STM32F7xx_HAL_Driver/Src/stm32f7xx_hal_cortex.o
 .debug_abbrev  0x0000000000001485      0x259 Src/lib/cube_f767/Drivers/STM32F7xx_HAL_Driver/Src/stm32f7xx_hal_dma.o
 .debug_abbrev  0x00000000000016de      0x1f1 Src/lib/cube_f767/Drivers/STM32F7xx_HAL_Driver/Src/stm32f7xx_hal_gpio.o
 .debug_abbrev  0x00000000000018cf      0x1de Src/lib/cube_f767/Drivers/STM32F7xx_HAL_Driver/Src/stm32f7xx_hal_pwr.o
 .debug_abbrev  0x0000000000001aad      0x1dc Src/lib/cube_f767/Drivers/STM32F7xx_HAL_Driver/Src/stm32f7xx_hal_pwr_ex.o
 .debug_abbrev  0x0000000000001c89      0x29c Src/lib/cube_f767/Drivers/STM32F7xx_HAL_Driver/Src/stm32f7xx_hal_rcc.o
 .debug_abbrev  0x0000000000001f25      0x1d1 Src/lib/cube_f767/Drivers/STM32F7xx_HAL_Driver/Src/stm32f7xx_hal_rcc_ex.o
 .debug_abbrev  0x00000000000020f6      0x23f Src/lib/cube_f767/Drivers/STM32F7xx_HAL_Driver/Src/stm32f7xx_hal_uart.o
 .debug_abbrev  0x0000000000002335       0x12 Startup/startup_stm32f767zitx.o

.debug_aranges  0x0000000000000000      0x9b8
 .debug_aranges
                0x0000000000000000       0x20 Src/BSP/stm32f7xx_hal_msp.o
 .debug_aranges
                0x0000000000000020       0x68 Src/BSP/stm32f7xx_it.o
 .debug_aranges
                0x0000000000000088       0x28 Src/BSP/system_stm32f7xx.o
 .debug_aranges
                0x00000000000000b0       0x50 Src/main.o
 .debug_aranges
                0x0000000000000100       0x48 Src/qbuffer.o
 .debug_aranges
                0x0000000000000148       0xa8 Src/syscalls.o
 .debug_aranges
                0x00000000000001f0       0x20 Src/sysmem.o
 .debug_aranges
                0x0000000000000210       0x50 Src/usart.o
 .debug_aranges
                0x0000000000000260      0x110 Src/lib/cube_f767/Drivers/STM32F7xx_HAL_Driver/Src/stm32f7xx_hal.o
 .debug_aranges
                0x0000000000000370      0x118 Src/lib/cube_f767/Drivers/STM32F7xx_HAL_Driver/Src/stm32f7xx_hal_cortex.o
 .debug_aranges
                0x0000000000000488       0x90 Src/lib/cube_f767/Drivers/STM32F7xx_HAL_Driver/Src/stm32f7xx_hal_dma.o
 .debug_aranges
                0x0000000000000518       0x58 Src/lib/cube_f767/Drivers/STM32F7xx_HAL_Driver/Src/stm32f7xx_hal_gpio.o
 .debug_aranges
                0x0000000000000570       0xa0 Src/lib/cube_f767/Drivers/STM32F7xx_HAL_Driver/Src/stm32f7xx_hal_pwr.o
 .debug_aranges
                0x0000000000000610       0x80 Src/lib/cube_f767/Drivers/STM32F7xx_HAL_Driver/Src/stm32f7xx_hal_pwr_ex.o
 .debug_aranges
                0x0000000000000690       0x88 Src/lib/cube_f767/Drivers/STM32F7xx_HAL_Driver/Src/stm32f7xx_hal_rcc.o
 .debug_aranges
                0x0000000000000718       0x50 Src/lib/cube_f767/Drivers/STM32F7xx_HAL_Driver/Src/stm32f7xx_hal_rcc_ex.o
 .debug_aranges
                0x0000000000000768      0x228 Src/lib/cube_f767/Drivers/STM32F7xx_HAL_Driver/Src/stm32f7xx_hal_uart.o
 .debug_aranges
                0x0000000000000990       0x28 Startup/startup_stm32f767zitx.o

.debug_ranges   0x0000000000000000      0x8d0
 .debug_ranges  0x0000000000000000       0x10 Src/BSP/stm32f7xx_hal_msp.o
 .debug_ranges  0x0000000000000010       0x58 Src/BSP/stm32f7xx_it.o
 .debug_ranges  0x0000000000000068       0x18 Src/BSP/system_stm32f7xx.o
 .debug_ranges  0x0000000000000080       0x40 Src/main.o
 .debug_ranges  0x00000000000000c0       0x38 Src/qbuffer.o
 .debug_ranges  0x00000000000000f8       0x98 Src/syscalls.o
 .debug_ranges  0x0000000000000190       0x10 Src/sysmem.o
 .debug_ranges  0x00000000000001a0       0x40 Src/usart.o
 .debug_ranges  0x00000000000001e0      0x100 Src/lib/cube_f767/Drivers/STM32F7xx_HAL_Driver/Src/stm32f7xx_hal.o
 .debug_ranges  0x00000000000002e0      0x108 Src/lib/cube_f767/Drivers/STM32F7xx_HAL_Driver/Src/stm32f7xx_hal_cortex.o
 .debug_ranges  0x00000000000003e8       0x80 Src/lib/cube_f767/Drivers/STM32F7xx_HAL_Driver/Src/stm32f7xx_hal_dma.o
 .debug_ranges  0x0000000000000468       0x48 Src/lib/cube_f767/Drivers/STM32F7xx_HAL_Driver/Src/stm32f7xx_hal_gpio.o
 .debug_ranges  0x00000000000004b0       0x90 Src/lib/cube_f767/Drivers/STM32F7xx_HAL_Driver/Src/stm32f7xx_hal_pwr.o
 .debug_ranges  0x0000000000000540       0x70 Src/lib/cube_f767/Drivers/STM32F7xx_HAL_Driver/Src/stm32f7xx_hal_pwr_ex.o
 .debug_ranges  0x00000000000005b0       0x78 Src/lib/cube_f767/Drivers/STM32F7xx_HAL_Driver/Src/stm32f7xx_hal_rcc.o
 .debug_ranges  0x0000000000000628       0x40 Src/lib/cube_f767/Drivers/STM32F7xx_HAL_Driver/Src/stm32f7xx_hal_rcc_ex.o
 .debug_ranges  0x0000000000000668      0x248 Src/lib/cube_f767/Drivers/STM32F7xx_HAL_Driver/Src/stm32f7xx_hal_uart.o
 .debug_ranges  0x00000000000008b0       0x20 Startup/startup_stm32f767zitx.o

.debug_macro    0x0000000000000000    0x29526
 .debug_macro   0x0000000000000000      0x1e3 Src/BSP/stm32f7xx_hal_msp.o
 .debug_macro   0x00000000000001e3      0xab4 Src/BSP/stm32f7xx_hal_msp.o
 .debug_macro   0x0000000000000c97      0x2a1 Src/BSP/stm32f7xx_hal_msp.o
 .debug_macro   0x0000000000000f38       0x2e Src/BSP/stm32f7xx_hal_msp.o
 .debug_macro   0x0000000000000f66       0x3b Src/BSP/stm32f7xx_hal_msp.o
 .debug_macro   0x0000000000000fa1       0x22 Src/BSP/stm32f7xx_hal_msp.o
 .debug_macro   0x0000000000000fc3       0x8e Src/BSP/stm32f7xx_hal_msp.o
 .debug_macro   0x0000000000001051       0x51 Src/BSP/stm32f7xx_hal_msp.o
 .debug_macro   0x00000000000010a2      0x103 Src/BSP/stm32f7xx_hal_msp.o
 .debug_macro   0x00000000000011a5       0x6a Src/BSP/stm32f7xx_hal_msp.o
 .debug_macro   0x000000000000120f      0x1df Src/BSP/stm32f7xx_hal_msp.o
 .debug_macro   0x00000000000013ee       0x1c Src/BSP/stm32f7xx_hal_msp.o
 .debug_macro   0x000000000000140a       0x22 Src/BSP/stm32f7xx_hal_msp.o
 .debug_macro   0x000000000000142c       0xdf Src/BSP/stm32f7xx_hal_msp.o
 .debug_macro   0x000000000000150b     0x12cd Src/BSP/stm32f7xx_hal_msp.o
 .debug_macro   0x00000000000027d8      0x11f Src/BSP/stm32f7xx_hal_msp.o
 .debug_macro   0x00000000000028f7       0x19 Src/BSP/stm32f7xx_hal_msp.o
 .debug_macro   0x0000000000002910    0x1a9cf Src/BSP/stm32f7xx_hal_msp.o
 .debug_macro   0x000000000001d2df       0x43 Src/BSP/stm32f7xx_hal_msp.o
 .debug_macro   0x000000000001d322     0x36c9 Src/BSP/stm32f7xx_hal_msp.o
 .debug_macro   0x00000000000209eb      0x174 Src/BSP/stm32f7xx_hal_msp.o
 .debug_macro   0x0000000000020b5f       0x63 Src/BSP/stm32f7xx_hal_msp.o
 .debug_macro   0x0000000000020bc2     0x1add Src/BSP/stm32f7xx_hal_msp.o
 .debug_macro   0x000000000002269f      0x6c4 Src/BSP/stm32f7xx_hal_msp.o
 .debug_macro   0x0000000000022d63      0x18b Src/BSP/stm32f7xx_hal_msp.o
 .debug_macro   0x0000000000022eee      0x117 Src/BSP/stm32f7xx_hal_msp.o
 .debug_macro   0x0000000000023005      0x26f Src/BSP/stm32f7xx_hal_msp.o
 .debug_macro   0x0000000000023274       0x27 Src/BSP/stm32f7xx_hal_msp.o
 .debug_macro   0x000000000002329b      0x24f Src/BSP/stm32f7xx_hal_msp.o
 .debug_macro   0x00000000000234ea       0x71 Src/BSP/stm32f7xx_hal_msp.o
 .debug_macro   0x000000000002355b       0x58 Src/BSP/stm32f7xx_hal_msp.o
 .debug_macro   0x00000000000235b3      0x236 Src/BSP/stm32f7xx_hal_msp.o
 .debug_macro   0x00000000000237e9      0xccf Src/BSP/stm32f7xx_hal_msp.o
 .debug_macro   0x00000000000244b8      0x14f Src/BSP/stm32f7xx_hal_msp.o
 .debug_macro   0x0000000000024607      0x3dc Src/BSP/stm32f7xx_hal_msp.o
 .debug_macro   0x00000000000249e3       0x12 Src/BSP/stm32f7xx_hal_msp.o
 .debug_macro   0x00000000000249f5      0x22c Src/BSP/stm32f7xx_hal_msp.o
 .debug_macro   0x0000000000024c21       0x61 Src/BSP/stm32f7xx_hal_msp.o
 .debug_macro   0x0000000000024c82       0xa5 Src/BSP/stm32f7xx_hal_msp.o
 .debug_macro   0x0000000000024d27      0x12f Src/BSP/stm32f7xx_hal_msp.o
 .debug_macro   0x0000000000024e56      0x108 Src/BSP/stm32f7xx_hal_msp.o
 .debug_macro   0x0000000000024f5e       0x35 Src/BSP/stm32f7xx_hal_msp.o
 .debug_macro   0x0000000000024f93      0x5a5 Src/BSP/stm32f7xx_hal_msp.o
 .debug_macro   0x0000000000025538       0x44 Src/BSP/stm32f7xx_hal_msp.o
 .debug_macro   0x000000000002557c      0x15c Src/BSP/stm32f7xx_hal_msp.o
 .debug_macro   0x00000000000256d8      0x100 Src/BSP/stm32f7xx_hal_msp.o
 .debug_macro   0x00000000000257d8      0x1ed Src/BSP/stm32f7xx_it.o
 .debug_macro   0x00000000000259c5       0xd8 Src/BSP/system_stm32f7xx.o
 .debug_macro   0x0000000000025a9d      0x34a Src/main.o
 .debug_macro   0x0000000000025de7       0x4c Src/main.o
 .debug_macro   0x0000000000025e33       0x17 Src/main.o
 .debug_macro   0x0000000000025e4a       0x94 Src/main.o
 .debug_macro   0x0000000000025ede       0x3c Src/main.o
 .debug_macro   0x0000000000025f1a       0x34 Src/main.o
 .debug_macro   0x0000000000025f4e       0x16 Src/main.o
 .debug_macro   0x0000000000025f64       0x57 Src/main.o
 .debug_macro   0x0000000000025fbb       0x97 Src/main.o
 .debug_macro   0x0000000000026052      0x339 Src/main.o
 .debug_macro   0x000000000002638b       0xfd Src/main.o
 .debug_macro   0x0000000000026488       0x10 Src/main.o
 .debug_macro   0x0000000000026498       0x16 Src/main.o
 .debug_macro   0x00000000000264ae       0x43 Src/main.o
 .debug_macro   0x00000000000264f1       0x34 Src/main.o
 .debug_macro   0x0000000000026525       0x10 Src/main.o
 .debug_macro   0x0000000000026535       0x58 Src/main.o
 .debug_macro   0x000000000002658d       0x71 Src/main.o
 .debug_macro   0x00000000000265fe       0x1c Src/main.o
 .debug_macro   0x000000000002661a      0x12a Src/main.o
 .debug_macro   0x0000000000026744       0x10 Src/main.o
 .debug_macro   0x0000000000026754       0x1c Src/main.o
 .debug_macro   0x0000000000026770       0x52 Src/main.o
 .debug_macro   0x00000000000267c2       0x22 Src/main.o
 .debug_macro   0x00000000000267e4       0x10 Src/main.o
 .debug_macro   0x00000000000267f4       0x40 Src/main.o
 .debug_macro   0x0000000000026834       0xd5 Src/main.o
 .debug_macro   0x0000000000026909       0x1c Src/main.o
 .debug_macro   0x0000000000026925       0x3d Src/main.o
 .debug_macro   0x0000000000026962       0x16 Src/main.o
 .debug_macro   0x0000000000026978      0x145 Src/main.o
 .debug_macro   0x0000000000026abd       0xd9 Src/main.o
 .debug_macro   0x0000000000026b96       0x5d Src/main.o
 .debug_macro   0x0000000000026bf3      0x245 Src/qbuffer.o
 .debug_macro   0x0000000000026e38       0x22 Src/qbuffer.o
 .debug_macro   0x0000000000026e5a       0x4c Src/qbuffer.o
 .debug_macro   0x0000000000026ea6       0x16 Src/qbuffer.o
 .debug_macro   0x0000000000026ebc       0x35 Src/qbuffer.o
 .debug_macro   0x0000000000026ef1       0x20 Src/qbuffer.o
 .debug_macro   0x0000000000026f11       0x16 Src/qbuffer.o
 .debug_macro   0x0000000000026f27       0x16 Src/qbuffer.o
 .debug_macro   0x0000000000026f3d       0x29 Src/qbuffer.o
 .debug_macro   0x0000000000026f66      0x24c Src/syscalls.o
 .debug_macro   0x00000000000271b2       0x10 Src/syscalls.o
 .debug_macro   0x00000000000271c2       0x10 Src/syscalls.o
 .debug_macro   0x00000000000271d2       0x10 Src/syscalls.o
 .debug_macro   0x00000000000271e2       0x35 Src/syscalls.o
 .debug_macro   0x0000000000027217      0x12c Src/syscalls.o
 .debug_macro   0x0000000000027343       0x10 Src/syscalls.o
 .debug_macro   0x0000000000027353      0x241 Src/syscalls.o
 .debug_macro   0x0000000000027594       0x1c Src/syscalls.o
 .debug_macro   0x00000000000275b0       0x10 Src/syscalls.o
 .debug_macro   0x00000000000275c0      0x189 Src/syscalls.o
 .debug_macro   0x0000000000027749       0x16 Src/syscalls.o
 .debug_macro   0x000000000002775f       0xce Src/syscalls.o
 .debug_macro   0x000000000002782d       0xff Src/sysmem.o
 .debug_macro   0x000000000002792c      0x23b Src/sysmem.o
 .debug_macro   0x0000000000027b67      0x3d0 Src/usart.o
 .debug_macro   0x0000000000027f37       0x52 Src/usart.o
 .debug_macro   0x0000000000027f89      0x333 Src/usart.o
 .debug_macro   0x00000000000282bc      0x1f8 Src/lib/cube_f767/Drivers/STM32F7xx_HAL_Driver/Src/stm32f7xx_hal.o
 .debug_macro   0x00000000000284b4      0x1d4 Src/lib/cube_f767/Drivers/STM32F7xx_HAL_Driver/Src/stm32f7xx_hal_cortex.o
 .debug_macro   0x0000000000028688      0x1da Src/lib/cube_f767/Drivers/STM32F7xx_HAL_Driver/Src/stm32f7xx_hal_dma.o
 .debug_macro   0x0000000000028862      0x20a Src/lib/cube_f767/Drivers/STM32F7xx_HAL_Driver/Src/stm32f7xx_hal_gpio.o
 .debug_macro   0x0000000000028a6c      0x1f2 Src/lib/cube_f767/Drivers/STM32F7xx_HAL_Driver/Src/stm32f7xx_hal_pwr.o
 .debug_macro   0x0000000000028c5e      0x1ec Src/lib/cube_f767/Drivers/STM32F7xx_HAL_Driver/Src/stm32f7xx_hal_pwr_ex.o
 .debug_macro   0x0000000000028e4a      0x1f8 Src/lib/cube_f767/Drivers/STM32F7xx_HAL_Driver/Src/stm32f7xx_hal_rcc.o
 .debug_macro   0x0000000000029042      0x1d4 Src/lib/cube_f767/Drivers/STM32F7xx_HAL_Driver/Src/stm32f7xx_hal_rcc_ex.o
 .debug_macro   0x0000000000029216      0x20a Src/lib/cube_f767/Drivers/STM32F7xx_HAL_Driver/Src/stm32f7xx_hal_uart.o
 .debug_macro   0x0000000000029420      0x106 Src/lib/cube_f767/Drivers/STM32F7xx_HAL_Driver/Src/stm32f7xx_hal_uart.o

.debug_line     0x0000000000000000     0xcec6
 .debug_line    0x0000000000000000      0x893 Src/BSP/stm32f7xx_hal_msp.o
 .debug_line    0x0000000000000893      0x96d Src/BSP/stm32f7xx_it.o
 .debug_line    0x0000000000001200      0x58d Src/BSP/system_stm32f7xx.o
 .debug_line    0x000000000000178d      0xbc0 Src/main.o
 .debug_line    0x000000000000234d      0x71b Src/qbuffer.o
 .debug_line    0x0000000000002a68      0x7fd Src/syscalls.o
 .debug_line    0x0000000000003265      0x4f3 Src/sysmem.o
 .debug_line    0x0000000000003758      0xbb3 Src/usart.o
 .debug_line    0x000000000000430b      0xba2 Src/lib/cube_f767/Drivers/STM32F7xx_HAL_Driver/Src/stm32f7xx_hal.o
 .debug_line    0x0000000000004ead      0xdf8 Src/lib/cube_f767/Drivers/STM32F7xx_HAL_Driver/Src/stm32f7xx_hal_cortex.o
 .debug_line    0x0000000000005ca5     0x10c6 Src/lib/cube_f767/Drivers/STM32F7xx_HAL_Driver/Src/stm32f7xx_hal_dma.o
 .debug_line    0x0000000000006d6b      0xcf4 Src/lib/cube_f767/Drivers/STM32F7xx_HAL_Driver/Src/stm32f7xx_hal_gpio.o
 .debug_line    0x0000000000007a5f      0xa76 Src/lib/cube_f767/Drivers/STM32F7xx_HAL_Driver/Src/stm32f7xx_hal_pwr.o
 .debug_line    0x00000000000084d5      0xae7 Src/lib/cube_f767/Drivers/STM32F7xx_HAL_Driver/Src/stm32f7xx_hal_pwr_ex.o
 .debug_line    0x0000000000008fbc      0xfe4 Src/lib/cube_f767/Drivers/STM32F7xx_HAL_Driver/Src/stm32f7xx_hal_rcc.o
 .debug_line    0x0000000000009fa0      0xfc0 Src/lib/cube_f767/Drivers/STM32F7xx_HAL_Driver/Src/stm32f7xx_hal_rcc_ex.o
 .debug_line    0x000000000000af60     0x1ee3 Src/lib/cube_f767/Drivers/STM32F7xx_HAL_Driver/Src/stm32f7xx_hal_uart.o
 .debug_line    0x000000000000ce43       0x83 Startup/startup_stm32f767zitx.o

.debug_str      0x0000000000000000    0xfb87d
 .debug_str     0x0000000000000000    0xf2e00 Src/BSP/stm32f7xx_hal_msp.o
                                      0xf34d1 (size before relaxing)
 .debug_str     0x00000000000f2e00      0x4e5 Src/BSP/stm32f7xx_it.o
                                      0xf38bc (size before relaxing)
 .debug_str     0x00000000000f32e5      0x1b5 Src/BSP/system_stm32f7xx.o
                                      0xa3057 (size before relaxing)
 .debug_str     0x00000000000f349a     0x450d Src/main.o
                                      0xf7efd (size before relaxing)
 .debug_str     0x00000000000f79a7      0x32a Src/qbuffer.o
                                       0x848b (size before relaxing)
 .debug_str     0x00000000000f7cd1     0x1650 Src/syscalls.o
                                       0x8f03 (size before relaxing)
 .debug_str     0x00000000000f9321       0x66 Src/sysmem.o
                                       0x62d6 (size before relaxing)
 .debug_str     0x00000000000f9387      0x6c8 Src/usart.o
                                      0xf8447 (size before relaxing)
 .debug_str     0x00000000000f9a4f      0x3d4 Src/lib/cube_f767/Drivers/STM32F7xx_HAL_Driver/Src/stm32f7xx_hal.o
                                      0xf3bbf (size before relaxing)
 .debug_str     0x00000000000f9e23      0x3a1 Src/lib/cube_f767/Drivers/STM32F7xx_HAL_Driver/Src/stm32f7xx_hal_cortex.o
                                      0xf3c2b (size before relaxing)