cli.c:567:6:cliToUpper	8	static
cli.c:626:7:cliArgsGetStr	0	static
cli.c:699:6:cliShowList	24	static
cli.c:790:6:cliMemoryWrite	32	static
cli.c:642:6:cliArgsIsStr	8	static
cli.c:610:7:cliArgsGetFloat	0	static
cli.c:594:9:cliArgsGetData	0	static
cli.c:453:6:cliLineChange.constprop	16	static
cli.c:142:6:cliOpen	0	static
cli.c:152:6:cliOpenLog	8	static
cli.c:168:6:cliLogClose	0	static
cli.c:217:10:cliAvailable	0	static
cli.c:222:9:cliRead	0	static
cli.c:227:10:cliWrite	0	static
cli.c:553:6:cliPrintf	16	static
cli.c:716:6:cliMemoryDump	48	static
cli.c:201:6:cliMain	48	static
cli.c:661:6:cliKeepLoop	8	static
cli.c:676:6:cliAdd	16	static
cli.c:116:6:cliInit	8	static
cli.c:828:6:cliMemoryDelete	48	static
