cli.c:573:6:cliToUpper	8	static
cli.c:632:7:cliArgsGetStr	0	static
cli.c:705:6:cliShowList	24	static
cli.c:796:6:cliMemoryWrite	32	static
cli.c:897:6:cliReset	8	static,ignoring_inline_asm
cli.c:648:6:cliArgsIsStr	8	static
cli.c:616:7:cliArgsGetFloat	0	static
cli.c:600:9:cliArgsGetData	0	static
cli.c:459:6:cliLineChange.constprop	16	static
cli.c:148:6:cliOpen	0	static
cli.c:158:6:cliOpenLog	8	static
cli.c:174:6:cliLogClose	0	static
cli.c:223:10:cliAvailable	0	static
cli.c:228:9:cliRead	0	static
cli.c:233:10:cliWrite	0	static
cli.c:559:6:cliPrintf	16	static
cli.c:722:6:cliMemoryDump	48	static
cli.c:207:6:cliMain	48	static
cli.c:667:6:cliKeepLoop	8	static
cli.c:682:6:cliAdd	16	static
cli.c:120:6:cliInit	8	static
cli.c:834:6:cliMemoryDelete	48	static
